<html>
<body>
<pre>
<h1>礦ision Build Log</h1>
<h2>Tool Versions:</h2>
IDE-Version: μVision V5.14.0.0
Copyright (C) 2015 ARM Ltd and ARM Germany GmbH. All rights reserved.
License Information: 1 1746415125@qq.com, 1, LIC=585FJ-URRQK-EVC1R-K1Z50-AGN93-F27MC
 
Tool Versions:
Toolchain:       MDK-ARM Standard  Version: 5.14.0.0
Toolchain Path:  E:\keil_ARM\ARM\ARMCC\Bin
C Compiler:      Armcc.exe V5.05 update 1 (build 106)
Assembler:       Armasm.exe V5.05 update 1 (build 106)
Linker/Locator:  ArmLink.exe V5.05 update 1 (build 106)
Library Manager: ArmAr.exe V5.05 update 1 (build 106)
Hex Converter:   FromElf.exe V5.05 update 1 (build 106)
CPU DLL:         SARMCM3.DLL V5.14.0.0
Dialog DLL:      DARMSTM.DLL V1.65.0.0
Target DLL:      STLink\ST-LINKIII-KEIL_SWO.dll V2.0.14.0_KEIL
Dialog DLL:      TARMSTM.DLL V1.64.0.0
 
<h2>Project:</h2>
C:\Users\17464\Desktop\STM32串口+DMA+环形FIFO例程__freertos\STM32串口+DMA+环形FIFO例程  freertos\USER\FreeRTOS.uvprojx
Project File Date:  08/06/2023

<h2>Output:</h2>
Rebuild target 'FreeRTOS'
compiling main.c...
compiling stm32f10x_it.c...
compiling system_stm32f10x.c...
compiling app_fifo.c...
compiling bsp_uart.c...
bsp_uart.c(209): warning:  #550-D: variable "temp" was set but never used
        uint32_t temp = 0;
bsp_uart.c: 1 warning, 0 errors
compiling led.c...
compiling timer.c...
compiling lcd.c...
compiling uart4.c...
..\HARDWARE\USART\uart4.c(117): warning:  #550-D: variable "temp" was set but never used
        uint32_t temp = 0;
..\HARDWARE\USART\uart4.c(9): warning:  #550-D: variable "Uart4TxSem" was set but never used
  static SemaphoreHandle_t Uart4TxSem;
..\HARDWARE\USART\uart4.c: 2 warnings, 0 errors
compiling usart2.c...
..\HARDWARE\USART\usart2.c(121): warning:  #550-D: variable "temp" was set but never used
        uint32_t temp = 0;
..\HARDWARE\USART\usart2.c: 1 warning, 0 errors
compiling usart3.c...
..\HARDWARE\USART\usart3.c(115): warning:  #550-D: variable "temp" was set but never used
        uint32_t temp = 0;
..\HARDWARE\USART\usart3.c: 1 warning, 0 errors
compiling delay.c...
compiling sys.c...
compiling usart.c...
compiling core_cm3.c...
assembling startup_stm32f10x_hd.s...
compiling misc.c...
compiling stm32f10x_gpio.c...
compiling stm32f10x_dbgmcu.c...
compiling stm32f10x_rcc.c...
compiling stm32f10x_usart.c...
compiling stm32f10x_tim.c...
compiling stm32f10x_fsmc.c...
compiling stm32f10x_dma.c...
compiling croutine.c...
compiling event_groups.c...
compiling list.c...
compiling queue.c...
compiling tasks.c...
compiling timers.c...
compiling heap_4.c...
compiling port.c...
compiling rfid.c...
compiling wifi.c...
compiling lora.c...
linking...
Program Size: Code=16892 RO-data=396 RW-data=292 ZI-data=25956  
FromELF: creating hex file...
"..\OBJ\LED.axf" - 0 Error(s), 5 Warning(s).

<h2>Collection of Component include folders:</h2>
  C:\Users\17464\Desktop\STM32串口+DMA+环形FIFO例程__freertos\STM32串口+DMA+环形FIFO例程  freertos\USER\RTE
  E:\keil_ARM\ARM\PACK\Keil\STM32F1xx_DFP\2.3.0

<h2>Collection of Component Files used:</h2>
</pre>
</body>
</html>
