<html>
<body>
<pre>
<h1>µVision Build Log</h1>
<h2>Tool Versions:</h2>
IDE-Version: ¦ÌVision V5.14.0.0
Copyright (C) 2015 ARM Ltd and ARM Germany GmbH. All rights reserved.
License Information: 1 1746415125@qq.com, 1, LIC=585FJ-URRQK-EVC1R-K1Z50-AGN93-F27MC
 
Tool Versions:
Toolchain:       MDK-ARM Standard  Version: 5.14.0.0
Toolchain Path:  E:\keil_ARM\ARM\ARMCC\Bin
C Compiler:      Armcc.exe V5.05 update 1 (build 106)
Assembler:       Armasm.exe V5.05 update 1 (build 106)
Linker/Locator:  ArmLink.exe V5.05 update 1 (build 106)
Library Manager: ArmAr.exe V5.05 update 1 (build 106)
Hex Converter:   FromElf.exe V5.05 update 1 (build 106)
CPU DLL:         SARMCM3.DLL V5.14.0.0
Dialog DLL:      DARMSTM.DLL V1.65.0.0
Target DLL:      STLink\ST-LINKIII-KEIL_SWO.dll V2.0.14.0_KEIL
Dialog DLL:      TARMSTM.DLL V1.64.0.0
 
<h2>Project:</h2>
C:\Users\17464\Desktop\ROTS-Zet6\USER\FreeRTOS.uvprojx
Project File Date:  09/05/2023

<h2>Output:</h2>
Build target 'FreeRTOS'
compiling main.c...
linking...
Program Size: Code=18160 RO-data=396 RW-data=300 ZI-data=27020  
FromELF: creating hex file...
"..\OBJ\LED.axf" - 0 Error(s), 0 Warning(s).

<h2>Collection of Component include folders:</h2>
  C:\Users\17464\Desktop\ROTS-Zet6\USER\RTE
  E:\keil_ARM\ARM\PACK\Keil\STM32F1xx_DFP\2.3.0

<h2>Collection of Component Files used:</h2>
</pre>
</body>
</html>
