Component: ARM Compiler 5.05 update 1 (build 106) Tool: armlink [4d0efa]

==============================================================================

Section Cross References

    main.o(i.Lora_task) refers to queue.o(i.xQueueCreateCountingSemaphore) for xQueueCreateCountingSemaphore
    main.o(i.Lora_task) refers to usart2.o(i.Usart2_Init) for Usart2_Init
    main.o(i.Lora_task) refers to lora.o(i.LoRa_Init) for LoRa_Init
    main.o(i.Lora_task) refers to tasks.o(i.xTaskCreate) for xTaskCreate
    main.o(i.Lora_task) refers to rt_memclr_w.o(.text) for __aeabi_memclr4
    main.o(i.Lora_task) refers to queue.o(i.xQueueGenericReceive) for xQueueGenericReceive
    main.o(i.Lora_task) refers to delay.o(i.delay_ms) for delay_ms
    main.o(i.Lora_task) refers to app_fifo.o(i.Fifo_Get) for Fifo_Get
    main.o(i.Lora_task) refers to strlen.o(.text) for strlen
    main.o(i.Lora_task) refers to wifi.o(i.ESP8266_MQTT_Pub) for ESP8266_MQTT_Pub
    main.o(i.Lora_task) refers to main.o(.data) for .data
    main.o(i.Lora_task) refers to main.o(i.Rfid_task) for Rfid_task
    main.o(i.Lora_task) refers to main.o(i.sendRfidCmd_task) for sendRfidCmd_task
    main.o(i.Lora_task) refers to usart2.o(.bss) for Usart2_Rx_Fifo
    main.o(i.Rfid_task) refers to usart3.o(i.usart3_init) for usart3_init
    main.o(i.Rfid_task) refers to queue.o(i.xQueueCreateCountingSemaphore) for xQueueCreateCountingSemaphore
    main.o(i.Rfid_task) refers to queue.o(i.xQueueGenericReceive) for xQueueGenericReceive
    main.o(i.Rfid_task) refers to rfid.o(i.ReadId) for ReadId
    main.o(i.Rfid_task) refers to main.o(.data) for .data
    main.o(i.Wifi_task) refers to _printf_percent.o(.ARM.Collect$$_printf_percent$$00000000) for _printf_percent
    main.o(i.Wifi_task) refers to _printf_s.o(.ARM.Collect$$_printf_percent$$00000014) for _printf_s
    main.o(i.Wifi_task) refers to _printf_str.o(.text) for _printf_str
    main.o(i.Wifi_task) refers to queue.o(i.xQueueCreateCountingSemaphore) for xQueueCreateCountingSemaphore
    main.o(i.Wifi_task) refers to uart4.o(i.Uart4_Init) for Uart4_Init
    main.o(i.Wifi_task) refers to wifi.o(i.Connect_MQTT) for Connect_MQTT
    main.o(i.Wifi_task) refers to tasks.o(i.xTaskCreate) for xTaskCreate
    main.o(i.Wifi_task) refers to queue.o(i.xQueueGenericReceive) for xQueueGenericReceive
    main.o(i.Wifi_task) refers to rt_memclr_w.o(.text) for __aeabi_memclr4
    main.o(i.Wifi_task) refers to app_fifo.o(i.Fifo_Get) for Fifo_Get
    main.o(i.Wifi_task) refers to strstr.o(.text) for strstr
    main.o(i.Wifi_task) refers to noretval__2printf.o(.text) for __2printf
    main.o(i.Wifi_task) refers to usart2.o(i.Usart2_Send) for Usart2_Send
    main.o(i.Wifi_task) refers to queue.o(i.xQueueGenericSend) for xQueueGenericSend
    main.o(i.Wifi_task) refers to main.o(.data) for .data
    main.o(i.Wifi_task) refers to main.o(i.Lora_task) for Lora_task
    main.o(i.Wifi_task) refers to uart4.o(.bss) for Uart4_Rx_Fifo
    main.o(i.main) refers to misc.o(i.NVIC_PriorityGroupConfig) for NVIC_PriorityGroupConfig
    main.o(i.main) refers to delay.o(i.delay_init) for delay_init
    main.o(i.main) refers to bsp_uart.o(i.Usart1_Init) for Usart1_Init
    main.o(i.main) refers to queue.o(i.xQueueCreateMutex) for xQueueCreateMutex
    main.o(i.main) refers to tasks.o(i.xTaskCreate) for xTaskCreate
    main.o(i.main) refers to tasks.o(i.vTaskStartScheduler) for vTaskStartScheduler
    main.o(i.main) refers to main.o(.data) for .data
    main.o(i.main) refers to main.o(i.Wifi_task) for Wifi_task
    main.o(i.sendRfidCmd_task) refers to rfid.o(i.RFID_CMD) for RFID_CMD
    system_stm32f10x.o(i.SystemCoreClockUpdate) refers to system_stm32f10x.o(.data) for .data
    system_stm32f10x.o(i.SystemInit) refers to system_stm32f10x.o(i.SetSysClockTo72) for SetSysClockTo72
    bsp_uart.o(i.USART1_IRQHandler) refers to stm32f10x_usart.o(i.USART_GetITStatus) for USART_GetITStatus
    bsp_uart.o(i.USART1_IRQHandler) refers to stm32f10x_dma.o(i.DMA_GetCurrDataCounter) for DMA_GetCurrDataCounter
    bsp_uart.o(i.USART1_IRQHandler) refers to queue.o(i.xQueueGiveFromISR) for xQueueGiveFromISR
    bsp_uart.o(i.USART1_IRQHandler) refers to stm32f10x_usart.o(i.USART_ClearITPendingBit) for USART_ClearITPendingBit
    bsp_uart.o(i.USART1_IRQHandler) refers to stm32f10x_dma.o(i.DMA_Cmd) for DMA_Cmd
    bsp_uart.o(i.USART1_IRQHandler) refers to bsp_uart.o(.bss) for .bss
    bsp_uart.o(i.USART1_IRQHandler) refers to main.o(.data) for xSemaphore
    bsp_uart.o(i.USART1_IRQHandler) refers to bsp_uart.o(.data) for .data
    bsp_uart.o(i.Usart1_Init) refers to stm32f10x_rcc.o(i.RCC_APB2PeriphClockCmd) for RCC_APB2PeriphClockCmd
    bsp_uart.o(i.Usart1_Init) refers to stm32f10x_gpio.o(i.GPIO_Init) for GPIO_Init
    bsp_uart.o(i.Usart1_Init) refers to misc.o(i.NVIC_Init) for NVIC_Init
    bsp_uart.o(i.Usart1_Init) refers to stm32f10x_usart.o(i.USART_Init) for USART_Init
    bsp_uart.o(i.Usart1_Init) refers to stm32f10x_usart.o(i.USART_ITConfig) for USART_ITConfig
[...]
    .text                                    0x08000944   Section        8  libspace.o(.text)
    i.BusFault_Handler                       0x0800094c   Section        0  stm32f10x_it.o(i.BusFault_Handler)
    i.Connect_MQTT                           0x08000950   Section        0  wifi.o(i.Connect_MQTT)
    i.DMA_ClearFlag                          0x08000a68   Section        0  stm32f10x_dma.o(i.DMA_ClearFlag)
    i.DMA_Cmd                                0x08000a80   Section        0  stm32f10x_dma.o(i.DMA_Cmd)
    i.DMA_DeInit                             0x08000a98   Section        0  stm32f10x_dma.o(i.DMA_DeInit)
    i.DMA_GetCurrDataCounter                 0x08000b7c   Section        0  stm32f10x_dma.o(i.DMA_GetCurrDataCounter)
    i.DMA_Init                               0x08000b82   Section        0  stm32f10x_dma.o(i.DMA_Init)
    i.DebugMon_Handler                       0x08000bbc   Section        0  stm32f10x_it.o(i.DebugMon_Handler)
    i.ESP8266_Connect_IP                     0x08000bc0   Section        0  wifi.o(i.ESP8266_Connect_IP)
    i.ESP8266_Connect_WIFI                   0x08000d4c   Section        0  wifi.o(i.ESP8266_Connect_WIFI)
    i.ESP8266_MQTT_Pub                       0x08000dfc   Section        0  wifi.o(i.ESP8266_MQTT_Pub)
    i.ESP8266_MQTT_SUB                       0x08000f5c   Section        0  wifi.o(i.ESP8266_MQTT_SUB)
    i.ESP8266_SetStation                     0x08001010   Section        0  wifi.o(i.ESP8266_SetStation)
    i.Fifo_Get                               0x08001090   Section        0  app_fifo.o(i.Fifo_Get)
    i.Fifo_Init                              0x080010e0   Section        0  app_fifo.o(i.Fifo_Init)
    i.GPIO_Init                              0x080010ec   Section        0  stm32f10x_gpio.o(i.GPIO_Init)
    i.GPIO_PinRemapConfig                    0x08001188   Section        0  stm32f10x_gpio.o(i.GPIO_PinRemapConfig)
    i.HardFault_Handler                      0x080011e0   Section        0  stm32f10x_it.o(i.HardFault_Handler)
    i.LoRa_Init                              0x080011e4   Section        0  lora.o(i.LoRa_Init)
    i.LoRa_Set                               0x0800132c   Section        0  lora.o(i.LoRa_Set)
    i.Lora_task                              0x080016bc   Section        0  main.o(i.Lora_task)
    i.MemManage_Handler                      0x0800176c   Section        0  stm32f10x_it.o(i.MemManage_Handler)
    i.NMI_Handler                            0x0800176e   Section        0  stm32f10x_it.o(i.NMI_Handler)
    i.NVIC_Init                              0x08001770   Section        0  misc.o(i.NVIC_Init)
    i.NVIC_PriorityGroupConfig               0x080017d4   Section        0  misc.o(i.NVIC_PriorityGroupConfig)
    i.RCC_AHBPeriphClockCmd                  0x080017e8   Section        0  stm32f10x_rcc.o(i.RCC_AHBPeriphClockCmd)
    i.RCC_APB1PeriphClockCmd                 0x08001800   Section        0  stm32f10x_rcc.o(i.RCC_APB1PeriphClockCmd)
    i.RCC_APB1PeriphResetCmd                 0x08001818   Section        0  stm32f10x_rcc.o(i.RCC_APB1PeriphResetCmd)
    i.RCC_APB2PeriphClockCmd                 0x08001830   Section        0  stm32f10x_rcc.o(i.RCC_APB2PeriphClockCmd)
    i.RCC_APB2PeriphResetCmd                 0x08001848   Section        0  stm32f10x_rcc.o(i.RCC_APB2PeriphResetCmd)
    i.RCC_GetClocksFreq                      0x08001860   Section        0  stm32f10x_rcc.o(i.RCC_GetClocksFreq)
    i.RFID_CMD                               0x080018f4   Section        0  rfid.o(i.RFID_CMD)
    i.ReadId                                 0x08001914   Section        0  rfid.o(i.ReadId)
    i.Rfid_task                              0x08001980   Section        0  main.o(i.Rfid_task)
    i.Send_AtCmd                             0x080019b0   Section        0  wifi.o(i.Send_AtCmd)
    i.SetSysClockTo72                        0x080019d4   Section        0  system_stm32f10x.o(i.SetSysClockTo72)
    SetSysClockTo72                          0x080019d5   Thumb Code   160  system_stm32f10x.o(i.SetSysClockTo72)
    i.SysTick_CLKSourceConfig                0x08001a7c   Section        0  misc.o(i.SysTick_CLKSourceConfig)
    i.SysTick_Handler                        0x08001a94   Section        0  delay.o(i.SysTick_Handler)
    i.SystemInit                             0x08001aa8   Section        0  system_stm32f10x.o(i.SystemInit)
    i.TIM3_IRQHandler                        0x08001af8   Section        0  timer.o(i.TIM3_IRQHandler)
    i.TIM5_IRQHandler                        0x08001b34   Section        0  timer.o(i.TIM5_IRQHandler)
    i.TIM_ClearITPendingBit                  0x08001b70   Section        0  stm32f10x_tim.o(i.TIM_ClearITPendingBit)
    i.TIM_GetITStatus                        0x08001b76   Section        0  stm32f10x_tim.o(i.TIM_GetITStatus)
    i.TxCheckSum                             0x08001b8e   Section        0  rfid.o(i.TxCheckSum)
    i.UART4_IRQHandler                       0x08001bb0   Section        0  uart4.o(i.UART4_IRQHandler)
    i.USART1_IRQHandler                      0x08001c60   Section        0  bsp_uart.o(i.USART1_IRQHandler)
    i.USART2_IRQHandler                      0x08001cec   Section        0  usart2.o(i.USART2_IRQHandler)
    i.USART3_IRQHandler                      0x08001d78   Section        0  usart3.o(i.USART3_IRQHandler)
    i.USART_ClearITPendingBit                0x08001e10   Section        0  stm32f10x_usart.o(i.USART_ClearITPendingBit)
    i.USART_Cmd                              0x08001e1c   Section        0  stm32f10x_usart.o(i.USART_Cmd)
    i.USART_DMACmd                           0x08001e30   Section        0  stm32f10x_usart.o(i.USART_DMACmd)
    i.USART_DeInit                           0x08001e40   Section        0  stm32f10x_usart.o(i.USART_DeInit)
    i.USART_GetITStatus                      0x08001eb4   Section        0  stm32f10x_usart.o(i.USART_GetITStatus)
    i.USART_ITConfig                         0x08001ef2   Section        0  stm32f10x_usart.o(i.USART_ITConfig)
    i.USART_Init                             0x08001f24   Section        0  stm32f10x_usart.o(i.USART_Init)
    i.Uart4_Init                             0x08001fd0   Section        0  uart4.o(i.Uart4_Init)
    i.Uart4_Send                             0x08002140   Section        0  uart4.o(i.Uart4_Send)
    i.UsageFault_Handler                     0x08002188   Section        0  stm32f10x_it.o(i.UsageFault_Handler)
    i.Usart1_Init                            0x0800218c   Section        0  bsp_uart.o(i.Usart1_Init)
    i.Usart2_Init                            0x080022ec   Section        0  usart2.o(i.Usart2_Init)
    i.Usart2_Send                            0x0800245c   Section        0  usart2.o(i.Usart2_Send)
    i.Usart3_Send                            0x080024c8   Section        0  usart3.o(i.Usart3_Send)
    i.Wifi_task                              0x0800252c   Section        0  main.o(i.Wifi_task)
    i._is_digit                              0x080025e8   Section        0  __printf_wp.o(i._is_digit)
    i._sys_exit                              0x080025f6   Section        0  usart.o(i._sys_exit)
    i.delay_init                             0x080025f8   Section        0  delay.o(i.delay_init)
    i.delay_ms                               0x08002640   Section        0  delay.o(i.delay_ms)
    i.delay_us                               0x08002678   Section        0  delay.o(i.delay_us)
    i.fputc                                  0x080026ac   Section        0  usart.o(i.fputc)
    i.main                                   0x080026c4   Section        0  main.o(i.main)
    i.prvAddCurrentTaskToDelayedList         0x08002710   Section        0  tasks.o(i.prvAddCurrentTaskToDelayedList)
    prvAddCurrentTaskToDelayedList           0x08002711   Thumb Code   102  tasks.o(i.prvAddCurrentTaskToDelayedList)
    i.prvAddNewTaskToReadyList               0x08002780   Section        0  tasks.o(i.prvAddNewTaskToReadyList)
    prvAddNewTaskToReadyList                 0x08002781   Thumb Code   192  tasks.o(i.prvAddNewTaskToReadyList)
    i.prvCheckForValidListAndQueue           0x08002850   Section        0  timers.o(i.prvCheckForValidListAndQueue)
    prvCheckForValidListAndQueue             0x08002851   Thumb Code    62  timers.o(i.prvCheckForValidListAndQueue)
    i.prvCheckTasksWaitingTermination        0x080028a0   Section        0  tasks.o(i.prvCheckTasksWaitingTermination)
    prvCheckTasksWaitingTermination          0x080028a1   Thumb Code    74  tasks.o(i.prvCheckTasksWaitingTermination)
    i.prvCopyDataFromQueue                   0x080028f4   Section        0  queue.o(i.prvCopyDataFromQueue)
    prvCopyDataFromQueue                     0x080028f5   Thumb Code    38  queue.o(i.prvCopyDataFromQueue)
    i.prvCopyDataToQueue                     0x0800291a   Section        0  queue.o(i.prvCopyDataToQueue)
    prvCopyDataToQueue                       0x0800291b   Thumb Code   108  queue.o(i.prvCopyDataToQueue)
    i.prvDeleteTCB                           0x08002986   Section        0  tasks.o(i.prvDeleteTCB)
    prvDeleteTCB                             0x08002987   Thumb Code    20  tasks.o(i.prvDeleteTCB)
    i.prvHeapInit                            0x0800299c   Section        0  heap_4.o(i.prvHeapInit)
    prvHeapInit                              0x0800299d   Thumb Code    66  heap_4.o(i.prvHeapInit)
    i.prvIdleTask                            0x080029e8   Section        0  tasks.o(i.prvIdleTask)
    prvIdleTask                              0x080029e9   Thumb Code    30  tasks.o(i.prvIdleTask)
    i.prvInitialiseNewTask                   0x08002a10   Section        0  tasks.o(i.prvInitialiseNewTask)
    prvInitialiseNewTask                     0x08002a11   Thumb Code   154  tasks.o(i.prvInitialiseNewTask)
    i.prvInsertBlockIntoFreeList             0x08002ad0   Section        0  heap_4.o(i.prvInsertBlockIntoFreeList)
    prvInsertBlockIntoFreeList               0x08002ad1   Thumb Code    72  heap_4.o(i.prvInsertBlockIntoFreeList)
    i.prvInsertTimerInActiveList             0x08002b1c   Section        0  timers.o(i.prvInsertTimerInActiveList)
    prvInsertTimerInActiveList               0x08002b1d   Thumb Code    52  timers.o(i.prvInsertTimerInActiveList)
    i.prvIsQueueEmpty                        0x08002b54   Section        0  queue.o(i.prvIsQueueEmpty)
    prvIsQueueEmpty                          0x08002b55   Thumb Code    26  queue.o(i.prvIsQueueEmpty)
    i.prvNotifyQueueSetContainer             0x08002b70   Section        0  queue.o(i.prvNotifyQueueSetContainer)
    prvNotifyQueueSetContainer               0x08002b71   Thumb Code   108  queue.o(i.prvNotifyQueueSetContainer)
    i.prvProcessExpiredTimer                 0x08002c00   Section        0  timers.o(i.prvProcessExpiredTimer)
    prvProcessExpiredTimer                   0x08002c01   Thumb Code    86  timers.o(i.prvProcessExpiredTimer)
    i.prvProcessReceivedCommands             0x08002c60   Section        0  timers.o(i.prvProcessReceivedCommands)
    prvProcessReceivedCommands               0x08002c61   Thumb Code   196  timers.o(i.prvProcessReceivedCommands)
    i.prvProcessTimerOrBlockTask             0x08002d50   Section        0  timers.o(i.prvProcessTimerOrBlockTask)
    prvProcessTimerOrBlockTask               0x08002d51   Thumb Code    98  timers.o(i.prvProcessTimerOrBlockTask)
    i.prvResetNextTaskUnblockTime            0x08002dbc   Section        0  tasks.o(i.prvResetNextTaskUnblockTime)
    prvResetNextTaskUnblockTime              0x08002dbd   Thumb Code    26  tasks.o(i.prvResetNextTaskUnblockTime)
    i.prvSampleTimeNow                       0x08002ddc   Section        0  timers.o(i.prvSampleTimeNow)
    prvSampleTimeNow                         0x08002ddd   Thumb Code    36  timers.o(i.prvSampleTimeNow)
    i.prvSwitchTimerLists                    0x08002e04   Section        0  timers.o(i.prvSwitchTimerLists)
    prvSwitchTimerLists                      0x08002e05   Thumb Code   100  timers.o(i.prvSwitchTimerLists)
    i.prvTaskExitError                       0x08002e70   Section        0  port.o(i.prvTaskExitError)
    prvTaskExitError                         0x08002e71   Thumb Code    34  port.o(i.prvTaskExitError)
    i.prvTimerTask                           0x08002ed4   Section        0  timers.o(i.prvTimerTask)
    prvTimerTask                             0x08002ed5   Thumb Code    34  timers.o(i.prvTimerTask)
    i.prvUnlockQueue                         0x08002efc   Section        0  queue.o(i.prvUnlockQueue)
    prvUnlockQueue                           0x08002efd   Thumb Code   120  queue.o(i.prvUnlockQueue)
    i.pvPortMalloc                           0x08002f74   Section        0  heap_4.o(i.pvPortMalloc)
    i.pvTaskIncrementMutexHeldCount          0x08003088   Section        0  tasks.o(i.pvTaskIncrementMutexHeldCount)
    i.pxPortInitialiseStack                  0x080030a0   Section        0  port.o(i.pxPortInitialiseStack)
    i.sendRfidCmd_task                       0x080030c4   Section        0  main.o(i.sendRfidCmd_task)
    i.usart3_init                            0x080030cc   Section        0  usart3.o(i.usart3_init)
    i.uxListRemove                           0x08003238   Section        0  list.o(i.uxListRemove)
    i.vListInitialise                        0x0800325c   Section        0  list.o(i.vListInitialise)
    i.vListInitialiseItem                    0x08003272   Section        0  list.o(i.vListInitialiseItem)
    i.vListInsert                            0x08003278   Section        0  list.o(i.vListInsert)
    i.vListInsertEnd                         0x080032a8   Section        0  list.o(i.vListInsertEnd)
    i.vPortEnterCritical                     0x080032c0   Section        0  port.o(i.vPortEnterCritical)
    i.vPortExitCritical                      0x08003338   Section        0  port.o(i.vPortExitCritical)
    i.vPortFree                              0x0800339c   Section        0  heap_4.o(i.vPortFree)
    i.vPortSetupTimerInterrupt               0x08003438   Section        0  port.o(i.vPortSetupTimerInterrupt)
    i.vPortValidateInterruptPriority         0x08003458   Section        0  port.o(i.vPortValidateInterruptPriority)
    i.vQueueAddToRegistry                    0x080034e4   Section        0  queue.o(i.vQueueAddToRegistry)
    i.vQueueWaitForMessageRestricted         0x08003508   Section        0  queue.o(i.vQueueWaitForMessageRestricted)
    i.vTaskDelay                             0x0800354c   Section        0  tasks.o(i.vTaskDelay)
    i.vTaskMissedYield                       0x080035b8   Section        0  tasks.o(i.vTaskMissedYield)
    i.vTaskPlaceOnEventList                  0x080035c4   Section        0  tasks.o(i.vTaskPlaceOnEventList)
    i.vTaskPlaceOnEventListRestricted        0x08003618   Section        0  tasks.o(i.vTaskPlaceOnEventListRestricted)
    i.vTaskPriorityInherit                   0x08003674   Section        0  tasks.o(i.vTaskPriorityInherit)
    i.vTaskSetTimeOutState                   0x080036f8   Section        0  tasks.o(i.vTaskSetTimeOutState)
    i.vTaskStartScheduler                    0x08003740   Section        0  tasks.o(i.vTaskStartScheduler)
    i.vTaskSuspendAll                        0x080037d4   Section        0  tasks.o(i.vTaskSuspendAll)
    i.vTaskSwitchContext                     0x080037e4   Section        0  tasks.o(i.vTaskSwitchContext)
    i.xPortStartScheduler                    0x08003860   Section        0  port.o(i.xPortStartScheduler)
    i.xPortSysTickHandler                    0x080038d8   Section        0  port.o(i.xPortSysTickHandler)
    i.xQueueCreateCountingSemaphore          0x08003904   Section        0  queue.o(i.xQueueCreateCountingSemaphore)
    i.xQueueCreateMutex                      0x08003960   Section        0  queue.o(i.xQueueCreateMutex)
    i.xQueueGenericCreate                    0x08003984   Section        0  queue.o(i.xQueueGenericCreate)
    i.xQueueGenericReceive                   0x080039fc   Section        0  queue.o(i.xQueueGenericReceive)
    i.xQueueGenericReset                     0x08003b80   Section        0  queue.o(i.xQueueGenericReset)
    i.xQueueGenericSend                      0x08003c28   Section        0  queue.o(i.xQueueGenericSend)
    i.xQueueGenericSendFromISR               0x08003db0   Section        0  queue.o(i.xQueueGenericSendFromISR)
    i.xQueueGiveFromISR                      0x08003e90   Section        0  queue.o(i.xQueueGiveFromISR)
    i.xTaskCheckForTimeOut                   0x08003f58   Section        0  tasks.o(i.xTaskCheckForTimeOut)
    i.xTaskCreate                            0x08003fe0   Section        0  tasks.o(i.xTaskCreate)
    i.xTaskGetSchedulerState                 0x08004038   Section        0  tasks.o(i.xTaskGetSchedulerState)
    i.xTaskGetTickCount                      0x08004054   Section        0  tasks.o(i.xTaskGetTickCount)
    i.xTaskIncrementTick                     0x08004060   Section        0  tasks.o(i.xTaskIncrementTick)
    i.xTaskPriorityDisinherit                0x08004148   Section        0  tasks.o(i.xTaskPriorityDisinherit)
    i.xTaskRemoveFromEventList               0x080041fc   Section        0  tasks.o(i.xTaskRemoveFromEventList)
    i.xTaskResumeAll                         0x08004294   Section        0  tasks.o(i.xTaskResumeAll)
    i.xTimerCreate                           0x08004378   Section        0  timers.o(i.xTimerCreate)
    i.xTimerCreateTimerTask                  0x080043ec   Section        0  timers.o(i.xTimerCreateTimerTask)
    i.xTimerGenericCommand                   0x08004460   Section        0  timers.o(i.xTimerGenericCommand)
    .constdata                               0x080044f0   Section       40  _printf_hex_int.o(.constdata)
    uc_hextab                                0x080044f0   Data          20  _printf_hex_int.o(.constdata)
    lc_hextab                                0x08004504   Data          20  _printf_hex_int.o(.constdata)
    .constdata                               0x08004518   Section       17  __printf_flags_wp.o(.constdata)
    maptable                                 0x08004518   Data          17  __printf_flags_wp.o(.constdata)
    .data                                    0x20000000   Section       36  main.o(.data)
    .data                                    0x20000024   Section        4  main.o(.data)
    .data                                    0x20000028   Section       20  system_stm32f10x.o(.data)
    .data                                    0x2000003c   Section        8  bsp_uart.o(.data)
    Uart1TxSem                               0x2000003c   Data           4  bsp_uart.o(.data)
    Uart1TxWaitSem                           0x20000040   Data           4  bsp_uart.o(.data)
    .data                                    0x20000044   Section        4  uart4.o(.data)
    Uart4TxWaitSem                           0x20000044   Data           4  uart4.o(.data)
    .data                                    0x20000048   Section        8  usart2.o(.data)
    Usart2TxSem                              0x20000048   Data           4  usart2.o(.data)
    Usart2TxWaitSem                          0x2000004c   Data           4  usart2.o(.data)
    .data                                    0x20000050   Section       12  usart3.o(.data)
    init                                     0x20000050   Data           4  usart3.o(.data)
    Usart3TxSem                              0x20000054   Data           4  usart3.o(.data)
    Usart3TxWaitSem                          0x20000058   Data           4  usart3.o(.data)
    .data                                    0x2000005c   Section        4  delay.o(.data)
    fac_us                                   0x2000005c   Data           1  delay.o(.data)
    fac_ms                                   0x2000005e   Data           2  delay.o(.data)
    .data                                    0x20000060   Section        4  usart.o(.data)
    .data                                    0x20000064   Section       20  stm32f10x_rcc.o(.data)
    ADCPrescTable                            0x20000064   Data           4  stm32f10x_rcc.o(.data)
    APBAHBPrescTable                         0x20000068   Data          16  stm32f10x_rcc.o(.data)
    .data                                    0x20000078   Section       60  tasks.o(.data)
    uxDeletedTasksWaitingCleanUp             0x2000007c   Data           4  tasks.o(.data)
    uxCurrentNumberOfTasks                   0x20000080   Data           4  tasks.o(.data)
    xTickCount                               0x20000084   Data           4  tasks.o(.data)
    uxTopReadyPriority                       0x20000088   Data           4  tasks.o(.data)
    xSchedulerRunning                        0x2000008c   Data           4  tasks.o(.data)
    uxPendedTicks                            0x20000090   Data           4  tasks.o(.data)
    xYieldPending                            0x20000094   Data           4  tasks.o(.data)
    xNumOfOverflows                          0x20000098   Data           4  tasks.o(.data)
    uxTaskNumber                             0x2000009c   Data           4  tasks.o(.data)
    xNextTaskUnblockTime                     0x200000a0   Data           4  tasks.o(.data)
    xIdleTaskHandle                          0x200000a4   Data           4  tasks.o(.data)
    uxSchedulerSuspended                     0x200000a8   Data           4  tasks.o(.data)
    pxDelayedTaskList                        0x200000ac   Data           4  tasks.o(.data)
    pxOverflowDelayedTaskList                0x200000b0   Data           4  tasks.o(.data)
    .data                                    0x200000b4   Section       20  timers.o(.data)
    xTimerQueue                              0x200000b4   Data           4  timers.o(.data)
    xTimerTaskHandle                         0x200000b8   Data           4  timers.o(.data)
    xLastTime                                0x200000bc   Data           4  timers.o(.data)
    pxCurrentTimerList                       0x200000c0   Data           4  timers.o(.data)
    pxOverflowTimerList                      0x200000c4   Data           4  timers.o(.data)
    .data                                    0x200000c8   Section       24  heap_4.o(.data)
    pxEnd                                    0x200000c8   Data           4  heap_4.o(.data)
    xFreeBytesRemaining                      0x200000cc   Data           4  heap_4.o(.data)
    xMinimumEverFreeBytesRemaining           0x200000d0   Data           4  heap_4.o(.data)
    xBlockAllocatedBit                       0x200000d4   Data           4  heap_4.o(.data)
    xStart                                   0x200000d8   Data           8  heap_4.o(.data)
    .data                                    0x200000e0   Section       12  port.o(.data)
    ucMaxSysCallPriority                     0x200000e0   Data           1  port.o(.data)
    uxCriticalNesting                        0x200000e4   Data           4  port.o(.data)
    ulMaxPRIGROUPValue                       0x200000e8   Data           4  port.o(.data)
    .data                                    0x200000ec   Section       48  rfid.o(.data)
    .data                                    0x2000011c   Section        1  wifi.o(.data)
    .data                                    0x2000011e   Section       10  lora.o(.data)
    .bss                                     0x20000128   Section      524  bsp_uart.o(.bss)
    .bss                                     0x20000334   Section      112  uart4.o(.bss)
    .bss                                     0x200003a4   Section     1036  usart2.o(.bss)
    .bss                                     0x200007b0   Section     1036  usart3.o(.bss)
    .bss                                     0x20000bbc   Section       64  queue.o(.bss)
    .bss                                     0x20000bfc   Section      740  tasks.o(.bss)
    pxReadyTasksLists                        0x20000bfc   Data         640  tasks.o(.bss)
    xDelayedTaskList1                        0x20000e7c   Data          20  tasks.o(.bss)
    xDelayedTaskList2                        0x20000e90   Data          20  tasks.o(.bss)
    xPendingReadyList                        0x20000ea4   Data          20  tasks.o(.bss)
    xTasksWaitingTermination                 0x20000eb8   Data          20  tasks.o(.bss)
    xSuspendedTaskList                       0x20000ecc   Data          20  tasks.o(.bss)
    .bss                                     0x20000ee0   Section       40  timers.o(.bss)
    xActiveTimerList1                        0x20000ee0   Data          20  timers.o(.bss)
    xActiveTimerList2                        0x20000ef4   Data          20  timers.o(.bss)
    .bss                                     0x20000f08   Section    20480  heap_4.o(.bss)
    ucHeap                                   0x20000f08   Data       20480  heap_4.o(.bss)
    .bss                                     0x20005f08   Section       30  rfid.o(.bss)
    .bss                                     0x20005f26   Section      256  wifi.o(.bss)
    .bss                                     0x20006028   Section       96  libspace.o(.bss)
    HEAP                                     0x20006088   Section      512  startup_stm32f10x_hd.o(HEAP)
    Heap_Mem                                 0x20006088   Data         512  startup_stm32f10x_hd.o(HEAP)
    STACK                                    0x20006288   Section     1024  startup_stm32f10x_hd.o(STACK)
    Stack_Mem                                0x20006288   Data        1024  startup_stm32f10x_hd.o(STACK)
    __initial_sp                             0x20006688   Data           0  startup_stm32f10x_hd.o(STACK)

    Global Symbols

    Symbol Name                              Value     Ov Type        Size  Object(Section)

    BuildAttributes$$THM_ISAv4$P$D$K$B$S$PE$A:L22UL41UL21$X:L11$S22US41US21$IEEE1$IW$USESV6$~STKCKD$USESV7$~SHL$OSPACE$ROPI$EBA8$UX$STANDARDLIB$REQ8$PRES8$EABIv2 0x00000000   Number         0  anon$$obj.o ABSOLUTE
    __ARM_use_no_argv                        0x00000000   Number         0  main.o ABSOLUTE
    _printf_flags                            0x00000000   Number         0  printf_stubs.o ABSOLUTE
    _printf_return_value                     0x00000000   Number         0  printf_stubs.o ABSOLUTE
    _printf_sizespec                         0x00000000   Number         0  printf_stubs.o ABSOLUTE
    _printf_widthprec                        0x00000000   Number         0  printf_stubs.o ABSOLUTE
    __ARM_exceptions_init                     - Undefined Weak Reference
    __alloca_initialize                       - Undefined Weak Reference
    __arm_preinit_                            - Undefined Weak Reference
    __cpp_initialize__aeabi_                  - Undefined Weak Reference
    __cxa_finalize                            - Undefined Weak Reference
    __rt_locale                               - Undefined Weak Reference
    __sigvec_lookup                           - Undefined Weak Reference
    _atexit_init                              - Undefined Weak Reference
    _call_atexit_fns                          - Undefined Weak Reference
    _clock_init                               - Undefined Weak Reference
    _fp_trap_init                             - Undefined Weak Reference
    _fp_trap_shutdown                         - Undefined Weak Reference
    _get_lc_collate                           - Undefined Weak Reference
    _get_lc_ctype                             - Undefined Weak Reference
    _get_lc_monetary                          - Undefined Weak Reference
    _get_lc_numeric                           - Undefined Weak Reference
    _get_lc_time                              - Undefined Weak Reference
    _getenv_init                              - Undefined Weak Reference
    _handle_redirection                       - Undefined Weak Reference
    _init_alloc                               - Undefined Weak Reference
    _init_user_alloc                          - Undefined Weak Reference
    _initio                                   - Undefined Weak Reference
    _mutex_acquire                            - Undefined Weak Reference
    _mutex_release                            - Undefined Weak Reference
    _printf_mbtowc                            - Undefined Weak Reference
    _printf_truncate_signed                   - Undefined Weak Reference
    _printf_truncate_unsigned                 - Undefined Weak Reference
    _rand_init                                - Undefined Weak Reference
    _signal_finish                            - Undefined Weak Reference
    _signal_init                              - Undefined Weak Reference
    _terminate_alloc                          - Undefined Weak Reference
    _terminate_user_alloc                     - Undefined Weak Reference
    _terminateio                              - Undefined Weak Reference
    __Vectors_Size                           0x00000130   Number         0  startup_stm32f10x_hd.o ABSOLUTE
    __Vectors                                0x08000000   Data           4  startup_stm32f10x_hd.o(RESET)
    __Vectors_End                            0x08000130   Data           0  startup_stm32f10x_hd.o(RESET)
    __main                                   0x08000131   Thumb Code     8  __main.o(!!!main)
    __scatterload                            0x08000139   Thumb Code     0  __scatter.o(!!!scatter)
    __scatterload_rt2                        0x08000139   Thumb Code    44  __scatter.o(!!!scatter)
    __scatterload_rt2_thumb_only             0x08000139   Thumb Code     0  __scatter.o(!!!scatter)
    __scatterload_null                       0x08000147   Thumb Code     0  __scatter.o(!!!scatter)
    __scatterload_copy                       0x0800016d   Thumb Code    26  __scatter_copy.o(!!handler_copy)
    __scatterload_zeroinit                   0x08000189   Thumb Code    28  __scatter_zi.o(!!handler_zi)
    _printf_d                                0x080001a5   Thumb Code     0  _printf_d.o(.ARM.Collect$$_printf_percent$$00000009)
    _printf_percent                          0x080001a5   Thumb Code     0  _printf_percent.o(.ARM.Collect$$_printf_percent$$00000000)
    _printf_x                                0x080001ab   Thumb Code     0  _printf_x.o(.ARM.Collect$$_printf_percent$$0000000C)
    _printf_c                                0x080001b1   Thumb Code     0  _printf_c.o(.ARM.Collect$$_printf_percent$$00000013)
    _printf_s                                0x080001b7   Thumb Code     0  _printf_s.o(.ARM.Collect$$_printf_percent$$00000014)
    _printf_percent_end                      0x080001bd   Thumb Code     0  _printf_percent_end.o(.ARM.Collect$$_printf_percent$$00000017)
    __rt_lib_init                            0x080001c1   Thumb Code     0  libinit.o(.ARM.Collect$$libinit$$00000000)
    __rt_lib_init_alloca_1                   0x080001c3   Thumb Code     0  libinit2.o(.ARM.Collect$$libinit$$0000002E)
    __rt_lib_init_argv_1                     0x080001c3   Thumb Code     0  libinit2.o(.ARM.Collect$$libinit$$0000002C)
    __rt_lib_init_atexit_1                   0x080001c3   Thumb Code     0  libinit2.o(.ARM.Collect$$libinit$$0000001B)
    __rt_lib_init_clock_1                    0x080001c3   Thumb Code     0  libinit2.o(.ARM.Collect$$libinit$$00000021)
    __rt_lib_init_cpp_1                      0x080001c3   Thumb Code     0  libinit2.o(.ARM.Collect$$libinit$$00000032)
    __rt_lib_init_exceptions_1               0x080001c3   Thumb Code     0  libinit2.o(.ARM.Collect$$libinit$$00000030)
    __rt_lib_init_fp_1                       0x080001c3   Thumb Code     0  libinit2.o(.ARM.Collect$$libinit$$00000002)
    __rt_lib_init_fp_trap_1                  0x080001c3   Thumb Code     0  libinit2.o(.ARM.Collect$$libinit$$0000001F)
    __rt_lib_init_getenv_1                   0x080001c3   Thumb Code     0  libinit2.o(.ARM.Collect$$libinit$$00000023)
    __rt_lib_init_heap_1                     0x080001c3   Thumb Code     0  libinit2.o(.ARM.Collect$$libinit$$0000000A)
    __rt_lib_init_lc_collate_1               0x080001c3   Thumb Code     0  libinit2.o(.ARM.Collect$$libinit$$00000011)
    __rt_lib_init_lc_ctype_1                 0x080001c3   Thumb Code     0  libinit2.o(.ARM.Collect$$libinit$$00000013)
    __rt_lib_init_lc_monetary_1              0x080001c3   Thumb Code     0  libinit2.o(.ARM.Collect$$libinit$$00000015)
    __rt_lib_init_lc_numeric_1               0x080001c3   Thumb Code     0  libinit2.o(.ARM.Collect$$libinit$$00000017)
    __rt_lib_init_lc_time_1                  0x080001c3   Thumb Code     0  libinit2.o(.ARM.Collect$$libinit$$00000019)
    __rt_lib_init_preinit_1                  0x080001c3   Thumb Code     0  libinit2.o(.ARM.Collect$$libinit$$00000004)
    __rt_lib_init_rand_1                     0x080001c3   Thumb Code     0  libinit2.o(.ARM.Collect$$libinit$$0000000E)
    __rt_lib_init_return                     0x080001c3   Thumb Code     0  libinit2.o(.ARM.Collect$$libinit$$00000033)
    __rt_lib_init_signal_1                   0x080001c3   Thumb Code     0  libinit2.o(.ARM.Collect$$libinit$$0000001D)
    __rt_lib_init_stdio_1                    0x080001c3   Thumb Code     0  libinit2.o(.ARM.Collect$$libinit$$00000025)
    __rt_lib_init_user_alloc_1               0x080001c3   Thumb Code     0  libinit2.o(.ARM.Collect$$libinit$$0000000C)
    __rt_lib_shutdown                        0x080001c5   Thumb Code     0  libshutdown.o(.ARM.Collect$$libshutdown$$00000000)
    __rt_lib_shutdown_fp_trap_1              0x080001c7   Thumb Code     0  libshutdown2.o(.ARM.Collect$$libshutdown$$00000006)
    __rt_lib_shutdown_heap_1                 0x080001c7   Thumb Code     0  libshutdown2.o(.ARM.Collect$$libshutdown$$0000000E)
    __rt_lib_shutdown_return                 0x080001c7   Thumb Code     0  libshutdown2.o(.ARM.Collect$$libshutdown$$0000000F)
    __rt_lib_shutdown_signal_1               0x080001c7   Thumb Code     0  libshutdown2.o(.ARM.Collect$$libshutdown$$00000009)
    __rt_lib_shutdown_stdio_1                0x080001c7   Thumb Code     0  libshutdown2.o(.ARM.Collect$$libshutdown$$00000003)
    __rt_lib_shutdown_user_alloc_1           0x080001c7   Thumb Code     0  libshutdown2.o(.ARM.Collect$$libshutdown$$0000000B)
    __rt_entry                               0x080001c9   Thumb Code     0  __rtentry.o(.ARM.Collect$$rtentry$$00000000)
    __rt_entry_presh_1                       0x080001c9   Thumb Code     0  __rtentry2.o(.ARM.Collect$$rtentry$$00000002)
    __rt_entry_sh                            0x080001c9   Thumb Code     0  __rtentry4.o(.ARM.Collect$$rtentry$$00000004)
    __rt_entry_li                            0x080001cf   Thumb Code     0  __rtentry2.o(.ARM.Collect$$rtentry$$0000000A)
    __rt_entry_postsh_1                      0x080001cf   Thumb Code     0  __rtentry2.o(.ARM.Collect$$rtentry$$00000009)
    __rt_entry_main                          0x080001d3   Thumb Code     0  __rtentry2.o(.ARM.Collect$$rtentry$$0000000D)
    __rt_entry_postli_1                      0x080001d3   Thumb Code     0  __rtentry2.o(.ARM.Collect$$rtentry$$0000000C)
    __rt_exit                                0x080001db   Thumb Code     0  rtexit.o(.ARM.Collect$$rtexit$$00000000)
    __rt_exit_ls                             0x080001dd   Thumb Code     0  rtexit2.o(.ARM.Collect$$rtexit$$00000003)
    __rt_exit_prels_1                        0x080001dd   Thumb Code     0  rtexit2.o(.ARM.Collect$$rtexit$$00000002)
    __rt_exit_exit                           0x080001e1   Thumb Code     0  rtexit2.o(.ARM.Collect$$rtexit$$00000004)
    SVC_Handler                              0x080001e9   Thumb Code    32  port.o(.emb_text)
    __asm___6_port_c_39a90d8d__prvStartFirstTask 0x0800020d   Thumb Code    28  port.o(.emb_text)
    PendSV_Handler                           0x0800022d   Thumb Code    72  port.o(.emb_text)
    vPortGetIPSR                             0x08000279   Thumb Code     6  port.o(.emb_text)
    Reset_Handler                            0x08000281   Thumb Code     8  startup_stm32f10x_hd.o(.text)
    ADC1_2_IRQHandler                        0x0800029b   Thumb Code     0  startup_stm32f10x_hd.o(.text)
    ADC3_IRQHandler                          0x0800029b   Thumb Code     0  startup_stm32f10x_hd.o(.text)
    CAN1_RX1_IRQHandler                      0x0800029b   Thumb Code     0  startup_stm32f10x_hd.o(.text)
    CAN1_SCE_IRQHandler                      0x0800029b   Thumb Code     0  startup_stm32f10x_hd.o(.text)
    DMA1_Channel1_IRQHandler                 0x0800029b   Thumb Code     0  startup_stm32f10x_hd.o(.text)
    DMA1_Channel2_IRQHandler                 0x0800029b   Thumb Code     0  startup_stm32f10x_hd.o(.text)
    DMA1_Channel3_IRQHandler                 0x0800029b   Thumb Code     0  startup_stm32f10x_hd.o(.text)
    DMA1_Channel4_IRQHandler                 0x0800029b   Thumb Code     0  startup_stm32f10x_hd.o(.text)
    DMA1_Channel5_IRQHandler                 0x0800029b   Thumb Code     0  startup_stm32f10x_hd.o(.text)
    DMA1_Channel6_IRQHandler                 0x0800029b   Thumb Code     0  startup_stm32f10x_hd.o(.text)
    DMA1_Channel7_IRQHandler                 0x0800029b   Thumb Code     0  startup_stm32f10x_hd.o(.text)
    DMA2_Channel1_IRQHandler                 0x0800029b   Thumb Code     0  startup_stm32f10x_hd.o(.text)
    DMA2_Channel2_IRQHandler                 0x0800029b   Thumb Code     0  startup_stm32f10x_hd.o(.text)
    DMA2_Channel3_IRQHandler                 0x0800029b   Thumb Code     0  startup_stm32f10x_hd.o(.text)
    DMA2_Channel4_5_IRQHandler               0x0800029b   Thumb Code     0  startup_stm32f10x_hd.o(.text)
    EXTI0_IRQHandler                         0x0800029b   Thumb Code     0  startup_stm32f10x_hd.o(.text)
    EXTI15_10_IRQHandler                     0x0800029b   Thumb Code     0  startup_stm32f10x_hd.o(.text)
    EXTI1_IRQHandler                         0x0800029b   Thumb Code     0  startup_stm32f10x_hd.o(.text)
    EXTI2_IRQHandler                         0x0800029b   Thumb Code     0  startup_stm32f10x_hd.o(.text)
    EXTI3_IRQHandler                         0x0800029b   Thumb Code     0  startup_stm32f10x_hd.o(.text)
    EXTI4_IRQHandler                         0x0800029b   Thumb Code     0  startup_stm32f10x_hd.o(.text)
    EXTI9_5_IRQHandler                       0x0800029b   Thumb Code     0  startup_stm32f10x_hd.o(.text)
    FLASH_IRQHandler                         0x0800029b   Thumb Code     0  startup_stm32f10x_hd.o(.text)
    FSMC_IRQHandler                          0x0800029b   Thumb Code     0  startup_stm32f10x_hd.o(.text)
    I2C1_ER_IRQHandler                       0x0800029b   Thumb Code     0  startup_stm32f10x_hd.o(.text)
    I2C1_EV_IRQHandler                       0x0800029b   Thumb Code     0  startup_stm32f10x_hd.o(.text)
    I2C2_ER_IRQHandler                       0x0800029b   Thumb Code     0  startup_stm32f10x_hd.o(.text)
    I2C2_EV_IRQHandler                       0x0800029b   Thumb Code     0  startup_stm32f10x_hd.o(.text)
    PVD_IRQHandler                           0x0800029b   Thumb Code     0  startup_stm32f10x_hd.o(.text)
    RCC_IRQHandler                           0x0800029b   Thumb Code     0  startup_stm32f10x_hd.o(.text)
    RTCAlarm_IRQHandler                      0x0800029b   Thumb Code     0  startup_stm32f10x_hd.o(.text)
    RTC_IRQHandler                           0x0800029b   Thumb Code     0  startup_stm32f10x_hd.o(.text)
    SDIO_IRQHandler                          0x0800029b   Thumb Code     0  startup_stm32f10x_hd.o(.text)
    SPI1_IRQHandler                          0x0800029b   Thumb Code     0  startup_stm32f10x_hd.o(.text)
    SPI2_IRQHandler                          0x0800029b   Thumb Code     0  startup_stm32f10x_hd.o(.text)
    SPI3_IRQHandler                          0x0800029b   Thumb Code     0  startup_stm32f10x_hd.o(.text)
    TAMPER_IRQHandler                        0x0800029b   Thumb Code     0  startup_stm32f10x_hd.o(.text)
    TIM1_BRK_IRQHandler                      0x0800029b   Thumb Code     0  startup_stm32f10x_hd.o(.text)
    TIM1_CC_IRQHandler                       0x0800029b   Thumb Code     0  startup_stm32f10x_hd.o(.text)
    TIM1_TRG_COM_IRQHandler                  0x0800029b   Thumb Code     0  startup_stm32f10x_hd.o(.text)
    TIM1_UP_IRQHandler                       0x0800029b   Thumb Code     0  startup_stm32f10x_hd.o(.text)
    TIM2_IRQHandler                          0x0800029b   Thumb Code     0  startup_stm32f10x_hd.o(.text)
    TIM4_IRQHandler                          0x0800029b   Thumb Code     0  startup_stm32f10x_hd.o(.text)
    TIM6_IRQHandler                          0x0800029b   Thumb Code     0  startup_stm32f10x_hd.o(.text)
    TIM7_IRQHandler                          0x0800029b   Thumb Code     0  startup_stm32f10x_hd.o(.text)
    TIM8_BRK_IRQHandler                      0x0800029b   Thumb Code     0  startup_stm32f10x_hd.o(.text)
    TIM8_CC_IRQHandler                       0x0800029b   Thumb Code     0  startup_stm32f10x_hd.o(.text)
    TIM8_TRG_COM_IRQHandler                  0x0800029b   Thumb Code     0  startup_stm32f10x_hd.o(.text)
    TIM8_UP_IRQHandler                       0x0800029b   Thumb Code     0  startup_stm32f10x_hd.o(.text)
    UART5_IRQHandler                         0x0800029b   Thumb Code     0  startup_stm32f10x_hd.o(.text)
    USBWakeUp_IRQHandler                     0x0800029b   Thumb Code     0  startup_stm32f10x_hd.o(.text)
    USB_HP_CAN1_TX_IRQHandler                0x0800029b   Thumb Code     0  startup_stm32f10x_hd.o(.text)
    USB_LP_CAN1_RX0_IRQHandler               0x0800029b   Thumb Code     0  startup_stm32f10x_hd.o(.text)
    WWDG_IRQHandler                          0x0800029b   Thumb Code     0  startup_stm32f10x_hd.o(.text)
    __user_initial_stackheap                 0x0800029d   Thumb Code     0  startup_stm32f10x_hd.o(.text)
    __use_no_semihosting                     0x080002c1   Thumb Code     2  use_no_semi_2.o(.text)
    __2printf                                0x080002c5   Thumb Code    20  noretval__2printf.o(.text)
    __2sprintf                               0x080002dd   Thumb Code    34  noretval__2sprintf.o(.text)
    _printf_pre_padding                      0x08000305   Thumb Code    44  _printf_pad.o(.text)
    _printf_post_padding                     0x08000331   Thumb Code    34  _printf_pad.o(.text)
    _printf_str                              0x08000353   Thumb Code    82  _printf_str.o(.text)
    _printf_int_dec                          0x080003a5   Thumb Code   104  _printf_dec.o(.text)
    _printf_int_hex                          0x0800041d   Thumb Code    84  _printf_hex_int.o(.text)
    _printf_longlong_hex                     0x0800041d   Thumb Code     0  _printf_hex_int.o(.text)
    __printf                                 0x08000475   Thumb Code   308  __printf_flags_wp.o(.text)
    strstr                                   0x080005ad   Thumb Code    36  strstr.o(.text)
    strlen                                   0x080005d1   Thumb Code    62  strlen.o(.text)
    __aeabi_memcpy                           0x0800060f   Thumb Code     0  rt_memcpy_v6.o(.text)
    __rt_memcpy                              0x0800060f   Thumb Code   138  rt_memcpy_v6.o(.text)
    _memcpy_lastbytes                        0x08000675   Thumb Code     0  rt_memcpy_v6.o(.text)
    __aeabi_memset                           0x08000699   Thumb Code    16  aeabi_memset.o(.text)
    __aeabi_memclr                           0x080006a9   Thumb Code     0  rt_memclr.o(.text)
    __rt_memclr                              0x080006a9   Thumb Code    68  rt_memclr.o(.text)
    _memset                                  0x080006ad   Thumb Code     0  rt_memclr.o(.text)
    __aeabi_memclr4                          0x080006ed   Thumb Code     0  rt_memclr_w.o(.text)
    __aeabi_memclr8                          0x080006ed   Thumb Code     0  rt_memclr_w.o(.text)
    __rt_memclr_w                            0x080006ed   Thumb Code    78  rt_memclr_w.o(.text)
    _memset_w                                0x080006f1   Thumb Code     0  rt_memclr_w.o(.text)
    __use_two_region_memory                  0x0800073b   Thumb Code     2  heapauxi.o(.text)
    __rt_heap_escrow$2region                 0x0800073d   Thumb Code     2  heapauxi.o(.text)
    __rt_heap_expand$2region                 0x0800073f   Thumb Code     2  heapauxi.o(.text)
    __I$use$semihosting                      0x08000741   Thumb Code     0  use_no_semi.o(.text)
    __use_no_semihosting_swi                 0x08000741   Thumb Code     2  use_no_semi.o(.text)
    _printf_int_common                       0x08000743   Thumb Code   178  _printf_intcommon.o(.text)
    _printf_char_common                      0x080007ff   Thumb Code    32  _printf_char_common.o(.text)
    _sputc                                   0x08000825   Thumb Code    10  _sputc.o(.text)
    _printf_cs_common                        0x0800082f   Thumb Code    20  _printf_char.o(.text)
    _printf_char                             0x08000843   Thumb Code    16  _printf_char.o(.text)
    _printf_string                           0x08000853   Thumb Code     8  _printf_char.o(.text)
    _printf_char_file                        0x0800085d   Thumb Code    32  _printf_char_file.o(.text)
    __aeabi_memcpy4                          0x08000881   Thumb Code     0  rt_memcpy_w.o(.text)
    __aeabi_memcpy8                          0x08000881   Thumb Code     0  rt_memcpy_w.o(.text)
    __rt_memcpy_w                            0x08000881   Thumb Code   100  rt_memcpy_w.o(.text)
    _memcpy_lastbytes_aligned                0x080008c9   Thumb Code     0  rt_memcpy_w.o(.text)
    ferror                                   0x080008e5   Thumb Code     8  ferror.o(.text)
    __user_setup_stackheap                   0x080008ed   Thumb Code    74  sys_stackheap_outer.o(.text)
    exit                                     0x08000937   Thumb Code    12  exit.o(.text)
    __user_libspace                          0x08000945   Thumb Code     8  libspace.o(.text)
    __user_perproc_libspace                  0x08000945   Thumb Code     0  libspace.o(.text)
    __user_perthread_libspace                0x08000945   Thumb Code     0  libspace.o(.text)
    BusFault_Handler                         0x0800094d   Thumb Code     2  stm32f10x_it.o(i.BusFault_Handler)
    Connect_MQTT                             0x08000951   Thumb Code   142  wifi.o(i.Connect_MQTT)
    DMA_ClearFlag                            0x08000a69   Thumb Code    16  stm32f10x_dma.o(i.DMA_ClearFlag)
    DMA_Cmd                                  0x08000a81   Thumb Code    22  stm32f10x_dma.o(i.DMA_Cmd)
    DMA_DeInit                               0x08000a99   Thumb Code   218  stm32f10x_dma.o(i.DMA_DeInit)
    DMA_GetCurrDataCounter                   0x08000b7d   Thumb Code     6  stm32f10x_dma.o(i.DMA_GetCurrDataCounter)
    DMA_Init                                 0x08000b83   Thumb Code    58  stm32f10x_dma.o(i.DMA_Init)
    DebugMon_Handler                         0x08000bbd   Thumb Code     2  stm32f10x_it.o(i.DebugMon_Handler)
    ESP8266_Connect_IP                       0x08000bc1   Thumb Code   250  wifi.o(i.ESP8266_Connect_IP)
    ESP8266_Connect_WIFI                     0x08000d4d   Thumb Code   116  wifi.o(i.ESP8266_Connect_WIFI)
    ESP8266_MQTT_Pub                         0x08000dfd   Thumb Code   260  wifi.o(i.ESP8266_MQTT_Pub)
    ESP8266_MQTT_SUB                         0x08000f5d   Thumb Code   110  wifi.o(i.ESP8266_MQTT_SUB)
    ESP8266_SetStation                       0x08001011   Thumb Code    78  wifi.o(i.ESP8266_SetStation)
    Fifo_Get                                 0x08001091   Thumb Code    80  app_fifo.o(i.Fifo_Get)
    Fifo_Init                                0x080010e1   Thumb Code    12  app_fifo.o(i.Fifo_Init)
    GPIO_Init                                0x080010ed   Thumb Code   156  stm32f10x_gpio.o(i.GPIO_Init)
    GPIO_PinRemapConfig                      0x08001189   Thumb Code    82  stm32f10x_gpio.o(i.GPIO_PinRemapConfig)
    HardFault_Handler                        0x080011e1   Thumb Code     2  stm32f10x_it.o(i.HardFault_Handler)
    LoRa_Init                                0x080011e5   Thumb Code   250  lora.o(i.LoRa_Init)
    LoRa_Set                                 0x0800132d   Thumb Code   692  lora.o(i.LoRa_Set)
    Lora_task                                0x080016bd   Thumb Code   126  main.o(i.Lora_task)
    MemManage_Handler                        0x0800176d   Thumb Code     2  stm32f10x_it.o(i.MemManage_Handler)
    NMI_Handler                              0x0800176f   Thumb Code     2  stm32f10x_it.o(i.NMI_Handler)
    NVIC_Init                                0x08001771   Thumb Code    94  misc.o(i.NVIC_Init)
    NVIC_PriorityGroupConfig                 0x080017d5   Thumb Code    10  misc.o(i.NVIC_PriorityGroupConfig)
    RCC_AHBPeriphClockCmd                    0x080017e9   Thumb Code    18  stm32f10x_rcc.o(i.RCC_AHBPeriphClockCmd)
    RCC_APB1PeriphClockCmd                   0x08001801   Thumb Code    18  stm32f10x_rcc.o(i.RCC_APB1PeriphClockCmd)
    RCC_APB1PeriphResetCmd                   0x08001819   Thumb Code    18  stm32f10x_rcc.o(i.RCC_APB1PeriphResetCmd)
    RCC_APB2PeriphClockCmd                   0x08001831   Thumb Code    18  stm32f10x_rcc.o(i.RCC_APB2PeriphClockCmd)
    RCC_APB2PeriphResetCmd                   0x08001849   Thumb Code    18  stm32f10x_rcc.o(i.RCC_APB2PeriphResetCmd)
    RCC_GetClocksFreq                        0x08001861   Thumb Code   132  stm32f10x_rcc.o(i.RCC_GetClocksFreq)
    RFID_CMD                                 0x080018f5   Thumb Code    28  rfid.o(i.RFID_CMD)
    ReadId                                   0x08001915   Thumb Code    88  rfid.o(i.ReadId)
    Rfid_task                                0x08001981   Thumb Code    42  main.o(i.Rfid_task)
    Send_AtCmd                               0x080019b1   Thumb Code    28  wifi.o(i.Send_AtCmd)
    SysTick_CLKSourceConfig                  0x08001a7d   Thumb Code    24  misc.o(i.SysTick_CLKSourceConfig)
    SysTick_Handler                          0x08001a95   Thumb Code    20  delay.o(i.SysTick_Handler)
    SystemInit                               0x08001aa9   Thumb Code    64  system_stm32f10x.o(i.SystemInit)
    TIM3_IRQHandler                          0x08001af9   Thumb Code    34  timer.o(i.TIM3_IRQHandler)
    TIM5_IRQHandler                          0x08001b35   Thumb Code    34  timer.o(i.TIM5_IRQHandler)
    TIM_ClearITPendingBit                    0x08001b71   Thumb Code     6  stm32f10x_tim.o(i.TIM_ClearITPendingBit)
    TIM_GetITStatus                          0x08001b77   Thumb Code    24  stm32f10x_tim.o(i.TIM_GetITStatus)
    TxCheckSum                               0x08001b8f   Thumb Code    32  rfid.o(i.TxCheckSum)
    UART4_IRQHandler                         0x08001bb1   Thumb Code   150  uart4.o(i.UART4_IRQHandler)
    USART1_IRQHandler                        0x08001c61   Thumb Code   120  bsp_uart.o(i.USART1_IRQHandler)
    USART2_IRQHandler                        0x08001ced   Thumb Code   120  usart2.o(i.USART2_IRQHandler)
    USART3_IRQHandler                        0x08001d79   Thumb Code   132  usart3.o(i.USART3_IRQHandler)
    USART_ClearITPendingBit                  0x08001e11   Thumb Code    12  stm32f10x_usart.o(i.USART_ClearITPendingBit)
    USART_Cmd                                0x08001e1d   Thumb Code    20  stm32f10x_usart.o(i.USART_Cmd)
    USART_DMACmd                             0x08001e31   Thumb Code    16  stm32f10x_usart.o(i.USART_DMACmd)
    USART_DeInit                             0x08001e41   Thumb Code    96  stm32f10x_usart.o(i.USART_DeInit)
    USART_GetITStatus                        0x08001eb5   Thumb Code    62  stm32f10x_usart.o(i.USART_GetITStatus)
    USART_ITConfig                           0x08001ef3   Thumb Code    48  stm32f10x_usart.o(i.USART_ITConfig)
    USART_Init                               0x08001f25   Thumb Code   166  stm32f10x_usart.o(i.USART_Init)
    Uart4_Init                               0x08001fd1   Thumb Code   340  uart4.o(i.Uart4_Init)
    Uart4_Send                               0x08002141   Thumb Code    64  uart4.o(i.Uart4_Send)
    UsageFault_Handler                       0x08002189   Thumb Code     2  stm32f10x_it.o(i.UsageFault_Handler)
    Usart1_Init                              0x0800218d   Thumb Code   332  bsp_uart.o(i.Usart1_Init)
    Usart2_Init                              0x080022ed   Thumb Code   346  usart2.o(i.Usart2_Init)
    Usart2_Send                              0x0800245d   Thumb Code    98  usart2.o(i.Usart2_Send)
    Usart3_Send                              0x080024c9   Thumb Code    92  usart3.o(i.Usart3_Send)
    Wifi_task                                0x0800252d   Thumb Code   140  main.o(i.Wifi_task)
    _is_digit                                0x080025e9   Thumb Code    14  __printf_wp.o(i._is_digit)
    _sys_exit                                0x080025f7   Thumb Code     2  usart.o(i._sys_exit)
    delay_init                               0x080025f9   Thumb Code    60  delay.o(i.delay_init)
    delay_ms                                 0x08002641   Thumb Code    52  delay.o(i.delay_ms)
    delay_us                                 0x08002679   Thumb Code    48  delay.o(i.delay_us)
    fputc                                    0x080026ad   Thumb Code    18  usart.o(i.fputc)
    main                                     0x080026c5   Thumb Code    54  main.o(i.main)
    pvPortMalloc                             0x08002f75   Thumb Code   214  heap_4.o(i.pvPortMalloc)
    pvTaskIncrementMutexHeldCount            0x08003089   Thumb Code    18  tasks.o(i.pvTaskIncrementMutexHeldCount)
    pxPortInitialiseStack                    0x080030a1   Thumb Code    32  port.o(i.pxPortInitialiseStack)
    sendRfidCmd_task                         0x080030c5   Thumb Code     6  main.o(i.sendRfidCmd_task)
    usart3_init                              0x080030cd   Thumb Code   342  usart3.o(i.usart3_init)
    uxListRemove                             0x08003239   Thumb Code    36  list.o(i.uxListRemove)
    vListInitialise                          0x0800325d   Thumb Code    22  list.o(i.vListInitialise)
    vListInitialiseItem                      0x08003273   Thumb Code     6  list.o(i.vListInitialiseItem)
    vListInsert                              0x08003279   Thumb Code    48  list.o(i.vListInsert)
    vListInsertEnd                           0x080032a9   Thumb Code    24  list.o(i.vListInsertEnd)
    vPortEnterCritical                       0x080032c1   Thumb Code    50  port.o(i.vPortEnterCritical)
    vPortExitCritical                        0x08003339   Thumb Code    34  port.o(i.vPortExitCritical)
    vPortFree                                0x0800339d   Thumb Code    94  heap_4.o(i.vPortFree)
    vPortSetupTimerInterrupt                 0x08003439   Thumb Code    26  port.o(i.vPortSetupTimerInterrupt)
    vPortValidateInterruptPriority           0x08003459   Thumb Code    70  port.o(i.vPortValidateInterruptPriority)
    vQueueAddToRegistry                      0x080034e5   Thumb Code    32  queue.o(i.vQueueAddToRegistry)
    vQueueWaitForMessageRestricted           0x08003509   Thumb Code    68  queue.o(i.vQueueWaitForMessageRestricted)
    vTaskDelay                               0x0800354d   Thumb Code    62  tasks.o(i.vTaskDelay)
    vTaskMissedYield                         0x080035b9   Thumb Code     8  tasks.o(i.vTaskMissedYield)
    vTaskPlaceOnEventList                    0x080035c5   Thumb Code    44  tasks.o(i.vTaskPlaceOnEventList)
    vTaskPlaceOnEventListRestricted          0x08003619   Thumb Code    52  tasks.o(i.vTaskPlaceOnEventListRestricted)
    vTaskPriorityInherit                     0x08003675   Thumb Code   124  tasks.o(i.vTaskPriorityInherit)
    vTaskSetTimeOutState                     0x080036f9   Thumb Code    30  tasks.o(i.vTaskSetTimeOutState)
    vTaskStartScheduler                      0x08003741   Thumb Code    96  tasks.o(i.vTaskStartScheduler)
    vTaskSuspendAll                          0x080037d5   Thumb Code    10  tasks.o(i.vTaskSuspendAll)
    vTaskSwitchContext                       0x080037e5   Thumb Code    80  tasks.o(i.vTaskSwitchContext)
    xPortStartScheduler                      0x08003861   Thumb Code   108  port.o(i.xPortStartScheduler)
    xPortSysTickHandler                      0x080038d9   Thumb Code    38  port.o(i.xPortSysTickHandler)
    xQueueCreateCountingSemaphore            0x08003905   Thumb Code    54  queue.o(i.xQueueCreateCountingSemaphore)
    xQueueCreateMutex                        0x08003961   Thumb Code    36  queue.o(i.xQueueCreateMutex)
    xQueueGenericCreate                      0x08003985   Thumb Code    82  queue.o(i.xQueueGenericCreate)
    xQueueGenericReceive                     0x080039fd   Thumb Code   348  queue.o(i.xQueueGenericReceive)
    xQueueGenericReset                       0x08003b81   Thumb Code   128  queue.o(i.xQueueGenericReset)
    xQueueGenericSend                        0x08003c29   Thumb Code   350  queue.o(i.xQueueGenericSend)
    xQueueGenericSendFromISR                 0x08003db1   Thumb Code   188  queue.o(i.xQueueGenericSendFromISR)
    xQueueGiveFromISR                        0x08003e91   Thumb Code   162  queue.o(i.xQueueGiveFromISR)
    xTaskCheckForTimeOut                     0x08003f59   Thumb Code    94  tasks.o(i.xTaskCheckForTimeOut)
    xTaskCreate                              0x08003fe1   Thumb Code    86  tasks.o(i.xTaskCreate)
    xTaskGetSchedulerState                   0x08004039   Thumb Code    22  tasks.o(i.xTaskGetSchedulerState)
    xTaskGetTickCount                        0x08004055   Thumb Code     6  tasks.o(i.xTaskGetTickCount)
    xTaskIncrementTick                       0x08004061   Thumb Code   188  tasks.o(i.xTaskIncrementTick)
    xTaskPriorityDisinherit                  0x08004149   Thumb Code   136  tasks.o(i.xTaskPriorityDisinherit)
    xTaskRemoveFromEventList                 0x080041fd   Thumb Code   102  tasks.o(i.xTaskRemoveFromEventList)
    xTaskResumeAll                           0x08004295   Thumb Code   180  tasks.o(i.xTaskResumeAll)
    xTimerCreate                             0x08004379   Thumb Code    74  timers.o(i.xTimerCreate)
    xTimerCreateTimerTask                    0x080043ed   Thumb Code    58  timers.o(i.xTimerCreateTimerTask)
    xTimerGenericCommand                     0x08004461   Thumb Code    98  timers.o(i.xTimerGenericCommand)
    Region$$Table$$Base                      0x0800452c   Number         0  anon$$obj.o(Region$$Table)
    Region$$Table$$Limit                     0x0800454c   Number         0  anon$$obj.o(Region$$Table)
    Wifi_Handler                             0x20000000   Data           4  main.o(.data)
    Lora_Handler                             0x20000004   Data           4  main.o(.data)
    sendRfidCmd_Handler                      0x20000008   Data           4  main.o(.data)
    Rfid_Handler                             0x2000000c   Data           4  main.o(.data)
    xMutex                                   0x20000010   Data           4  main.o(.data)
    xSemaphore_2                             0x20000014   Data           4  main.o(.data)
    xSemaphore_3                             0x20000018   Data           4  main.o(.data)
    xSemaphore_4                             0x2000001c   Data           4  main.o(.data)
    xSemaphore_5                             0x20000020   Data           4  main.o(.data)
    xSemaphore                               0x20000024   Data           4  main.o(.data)
    SystemCoreClock                          0x20000028   Data           4  system_stm32f10x.o(.data)
    AHBPrescTable                            0x2000002c   Data          16  system_stm32f10x.o(.data)
    __stdout                                 0x20000060   Data           4  usart.o(.data)
    pxCurrentTCB                             0x20000078   Data           4  tasks.o(.data)
    Rx3Flag                                  0x200000ec   Data           1  rfid.o(.data)
    Cmd_Read_Id                              0x200000ed   Data           8  rfid.o(.data)
    Cmd_Read_Block                           0x200000f5   Data           8  rfid.o(.data)
    Cmd_Read_RFID                            0x200000fd   Data           8  rfid.o(.data)
    Cmd_Write_Block                          0x20000105   Data          23  rfid.o(.data)
    MQTTSendErrorTimes                       0x2000011c   Data           1  wifi.o(.data)
    LoRa_CFG                                 0x2000011e   Data          10  lora.o(.data)
    Uart1_Rx_Buffer                          0x20000128   Data         512  bsp_uart.o(.bss)
    Uart1_Rx_Fifo                            0x20000328   Data          12  bsp_uart.o(.bss)
    Uart4_Rx_Fifo                            0x20000334   Data          12  uart4.o(.bss)
    Uart4_Rx_Buffer1                         0x20000340   Data         100  uart4.o(.bss)
    Usart2_Rx_Fifo                           0x200003a4   Data          12  usart2.o(.bss)
    Usart2_Rx_Buffer                         0x200003b0   Data        1024  usart2.o(.bss)
    Usart3_Rx_Buffer                         0x200007b0   Data        1024  usart3.o(.bss)
    Usart3_Rx_Fifo                           0x20000bb0   Data          12  usart3.o(.bss)
    xQueueRegistry                           0x20000bbc   Data          64  queue.o(.bss)
    Uart3RxBuf                               0x20005f08   Data          30  rfid.o(.bss)
    Uart4_Rx_Buff                            0x20005f26   Data         256  wifi.o(.bss)
    __libspace_start                         0x20006028   Data          96  libspace.o(.bss)
    __temporary_stack_top$libspace           0x20006088   Data           0  libspace.o(.bss)



==============================================================================

Memory Map of the image

  Image Entry point : 0x08000281

  Load Region LR_1 (Base: 0x08000000, Size: 0x00004674, Max: 0xffffffff, ABSOLUTE)

    Execution Region ER_RO (Base: 0x08000000, Size: 0x0000454c, Max: 0xffffffff, ABSOLUTE)

    Base Addr    Size         Type   Attr      Idx    E Section Name        Object

    0x08000000   0x00000130   Data   RO          631    RESET               startup_stm32f10x_hd.o
    0x08000130   0x00000008   Code   RO         3131  * !!!main             c_w.l(__main.o)
    0x08000138   0x00000034   Code   RO         3304    !!!scatter          c_w.l(__scatter.o)
    0x0800016c   0x0000001a   Code   RO         3306    !!handler_copy      c_w.l(__scatter_copy.o)
    0x08000186   0x00000002   PAD
    0x08000188   0x0000001c   Code   RO         3308    !!handler_zi        c_w.l(__scatter_zi.o)
    0x080001a4   0x00000000   Code   RO         3114    .ARM.Collect$$_printf_percent$$00000000  c_w.l(_printf_percent.o)
    0x080001a4   0x00000006   Code   RO         3112    .ARM.Collect$$_printf_percent$$00000009  c_w.l(_printf_d.o)
    0x080001aa   0x00000006   Code   RO         3111    .ARM.Collect$$_printf_percent$$0000000C  c_w.l(_printf_x.o)
    0x080001b0   0x00000006   Code   RO         3109    .ARM.Collect$$_printf_percent$$00000013  c_w.l(_printf_c.o)
    0x080001b6   0x00000006   Code   RO         3110    .ARM.Collect$$_printf_percent$$00000014  c_w.l(_printf_s.o)
    0x080001bc   0x00000004   Code   RO         3146    .ARM.Collect$$_printf_percent$$00000017  c_w.l(_printf_percent_end.o)
    0x080001c0   0x00000002   Code   RO         3179    .ARM.Collect$$libinit$$00000000  c_w.l(libinit.o)
    0x080001c2   0x00000000   Code   RO         3186    .ARM.Collect$$libinit$$00000002  c_w.l(libinit2.o)
    0x080001c2   0x00000000   Code   RO         3188    .ARM.Collect$$libinit$$00000004  c_w.l(libinit2.o)
    0x080001c2   0x00000000   Code   RO         3191    .ARM.Collect$$libinit$$0000000A  c_w.l(libinit2.o)
    0x080001c2   0x00000000   Code   RO         3193    .ARM.Collect$$libinit$$0000000C  c_w.l(libinit2.o)
    0x080001c2   0x00000000   Code   RO         3195    .ARM.Collect$$libinit$$0000000E  c_w.l(libinit2.o)
    0x080001c2   0x00000000   Code   RO         3198    .ARM.Collect$$libinit$$00000011  c_w.l(libinit2.o)
    0x080001c2   0x00000000   Code   RO         3200    .ARM.Collect$$libinit$$00000013  c_w.l(libinit2.o)
    0x080001c2   0x00000000   Code   RO         3202    .ARM.Collect$$libinit$$00000015  c_w.l(libinit2.o)
    0x080001c2   0x00000000   Code   RO         3204    .ARM.Collect$$libinit$$00000017  c_w.l(libinit2.o)
    0x080001c2   0x00000000   Code   RO         3206    .ARM.Collect$$libinit$$00000019  c_w.l(libinit2.o)
    0x080001c2   0x00000000   Code   RO         3208    .ARM.Collect$$libinit$$0000001B  c_w.l(libinit2.o)
    0x080001c2   0x00000000   Code   RO         3210    .ARM.Collect$$libinit$$0000001D  c_w.l(libinit2.o)
    0x080001c2   0x00000000   Code   RO         3212    .ARM.Collect$$libinit$$0000001F  c_w.l(libinit2.o)
    0x080001c2   0x00000000   Code   RO         3214    .ARM.Collect$$libinit$$00000021  c_w.l(libinit2.o)
    0x080001c2   0x00000000   Code   RO         3216    .ARM.Collect$$libinit$$00000023  c_w.l(libinit2.o)
    0x080001c2   0x00000000   Code   RO         3218    .ARM.Collect$$libinit$$00000025  c_w.l(libinit2.o)
    0x080001c2   0x00000000   Code   RO         3222    .ARM.Collect$$libinit$$0000002C  c_w.l(libinit2.o)
    0x080001c2   0x00000000   Code   RO         3224    .ARM.Collect$$libinit$$0000002E  c_w.l(libinit2.o)
    0x080001c2   0x00000000   Code   RO         3226    .ARM.Collect$$libinit$$00000030  c_w.l(libinit2.o)
    0x080001c2   0x00000000   Code   RO         3228    .ARM.Collect$$libinit$$00000032  c_w.l(libinit2.o)
    0x080001c2   0x00000002   Code   RO         3229    .ARM.Collect$$libinit$$00000033  c_w.l(libinit2.o)
    0x080001c4   0x00000002   Code   RO         3247    .ARM.Collect$$libshutdown$$00000000  c_w.l(libshutdown.o)
    0x080001c6   0x00000000   Code   RO         3258    .ARM.Collect$$libshutdown$$00000003  c_w.l(libshutdown2.o)
    0x080001c6   0x00000000   Code   RO         3261    .ARM.Collect$$libshutdown$$00000006  c_w.l(libshutdown2.o)
    0x080001c6   0x00000000   Code   RO         3264    .ARM.Collect$$libshutdown$$00000009  c_w.l(libshutdown2.o)
    0x080001c6   0x00000000   Code   RO         3266    .ARM.Collect$$libshutdown$$0000000B  c_w.l(libshutdown2.o)
    0x080001c6   0x00000000   Code   RO         3269    .ARM.Collect$$libshutdown$$0000000E  c_w.l(libshutdown2.o)
    0x080001c6   0x00000002   Code   RO         3270    .ARM.Collect$$libshutdown$$0000000F  c_w.l(libshutdown2.o)
    0x080001c8   0x00000000   Code   RO         3135    .ARM.Collect$$rtentry$$00000000  c_w.l(__rtentry.o)
    0x080001c8   0x00000000   Code   RO         3150    .ARM.Collect$$rtentry$$00000002  c_w.l(__rtentry2.o)
    0x080001c8   0x00000006   Code   RO         3162    .ARM.Collect$$rtentry$$00000004  c_w.l(__rtentry4.o)
    0x080001ce   0x00000000   Code   RO         3152    .ARM.Collect$$rtentry$$00000009  c_w.l(__rtentry2.o)
    0x080001ce   0x00000004   Code   RO         3153    .ARM.Collect$$rtentry$$0000000A  c_w.l(__rtentry2.o)
    0x080001d2   0x00000000   Code   RO         3155    .ARM.Collect$$rtentry$$0000000C  c_w.l(__rtentry2.o)
    0x080001d2   0x00000008   Code   RO         3156    .ARM.Collect$$rtentry$$0000000D  c_w.l(__rtentry2.o)
    0x080001da   0x00000002   Code   RO         3183    .ARM.Collect$$rtexit$$00000000  c_w.l(rtexit.o)
    0x080001dc   0x00000000   Code   RO         3231    .ARM.Collect$$rtexit$$00000002  c_w.l(rtexit2.o)
    0x080001dc   0x00000004   Code   RO         3232    .ARM.Collect$$rtexit$$00000003  c_w.l(rtexit2.o)
    0x080001e0   0x00000006   Code   RO         3233    .ARM.Collect$$rtexit$$00000004  c_w.l(rtexit2.o)
    0x080001e6   0x00000002   PAD
    0x080001e8   0x00000096   Code   RO         2792    .emb_text           port.o
    0x0800027e   0x00000002   PAD
    0x08000280   0x00000040   Code   RO          632  * .text               startup_stm32f10x_hd.o
    0x080002c0   0x00000002   Code   RO         3050    .text               c_w.l(use_no_semi_2.o)
    0x080002c2   0x00000002   PAD
    0x080002c4   0x00000018   Code   RO         3056    .text               c_w.l(noretval__2printf.o)
    0x080002dc   0x00000028   Code   RO         3058    .text               c_w.l(noretval__2sprintf.o)
    0x08000304   0x0000004e   Code   RO         3062    .text               c_w.l(_printf_pad.o)
    0x08000352   0x00000052   Code   RO         3064    .text               c_w.l(_printf_str.o)
    0x080003a4   0x00000078   Code   RO         3066    .text               c_w.l(_printf_dec.o)
    0x0800041c   0x00000058   Code   RO         3071    .text               c_w.l(_printf_hex_int.o)
    0x08000474   0x00000138   Code   RO         3101    .text               c_w.l(__printf_flags_wp.o)
    0x080005ac   0x00000024   Code   RO         3115    .text               c_w.l(strstr.o)
    0x080005d0   0x0000003e   Code   RO         3119    .text               c_w.l(strlen.o)
    0x0800060e   0x0000008a   Code   RO         3121    .text               c_w.l(rt_memcpy_v6.o)
    0x08000698   0x00000010   Code   RO         3123    .text               c_w.l(aeabi_memset.o)
    0x080006a8   0x00000044   Code   RO         3125    .text               c_w.l(rt_memclr.o)
    0x080006ec   0x0000004e   Code   RO         3127    .text               c_w.l(rt_memclr_w.o)
    0x0800073a   0x00000006   Code   RO         3129    .text               c_w.l(heapauxi.o)
    0x08000740   0x00000002   Code   RO         3133    .text               c_w.l(use_no_semi.o)
    0x08000742   0x000000b2   Code   RO         3136    .text               c_w.l(_printf_intcommon.o)
    0x080007f4   0x00000030   Code   RO         3138    .text               c_w.l(_printf_char_common.o)
    0x08000824   0x0000000a   Code   RO         3140    .text               c_w.l(_sputc.o)
    0x0800082e   0x0000002c   Code   RO         3142    .text               c_w.l(_printf_char.o)
    0x0800085a   0x00000002   PAD
    0x0800085c   0x00000024   Code   RO         3144    .text               c_w.l(_printf_char_file.o)
    0x08000880   0x00000064   Code   RO         3147    .text               c_w.l(rt_memcpy_w.o)
    0x080008e4   0x00000008   Code   RO         3166    .text               c_w.l(ferror.o)
    0x080008ec   0x0000004a   Code   RO         3170    .text               c_w.l(sys_stackheap_outer.o)
    0x08000936   0x0000000c   Code   RO         3172    .text               c_w.l(exit.o)
    0x08000942   0x00000002   PAD
    0x08000944   0x00000008   Code   RO         3180    .text               c_w.l(libspace.o)
    0x0800094c   0x00000002   Code   RO          217    i.BusFault_Handler  stm32f10x_it.o
    0x0800094e   0x00000002   PAD
    0x08000950   0x00000118   Code   RO         2949    i.Connect_MQTT      wifi.o
    0x08000a68   0x00000018   Code   RO         1843    i.DMA_ClearFlag     stm32f10x_dma.o
    0x08000a80   0x00000016   Code   RO         1845    i.DMA_Cmd           stm32f10x_dma.o
    0x08000a96   0x00000002   PAD
    0x08000a98   0x000000e4   Code   RO         1846    i.DMA_DeInit        stm32f10x_dma.o
    0x08000b7c   0x00000006   Code   RO         1847    i.DMA_GetCurrDataCounter  stm32f10x_dma.o
    0x08000b82   0x0000003a   Code   RO         1851    i.DMA_Init          stm32f10x_dma.o
    0x08000bbc   0x00000002   Code   RO          218    i.DebugMon_Handler  stm32f10x_it.o
    0x08000bbe   0x00000002   PAD
    0x08000bc0   0x0000018c   Code   RO         2950    i.ESP8266_Connect_IP  wifi.o
    0x08000d4c   0x000000b0   Code   RO         2951    i.ESP8266_Connect_WIFI  wifi.o
    0x08000dfc   0x00000160   Code   RO         2952    i.ESP8266_MQTT_Pub  wifi.o
    0x08000f5c   0x000000b4   Code   RO         2953    i.ESP8266_MQTT_SUB  wifi.o
    0x08001010   0x00000080   Code   RO         2954    i.ESP8266_SetStation  wifi.o
    0x08001090   0x00000050   Code   RO          317    i.Fifo_Get          app_fifo.o
    0x080010e0   0x0000000c   Code   RO          318    i.Fifo_Init         app_fifo.o
    0x080010ec   0x0000009c   Code   RO          678    i.GPIO_Init         stm32f10x_gpio.o
    0x08001188   0x00000058   Code   RO          680    i.GPIO_PinRemapConfig  stm32f10x_gpio.o
    0x080011e0   0x00000002   Code   RO          219    i.HardFault_Handler  stm32f10x_it.o
    0x080011e2   0x00000002   PAD
    0x080011e4   0x00000148   Code   RO         3014    i.LoRa_Init         lora.o
    0x0800132c   0x00000390   Code   RO         3015    i.LoRa_Set          lora.o
    0x080016bc   0x000000b0   Code   RO            1    i.Lora_task         main.o
    0x0800176c   0x00000002   Code   RO          220    i.MemManage_Handler  stm32f10x_it.o
    0x0800176e   0x00000002   Code   RO          221    i.NMI_Handler       stm32f10x_it.o
    0x08001770   0x00000064   Code   RO          636    i.NVIC_Init         misc.o
    0x080017d4   0x00000014   Code   RO          637    i.NVIC_PriorityGroupConfig  misc.o
    0x080017e8   0x00000018   Code   RO          811    i.RCC_AHBPeriphClockCmd  stm32f10x_rcc.o
    0x08001800   0x00000018   Code   RO          812    i.RCC_APB1PeriphClockCmd  stm32f10x_rcc.o
    0x08001818   0x00000018   Code   RO          813    i.RCC_APB1PeriphResetCmd  stm32f10x_rcc.o
    0x08001830   0x00000018   Code   RO          814    i.RCC_APB2PeriphClockCmd  stm32f10x_rcc.o
    0x08001848   0x00000018   Code   RO          815    i.RCC_APB2PeriphResetCmd  stm32f10x_rcc.o
    0x08001860   0x00000094   Code   RO          822    i.RCC_GetClocksFreq  stm32f10x_rcc.o
    0x080018f4   0x00000020   Code   RO         2870    i.RFID_CMD          rfid.o
    0x08001914   0x0000006c   Code   RO         2873    i.ReadId            rfid.o
    0x08001980   0x00000030   Code   RO            2    i.Rfid_task         main.o
    0x080019b0   0x00000024   Code   RO         2955    i.Send_AtCmd        wifi.o
    0x080019d4   0x000000a8   Code   RO          288    i.SetSysClockTo72   system_stm32f10x.o
    0x08001a7c   0x00000018   Code   RO          640    i.SysTick_CLKSourceConfig  misc.o
    0x08001a94   0x00000014   Code   RO          524    i.SysTick_Handler   delay.o
    0x08001aa8   0x00000050   Code   RO          290    i.SystemInit        system_stm32f10x.o
    0x08001af8   0x0000003c   Code   RO          386    i.TIM3_IRQHandler   timer.o
    0x08001b34   0x0000003c   Code   RO          388    i.TIM5_IRQHandler   timer.o
    0x08001b70   0x00000006   Code   RO         1199    i.TIM_ClearITPendingBit  stm32f10x_tim.o
    0x08001b76   0x00000018   Code   RO         1225    i.TIM_GetITStatus   stm32f10x_tim.o
    0x08001b8e   0x00000020   Code   RO         2876    i.TxCheckSum        rfid.o
    0x08001bae   0x00000002   PAD
    0x08001bb0   0x000000b0   Code   RO          419    i.UART4_IRQHandler  uart4.o
    0x08001c60   0x0000008c   Code   RO          347    i.USART1_IRQHandler  bsp_uart.o
    0x08001cec   0x0000008c   Code   RO          463    i.USART2_IRQHandler  usart2.o
    0x08001d78   0x00000098   Code   RO          495    i.USART3_IRQHandler  usart3.o
    0x08001e10   0x0000000c   Code   RO         1011    i.USART_ClearITPendingBit  stm32f10x_usart.o
    0x08001e1c   0x00000014   Code   RO         1014    i.USART_Cmd         stm32f10x_usart.o
    0x08001e30   0x00000010   Code   RO         1015    i.USART_DMACmd      stm32f10x_usart.o
    0x08001e40   0x00000074   Code   RO         1016    i.USART_DeInit      stm32f10x_usart.o
    0x08001eb4   0x0000003e   Code   RO         1018    i.USART_GetITStatus  stm32f10x_usart.o
    0x08001ef2   0x00000030   Code   RO         1020    i.USART_ITConfig    stm32f10x_usart.o
    0x08001f22   0x00000002   PAD
    0x08001f24   0x000000ac   Code   RO         1021    i.USART_Init        stm32f10x_usart.o
    0x08001fd0   0x00000170   Code   RO          420    i.Uart4_Init        uart4.o
    0x08002140   0x00000048   Code   RO          421    i.Uart4_Send        uart4.o
    0x08002188   0x00000002   Code   RO          222    i.UsageFault_Handler  stm32f10x_it.o
    0x0800218a   0x00000002   PAD
    0x0800218c   0x00000160   Code   RO          348    i.Usart1_Init       bsp_uart.o
    0x080022ec   0x00000170   Code   RO          464    i.Usart2_Init       usart2.o
    0x0800245c   0x0000006c   Code   RO          465    i.Usart2_Send       usart2.o
    0x080024c8   0x00000064   Code   RO          496    i.Usart3_Send       usart3.o
    0x0800252c   0x000000bc   Code   RO            3    i.Wifi_task         main.o
    0x080025e8   0x0000000e   Code   RO         3099    i._is_digit         c_w.l(__printf_wp.o)
    0x080025f6   0x00000002   Code   RO          591    i._sys_exit         usart.o
    0x080025f8   0x00000048   Code   RO          525    i.delay_init        delay.o
    0x08002640   0x00000038   Code   RO          526    i.delay_ms          delay.o
    0x08002678   0x00000034   Code   RO          527    i.delay_us          delay.o
    0x080026ac   0x00000018   Code   RO          592    i.fputc             usart.o
    0x080026c4   0x0000004c   Code   RO            4    i.main              main.o
    0x08002710   0x00000070   Code   RO         2278    i.prvAddCurrentTaskToDelayedList  tasks.o
    0x08002780   0x000000d0   Code   RO         2279    i.prvAddNewTaskToReadyList  tasks.o
    0x08002850   0x00000050   Code   RO         2623    i.prvCheckForValidListAndQueue  timers.o
    0x080028a0   0x00000054   Code   RO         2280    i.prvCheckTasksWaitingTermination  tasks.o
    0x080028f4   0x00000026   Code   RO         2060    i.prvCopyDataFromQueue  queue.o
    0x0800291a   0x0000006c   Code   RO         2061    i.prvCopyDataToQueue  queue.o
    0x08002986   0x00000014   Code   RO         2281    i.prvDeleteTCB      tasks.o
    0x0800299a   0x00000002   PAD
    0x0800299c   0x0000004c   Code   RO         2743    i.prvHeapInit       heap_4.o
    0x080029e8   0x00000028   Code   RO         2282    i.prvIdleTask       tasks.o
    0x08002a10   0x000000c0   Code   RO         2283    i.prvInitialiseNewTask  tasks.o
    0x08002ad0   0x0000004c   Code   RO         2744    i.prvInsertBlockIntoFreeList  heap_4.o
    0x08002b1c   0x00000038   Code   RO         2624    i.prvInsertTimerInActiveList  timers.o
    0x08002b54   0x0000001a   Code   RO         2062    i.prvIsQueueEmpty   queue.o
    0x08002b6e   0x00000002   PAD
    0x08002b70   0x00000090   Code   RO         2063    i.prvNotifyQueueSetContainer  queue.o
    0x08002c00   0x00000060   Code   RO         2625    i.prvProcessExpiredTimer  timers.o
    0x08002c60   0x000000f0   Code   RO         2626    i.prvProcessReceivedCommands  timers.o
    0x08002d50   0x0000006c   Code   RO         2627    i.prvProcessTimerOrBlockTask  timers.o
    0x08002dbc   0x00000020   Code   RO         2285    i.prvResetNextTaskUnblockTime  tasks.o
    0x08002ddc   0x00000028   Code   RO         2628    i.prvSampleTimeNow  timers.o
    0x08002e04   0x0000006c   Code   RO         2629    i.prvSwitchTimerLists  timers.o
    0x08002e70   0x00000064   Code   RO         2793    i.prvTaskExitError  port.o
    0x08002ed4   0x00000028   Code   RO         2630    i.prvTimerTask      timers.o
    0x08002efc   0x00000078   Code   RO         2064    i.prvUnlockQueue    queue.o
    0x08002f74   0x00000114   Code   RO         2745    i.pvPortMalloc      heap_4.o
    0x08003088   0x00000018   Code   RO         2287    i.pvTaskIncrementMutexHeldCount  tasks.o
    0x080030a0   0x00000024   Code   RO         2794    i.pxPortInitialiseStack  port.o
    0x080030c4   0x00000006   Code   RO            5    i.sendRfidCmd_task  main.o
    0x080030ca   0x00000002   PAD
    0x080030cc   0x0000016c   Code   RO          497    i.usart3_init       usart3.o
    0x08003238   0x00000024   Code   RO         2023    i.uxListRemove      list.o
    0x0800325c   0x00000016   Code   RO         2024    i.vListInitialise   list.o
    0x08003272   0x00000006   Code   RO         2025    i.vListInitialiseItem  list.o
    0x08003278   0x00000030   Code   RO         2026    i.vListInsert       list.o
    0x080032a8   0x00000018   Code   RO         2027    i.vListInsertEnd    list.o
    0x080032c0   0x00000078   Code   RO         2796    i.vPortEnterCritical  port.o
    0x08003338   0x00000064   Code   RO         2797    i.vPortExitCritical  port.o
    0x0800339c   0x0000009c   Code   RO         2746    i.vPortFree         heap_4.o
    0x08003438   0x00000020   Code   RO         2798    i.vPortSetupTimerInterrupt  port.o
    0x08003458   0x0000008c   Code   RO         2799    i.vPortValidateInterruptPriority  port.o
    0x080034e4   0x00000024   Code   RO         2070    i.vQueueAddToRegistry  queue.o
    0x08003508   0x00000044   Code   RO         2074    i.vQueueWaitForMessageRestricted  queue.o
    0x0800354c   0x0000006c   Code   RO         2295    i.vTaskDelay        tasks.o
    0x080035b8   0x0000000c   Code   RO         2301    i.vTaskMissedYield  tasks.o
    0x080035c4   0x00000054   Code   RO         2303    i.vTaskPlaceOnEventList  tasks.o
    0x08003618   0x0000005c   Code   RO         2304    i.vTaskPlaceOnEventListRestricted  tasks.o
    0x08003674   0x00000084   Code   RO         2306    i.vTaskPriorityInherit  tasks.o
    0x080036f8   0x00000048   Code   RO         2310    i.vTaskSetTimeOutState  tasks.o
    0x08003740   0x00000094   Code   RO         2311    i.vTaskStartScheduler  tasks.o
    0x080037d4   0x00000010   Code   RO         2313    i.vTaskSuspendAll   tasks.o
    0x080037e4   0x0000007c   Code   RO         2314    i.vTaskSwitchContext  tasks.o
    0x08003860   0x00000078   Code   RO         2800    i.xPortStartScheduler  port.o
    0x080038d8   0x0000002c   Code   RO         2801    i.xPortSysTickHandler  port.o
    0x08003904   0x0000005c   Code   RO         2076    i.xQueueCreateCountingSemaphore  queue.o
    0x08003960   0x00000024   Code   RO         2077    i.xQueueCreateMutex  queue.o
    0x08003984   0x00000078   Code   RO         2079    i.xQueueGenericCreate  queue.o
    0x080039fc   0x00000184   Code   RO         2080    i.xQueueGenericReceive  queue.o
    0x08003b80   0x000000a8   Code   RO         2081    i.xQueueGenericReset  queue.o
    0x08003c28   0x00000188   Code   RO         2082    i.xQueueGenericSend  queue.o
    0x08003db0   0x000000e0   Code   RO         2083    i.xQueueGenericSendFromISR  queue.o
    0x08003e90   0x000000c8   Code   RO         2084    i.xQueueGiveFromISR  queue.o
    0x08003f58   0x00000088   Code   RO         2315    i.xTaskCheckForTimeOut  tasks.o
    0x08003fe0   0x00000056   Code   RO         2316    i.xTaskCreate       tasks.o
    0x08004036   0x00000002   PAD
    0x08004038   0x0000001c   Code   RO         2320    i.xTaskGetSchedulerState  tasks.o
    0x08004054   0x0000000c   Code   RO         2321    i.xTaskGetTickCount  tasks.o
    0x08004060   0x000000e8   Code   RO         2323    i.xTaskIncrementTick  tasks.o
    0x08004148   0x000000b4   Code   RO         2326    i.xTaskPriorityDisinherit  tasks.o
    0x080041fc   0x00000098   Code   RO         2327    i.xTaskRemoveFromEventList  tasks.o
    0x08004294   0x000000e4   Code   RO         2329    i.xTaskResumeAll    tasks.o
    0x08004378   0x00000074   Code   RO         2633    i.xTimerCreate      timers.o
    0x080043ec   0x00000074   Code   RO         2634    i.xTimerCreateTimerTask  timers.o
    0x08004460   0x00000090   Code   RO         2635    i.xTimerGenericCommand  timers.o
    0x080044f0   0x00000028   Data   RO         3072    .constdata          c_w.l(_printf_hex_int.o)
    0x08004518   0x00000011   Data   RO         3102    .constdata          c_w.l(__printf_flags_wp.o)
    0x08004529   0x00000003   PAD
    0x0800452c   0x00000020   Data   RO         3302    Region$$Table       anon$$obj.o


    Execution Region ER_RW (Base: 0x20000000, Size: 0x00000128, Max: 0xffffffff, ABSOLUTE)

    Base Addr    Size         Type   Attr      Idx    E Section Name        Object

    0x20000000   0x00000024   Data   RW            6    .data               main.o
    0x20000024   0x00000004   Data   RW            7    .data               main.o
    0x20000028   0x00000014   Data   RW          291    .data               system_stm32f10x.o
    0x2000003c   0x00000008   Data   RW          351    .data               bsp_uart.o
    0x20000044   0x00000004   Data   RW          423    .data               uart4.o
    0x20000048   0x00000008   Data   RW          467    .data               usart2.o
    0x20000050   0x0000000c   Data   RW          499    .data               usart3.o
    0x2000005c   0x00000004   Data   RW          529    .data               delay.o
    0x20000060   0x00000004   Data   RW          593    .data               usart.o
    0x20000064   0x00000014   Data   RW          842    .data               stm32f10x_rcc.o
    0x20000078   0x0000003c   Data   RW         2332    .data               tasks.o
    0x200000b4   0x00000014   Data   RW         2643    .data               timers.o
    0x200000c8   0x00000018   Data   RW         2751    .data               heap_4.o
    0x200000e0   0x0000000c   Data   RW         2802    .data               port.o
    0x200000ec   0x00000030   Data   RW         2883    .data               rfid.o
    0x2000011c   0x00000001   Data   RW         2957    .data               wifi.o
    0x2000011d   0x00000001   PAD
    0x2000011e   0x0000000a   Data   RW         3016    .data               lora.o


    Execution Region ER_ZI (Base: 0x20000128, Size: 0x00006560, Max: 0xffffffff, ABSOLUTE)

    Base Addr    Size         Type   Attr      Idx    E Section Name        Object

    0x20000128   0x0000020c   Zero   RW          350    .bss                bsp_uart.o
    0x20000334   0x00000070   Zero   RW          422    .bss                uart4.o
    0x200003a4   0x0000040c   Zero   RW          466    .bss                usart2.o
    0x200007b0   0x0000040c   Zero   RW          498    .bss                usart3.o
    0x20000bbc   0x00000040   Zero   RW         2094    .bss                queue.o
    0x20000bfc   0x000002e4   Zero   RW         2331    .bss                tasks.o
    0x20000ee0   0x00000028   Zero   RW         2642    .bss                timers.o
    0x20000f08   0x00005000   Zero   RW         2750    .bss                heap_4.o
    0x20005f08   0x0000001e   Zero   RW         2880    .bss                rfid.o
    0x20005f26   0x00000100   Zero   RW         2956    .bss                wifi.o
    0x20006026   0x00000002   PAD
    0x20006028   0x00000060   Zero   RW         3181    .bss                c_w.l(libspace.o)
    0x20006088   0x00000200   Zero   RW          630    HEAP                startup_stm32f10x_hd.o
    0x20006288   0x00000400   Zero   RW          629    STACK               startup_stm32f10x_hd.o


==============================================================================

Image component sizes


      Code (inc. data)   RO Data    RW Data    ZI Data      Debug   Object Name

        92          0          0          0          0       1195   app_fifo.o
       492         40          0          8        524       2027   bsp_uart.o
       200         20          0          4          0       2141   delay.o
         0          0          0          0          0       1476   event_groups.o
       584        138          0         24      20480       3503   heap_4.o
       136          0          0          0          0       2674   list.o
      1240        298          0         10          0       1926   lora.o
       494        126          0         40          0     283661   main.o
       144         16          0          0          0       1853   misc.o
       842        312          0         12          0       9697   port.o
      2160        312          0          0         64      12749   queue.o
       172         24          0         48         30       2979   rfid.o
        64         26        304          0       1536        776   startup_stm32f10x_hd.o
       338         18          0          0          0       4215   stm32f10x_dma.o
       244          6          0          0          0       2398   stm32f10x_gpio.o
        12          0          0          0          0       2313   stm32f10x_it.o
       268         46          0         20          0       5768   stm32f10x_rcc.o
        30          0          0          0          0       2377   stm32f10x_tim.o
       446         26          0          0          0       5606   stm32f10x_usart.o
         0          0          0          0          0         32   sys.o
       248         24          0         20          0       1617   system_stm32f10x.o
      2554        618          0         60        740      26037   tasks.o
       120         52          0          0          0        924   timer.o
      1144        260          0         20         40       8222   timers.o
       616         62          0          4        112      11038   uart4.o
        26          6          0          4          0       2598   usart.o
       616         52          0          8       1036       2713   usart2.o
       616         50          0         12       1036       2769   usart3.o
      1548        570          0          1        256       5641   wifi.o

    ----------------------------------------------------------------------
     15470       3102        336        296      25856     410925   Object Totals
         0          0         32          0          0          0   (incl. Generated)
        24          0          0          1          2          0   (incl. Padding)

    ----------------------------------------------------------------------

      Code (inc. data)   RO Data    RW Data    ZI Data      Debug   Library Member Name

         8          0          0          0          0         68   __main.o
       312          4         17          0          0         92   __printf_flags_wp.o
        14          0          0          0          0         68   __printf_wp.o
         0          0          0          0          0          0   __rtentry.o
        12          0          0          0          0          0   __rtentry2.o
         6          0          0          0          0          0   __rtentry4.o
        52          8          0          0          0          0   __scatter.o
        26          0          0          0          0          0   __scatter_copy.o
        28          0          0          0          0          0   __scatter_zi.o
         6          0          0          0          0          0   _printf_c.o
        44          0          0          0          0        108   _printf_char.o
        48          6          0          0          0         96   _printf_char_common.o
        36          4          0          0          0         80   _printf_char_file.o
         6          0          0          0          0          0   _printf_d.o
       120         16          0          0          0         92   _printf_dec.o
        88          4         40          0          0         88   _printf_hex_int.o
       178          0          0          0          0         88   _printf_intcommon.o
        78          0          0          0          0        108   _printf_pad.o
         0          0          0          0          0          0   _printf_percent.o
         4          0          0          0          0          0   _printf_percent_end.o
         6          0          0          0          0          0   _printf_s.o
        82          0          0          0          0         80   _printf_str.o
         6          0          0          0          0          0   _printf_x.o
        10          0          0          0          0         68   _sputc.o
        16          0          0          0          0         68   aeabi_memset.o
        12          0          0          0          0         72   exit.o
         8          0          0          0          0         68   ferror.o
         6          0          0          0          0        152   heapauxi.o
         2          0          0          0          0          0   libinit.o
         2          0          0          0          0          0   libinit2.o
         2          0          0          0          0          0   libshutdown.o
         2          0          0          0          0          0   libshutdown2.o
         8          4          0          0         96         68   libspace.o
        24          4          0          0          0         84   noretval__2printf.o
        40          6          0          0          0         84   noretval__2sprintf.o
        68          0          0          0          0         68   rt_memclr.o
        78          0          0          0          0         80   rt_memclr_w.o
       138          0          0          0          0         68   rt_memcpy_v6.o
       100          0          0          0          0         80   rt_memcpy_w.o
         2          0          0          0          0          0   rtexit.o
        10          0          0          0          0          0   rtexit2.o
        62          0          0          0          0         76   strlen.o
        36          0          0          0          0         80   strstr.o
        74          0          0          0          0         80   sys_stackheap_outer.o
         2          0          0          0          0         68   use_no_semi.o
         2          0          0          0          0         68   use_no_semi_2.o

    ----------------------------------------------------------------------
      1874         56         60          0         96       2300   Library Totals
        10          0          3          0          0          0   (incl. Padding)

    ----------------------------------------------------------------------

      Code (inc. data)   RO Data    RW Data    ZI Data      Debug   Library Name

      1864         56         57          0         96       2300   c_w.l

    ----------------------------------------------------------------------
      1874         56         60          0         96       2300   Library Totals

    ----------------------------------------------------------------------

==============================================================================


      Code (inc. data)   RO Data    RW Data    ZI Data      Debug   

     17344       3158        396        296      25952     404953   Grand Totals
     17344       3158        396        296      25952     404953   ELF Image Totals
     17344       3158        396        296          0          0   ROM Totals

==============================================================================

    Total RO  Size (Code + RO Data)                17740 (  17.32kB)
    Total RW  Size (RW Data + ZI Data)             26248 (  25.63kB)
    Total ROM Size (Code + RO Data + RW Data)      18036 (  17.61kB)

==============================================================================

