Component: ARM Compiler 5.05 update 1 (build 106) Tool: armlink [4d0efa]

==============================================================================

Section Cross References

    main.o(i.Key_task) refers to stm32f10x_rcc.o(i.RCC_APB2PeriphClockCmd) for RCC_APB2PeriphClockCmd
    main.o(i.Key_task) refers to stm32f10x_gpio.o(i.GPIO_Init) for GPIO_Init
    main.o(i.Key_task) refers to stm32f10x_gpio.o(i.GPIO_ResetBits) for GPIO_ResetBits
    main.o(i.Key_task) refers to stm32f10x_gpio.o(i.GPIO_SetBits) for GPIO_SetBits
    main.o(i.Key_task) refers to noretval__2printf.o(.text) for __2printf
    main.o(i.Key_task) refers to stm32f10x_gpio.o(i.GPIO_ReadInputDataBit) for GPIO_ReadInputDataBit
    main.o(i.Key_task) refers to tasks.o(i.vTaskDelay) for vTaskDelay
    main.o(i.Lora_task) refers to _printf_percent.o(.ARM.Collect$$_printf_percent$$00000000) for _printf_percent
    main.o(i.Lora_task) refers to _printf_s.o(.ARM.Collect$$_printf_percent$$00000014) for _printf_s
    main.o(i.Lora_task) refers to _printf_str.o(.text) for _printf_str
    main.o(i.Lora_task) refers to queue.o(i.xQueueCreateCountingSemaphore) for xQueueCreateCountingSemaphore
    main.o(i.Lora_task) refers to usart2.o(i.Usart2_Init) for Usart2_Init
    main.o(i.Lora_task) refers to lora.o(i.LoRa_Init) for LoRa_Init
    main.o(i.Lora_task) refers to tasks.o(i.xTaskCreate) for xTaskCreate
    main.o(i.Lora_task) refers to rt_memclr_w.o(.text) for __aeabi_memclr4
    main.o(i.Lora_task) refers to queue.o(i.xQueueGenericReceive) for xQueueGenericReceive
    main.o(i.Lora_task) refers to delay.o(i.delay_ms) for delay_ms
    main.o(i.Lora_task) refers to app_fifo.o(i.Fifo_Get) for Fifo_Get
    main.o(i.Lora_task) refers to strlen.o(.text) for strlen
    main.o(i.Lora_task) refers to noretval__2sprintf.o(.text) for __2sprintf
    main.o(i.Lora_task) refers to wifi.o(i.ESP8266_MQTT_Pub) for ESP8266_MQTT_Pub
    main.o(i.Lora_task) refers to main.o(.data) for .data
    main.o(i.Lora_task) refers to main.o(i.Rfid_task) for Rfid_task
    main.o(i.Lora_task) refers to main.o(i.sendRfidCmd_task) for sendRfidCmd_task
    main.o(i.Lora_task) refers to usart2.o(.bss) for Usart2_Rx_Fifo
    main.o(i.Lora_task) refers to main.o(.bss) for .bss
    main.o(i.Rfid_task) refers to _printf_percent.o(.ARM.Collect$$_printf_percent$$00000000) for _printf_percent
    main.o(i.Rfid_task) refers to _printf_s.o(.ARM.Collect$$_printf_percent$$00000014) for _printf_s
    main.o(i.Rfid_task) refers to _printf_str.o(.text) for _printf_str
    main.o(i.Rfid_task) refers to usart3.o(i.usart3_init) for usart3_init
    main.o(i.Rfid_task) refers to queue.o(i.xQueueCreateCountingSemaphore) for xQueueCreateCountingSemaphore
    main.o(i.Rfid_task) refers to queue.o(i.xQueueGenericReceive) for xQueueGenericReceive
    main.o(i.Rfid_task) refers to rfid.o(i.ReadId) for ReadId
    main.o(i.Rfid_task) refers to noretval__2sprintf.o(.text) for __2sprintf
    main.o(i.Rfid_task) refers to noretval__2printf.o(.text) for __2printf
    main.o(i.Rfid_task) refers to usart2.o(i.Usart2_Send) for Usart2_Send
    main.o(i.Rfid_task) refers to main.o(.data) for .data
    main.o(i.Rfid_task) refers to main.o(.bss) for .bss
    main.o(i.Wifi_task) refers to _printf_percent.o(.ARM.Collect$$_printf_percent$$00000000) for _printf_percent
    main.o(i.Wifi_task) refers to _printf_s.o(.ARM.Collect$$_printf_percent$$00000014) for _printf_s
    main.o(i.Wifi_task) refers to _printf_str.o(.text) for _printf_str
    main.o(i.Wifi_task) refers to queue.o(i.xQueueCreateCountingSemaphore) for xQueueCreateCountingSemaphore
    main.o(i.Wifi_task) refers to uart4.o(i.Uart4_Init) for Uart4_Init
    main.o(i.Wifi_task) refers to wifi.o(i.Connect_MQTT) for Connect_MQTT
    main.o(i.Wifi_task) refers to tasks.o(i.xTaskCreate) for xTaskCreate
    main.o(i.Wifi_task) refers to queue.o(i.xQueueGenericReceive) for xQueueGenericReceive
    main.o(i.Wifi_task) refers to rt_memclr_w.o(.text) for __aeabi_memclr4
    main.o(i.Wifi_task) refers to app_fifo.o(i.Fifo_Get) for Fifo_Get
    main.o(i.Wifi_task) refers to strstr.o(.text) for strstr
    main.o(i.Wifi_task) refers to noretval__2printf.o(.text) for __2printf
    main.o(i.Wifi_task) refers to usart2.o(i.Usart2_Send) for Usart2_Send
    main.o(i.Wifi_task) refers to queue.o(i.xQueueGenericSend) for xQueueGenericSend
    main.o(i.Wifi_task) refers to main.o(.data) for .data
    main.o(i.Wifi_task) refers to main.o(i.Lora_task) for Lora_task
    main.o(i.Wifi_task) refers to uart4.o(.bss) for Uart4_Rx_Fifo
    main.o(i.main) refers to misc.o(i.NVIC_PriorityGroupConfig) for NVIC_PriorityGroupConfig
    main.o(i.main) refers to delay.o(i.delay_init) for delay_init
    main.o(i.main) refers to bsp_uart.o(i.Usart1_Init) for Usart1_Init
    main.o(i.main) refers to queue.o(i.xQueueCreateMutex) for xQueueCreateMutex
    main.o(i.main) refers to tasks.o(i.xTaskCreate) for xTaskCreate
    main.o(i.main) refers to tasks.o(i.vTaskStartScheduler) for vTaskStartScheduler
[...]
    i.GPIO_PinRemapConfig                    0x080011cc   Section        0  stm32f10x_gpio.o(i.GPIO_PinRemapConfig)
    i.GPIO_ReadInputDataBit                  0x08001224   Section        0  stm32f10x_gpio.o(i.GPIO_ReadInputDataBit)
    i.GPIO_ResetBits                         0x08001232   Section        0  stm32f10x_gpio.o(i.GPIO_ResetBits)
    i.GPIO_SetBits                           0x08001236   Section        0  stm32f10x_gpio.o(i.GPIO_SetBits)
    i.HardFault_Handler                      0x0800123a   Section        0  stm32f10x_it.o(i.HardFault_Handler)
    i.Key_task                               0x0800123c   Section        0  main.o(i.Key_task)
    i.LoRa_Init                              0x08001300   Section        0  lora.o(i.LoRa_Init)
    i.LoRa_Set                               0x08001444   Section        0  lora.o(i.LoRa_Set)
    i.Lora_task                              0x080017d4   Section        0  main.o(i.Lora_task)
    i.MemManage_Handler                      0x080018ac   Section        0  stm32f10x_it.o(i.MemManage_Handler)
    i.NMI_Handler                            0x080018ae   Section        0  stm32f10x_it.o(i.NMI_Handler)
    i.NVIC_Init                              0x080018b0   Section        0  misc.o(i.NVIC_Init)
    i.NVIC_PriorityGroupConfig               0x08001914   Section        0  misc.o(i.NVIC_PriorityGroupConfig)
    i.RCC_AHBPeriphClockCmd                  0x08001928   Section        0  stm32f10x_rcc.o(i.RCC_AHBPeriphClockCmd)
    i.RCC_APB1PeriphClockCmd                 0x08001940   Section        0  stm32f10x_rcc.o(i.RCC_APB1PeriphClockCmd)
    i.RCC_APB1PeriphResetCmd                 0x08001958   Section        0  stm32f10x_rcc.o(i.RCC_APB1PeriphResetCmd)
    i.RCC_APB2PeriphClockCmd                 0x08001970   Section        0  stm32f10x_rcc.o(i.RCC_APB2PeriphClockCmd)
    i.RCC_APB2PeriphResetCmd                 0x08001988   Section        0  stm32f10x_rcc.o(i.RCC_APB2PeriphResetCmd)
    i.RCC_GetClocksFreq                      0x080019a0   Section        0  stm32f10x_rcc.o(i.RCC_GetClocksFreq)
    i.RFID_CMD                               0x08001a34   Section        0  rfid.o(i.RFID_CMD)
    i.ReadId                                 0x08001a54   Section        0  rfid.o(i.ReadId)
    i.Rfid_task                              0x08001af8   Section        0  main.o(i.Rfid_task)
    i.Send_AtCmd                             0x08001b64   Section        0  wifi.o(i.Send_AtCmd)
    i.SetSysClockTo72                        0x08001b88   Section        0  system_stm32f10x.o(i.SetSysClockTo72)
    SetSysClockTo72                          0x08001b89   Thumb Code   160  system_stm32f10x.o(i.SetSysClockTo72)
    i.SysTick_CLKSourceConfig                0x08001c30   Section        0  misc.o(i.SysTick_CLKSourceConfig)
    i.SysTick_Handler                        0x08001c48   Section        0  delay.o(i.SysTick_Handler)
    i.SystemInit                             0x08001c5c   Section        0  system_stm32f10x.o(i.SystemInit)
    i.TIM3_IRQHandler                        0x08001cac   Section        0  timer.o(i.TIM3_IRQHandler)
    i.TIM5_IRQHandler                        0x08001ce8   Section        0  timer.o(i.TIM5_IRQHandler)
    i.TIM_ClearITPendingBit                  0x08001d24   Section        0  stm32f10x_tim.o(i.TIM_ClearITPendingBit)
    i.TIM_GetITStatus                        0x08001d2a   Section        0  stm32f10x_tim.o(i.TIM_GetITStatus)
    i.TxCheckSum                             0x08001d42   Section        0  rfid.o(i.TxCheckSum)
    i.UART4_IRQHandler                       0x08001d64   Section        0  uart4.o(i.UART4_IRQHandler)
    i.USART1_IRQHandler                      0x08001e14   Section        0  bsp_uart.o(i.USART1_IRQHandler)
    i.USART2_IRQHandler                      0x08001ea0   Section        0  usart2.o(i.USART2_IRQHandler)
    i.USART3_IRQHandler                      0x08001f2c   Section        0  usart3.o(i.USART3_IRQHandler)
    i.USART_ClearITPendingBit                0x08001fc4   Section        0  stm32f10x_usart.o(i.USART_ClearITPendingBit)
    i.USART_Cmd                              0x08001fd0   Section        0  stm32f10x_usart.o(i.USART_Cmd)
    i.USART_DMACmd                           0x08001fe4   Section        0  stm32f10x_usart.o(i.USART_DMACmd)
    i.USART_DeInit                           0x08001ff4   Section        0  stm32f10x_usart.o(i.USART_DeInit)
    i.USART_GetITStatus                      0x08002068   Section        0  stm32f10x_usart.o(i.USART_GetITStatus)
    i.USART_ITConfig                         0x080020a6   Section        0  stm32f10x_usart.o(i.USART_ITConfig)
    i.USART_Init                             0x080020d8   Section        0  stm32f10x_usart.o(i.USART_Init)
    i.Uart4_Init                             0x08002184   Section        0  uart4.o(i.Uart4_Init)
    i.Uart4_Send                             0x080022f4   Section        0  uart4.o(i.Uart4_Send)
    i.UsageFault_Handler                     0x0800233c   Section        0  stm32f10x_it.o(i.UsageFault_Handler)
    i.Usart1_Init                            0x08002340   Section        0  bsp_uart.o(i.Usart1_Init)
    i.Usart2_Init                            0x080024a0   Section        0  usart2.o(i.Usart2_Init)
    i.Usart2_Send                            0x08002610   Section        0  usart2.o(i.Usart2_Send)
    i.Usart3_Send                            0x0800267c   Section        0  usart3.o(i.Usart3_Send)
    i.Wifi_task                              0x080026e0   Section        0  main.o(i.Wifi_task)
    i._is_digit                              0x0800279c   Section        0  __printf_wp.o(i._is_digit)
    i._sys_exit                              0x080027aa   Section        0  usart.o(i._sys_exit)
    i.delay_init                             0x080027ac   Section        0  delay.o(i.delay_init)
    i.delay_ms                               0x080027f4   Section        0  delay.o(i.delay_ms)
    i.delay_us                               0x0800282c   Section        0  delay.o(i.delay_us)
    i.fputc                                  0x08002860   Section        0  usart.o(i.fputc)
    i.main                                   0x08002878   Section        0  main.o(i.main)
    i.prvAddCurrentTaskToDelayedList         0x080028ec   Section        0  tasks.o(i.prvAddCurrentTaskToDelayedList)
    prvAddCurrentTaskToDelayedList           0x080028ed   Thumb Code   102  tasks.o(i.prvAddCurrentTaskToDelayedList)
    i.prvAddNewTaskToReadyList               0x0800295c   Section        0  tasks.o(i.prvAddNewTaskToReadyList)
    prvAddNewTaskToReadyList                 0x0800295d   Thumb Code   192  tasks.o(i.prvAddNewTaskToReadyList)
    i.prvCheckForValidListAndQueue           0x08002a2c   Section        0  timers.o(i.prvCheckForValidListAndQueue)
    prvCheckForValidListAndQueue             0x08002a2d   Thumb Code    62  timers.o(i.prvCheckForValidListAndQueue)
    i.prvCheckTasksWaitingTermination        0x08002a7c   Section        0  tasks.o(i.prvCheckTasksWaitingTermination)
    prvCheckTasksWaitingTermination          0x08002a7d   Thumb Code    74  tasks.o(i.prvCheckTasksWaitingTermination)
    i.prvCopyDataFromQueue                   0x08002ad0   Section        0  queue.o(i.prvCopyDataFromQueue)
    prvCopyDataFromQueue                     0x08002ad1   Thumb Code    38  queue.o(i.prvCopyDataFromQueue)
    i.prvCopyDataToQueue                     0x08002af6   Section        0  queue.o(i.prvCopyDataToQueue)
    prvCopyDataToQueue                       0x08002af7   Thumb Code   108  queue.o(i.prvCopyDataToQueue)
    i.prvDeleteTCB                           0x08002b62   Section        0  tasks.o(i.prvDeleteTCB)
    prvDeleteTCB                             0x08002b63   Thumb Code    20  tasks.o(i.prvDeleteTCB)
    i.prvHeapInit                            0x08002b78   Section        0  heap_4.o(i.prvHeapInit)
    prvHeapInit                              0x08002b79   Thumb Code    66  heap_4.o(i.prvHeapInit)
    i.prvIdleTask                            0x08002bc4   Section        0  tasks.o(i.prvIdleTask)
    prvIdleTask                              0x08002bc5   Thumb Code    30  tasks.o(i.prvIdleTask)
    i.prvInitialiseNewTask                   0x08002bec   Section        0  tasks.o(i.prvInitialiseNewTask)
    prvInitialiseNewTask                     0x08002bed   Thumb Code   154  tasks.o(i.prvInitialiseNewTask)
    i.prvInsertBlockIntoFreeList             0x08002cac   Section        0  heap_4.o(i.prvInsertBlockIntoFreeList)
    prvInsertBlockIntoFreeList               0x08002cad   Thumb Code    72  heap_4.o(i.prvInsertBlockIntoFreeList)
    i.prvInsertTimerInActiveList             0x08002cf8   Section        0  timers.o(i.prvInsertTimerInActiveList)
    prvInsertTimerInActiveList               0x08002cf9   Thumb Code    52  timers.o(i.prvInsertTimerInActiveList)
    i.prvIsQueueEmpty                        0x08002d30   Section        0  queue.o(i.prvIsQueueEmpty)
    prvIsQueueEmpty                          0x08002d31   Thumb Code    26  queue.o(i.prvIsQueueEmpty)
    i.prvNotifyQueueSetContainer             0x08002d4c   Section        0  queue.o(i.prvNotifyQueueSetContainer)
    prvNotifyQueueSetContainer               0x08002d4d   Thumb Code   108  queue.o(i.prvNotifyQueueSetContainer)
    i.prvProcessExpiredTimer                 0x08002ddc   Section        0  timers.o(i.prvProcessExpiredTimer)
    prvProcessExpiredTimer                   0x08002ddd   Thumb Code    86  timers.o(i.prvProcessExpiredTimer)
    i.prvProcessReceivedCommands             0x08002e3c   Section        0  timers.o(i.prvProcessReceivedCommands)
    prvProcessReceivedCommands               0x08002e3d   Thumb Code   196  timers.o(i.prvProcessReceivedCommands)
    i.prvProcessTimerOrBlockTask             0x08002f2c   Section        0  timers.o(i.prvProcessTimerOrBlockTask)
    prvProcessTimerOrBlockTask               0x08002f2d   Thumb Code    98  timers.o(i.prvProcessTimerOrBlockTask)
    i.prvResetNextTaskUnblockTime            0x08002f98   Section        0  tasks.o(i.prvResetNextTaskUnblockTime)
    prvResetNextTaskUnblockTime              0x08002f99   Thumb Code    26  tasks.o(i.prvResetNextTaskUnblockTime)
    i.prvSampleTimeNow                       0x08002fb8   Section        0  timers.o(i.prvSampleTimeNow)
    prvSampleTimeNow                         0x08002fb9   Thumb Code    36  timers.o(i.prvSampleTimeNow)
    i.prvSwitchTimerLists                    0x08002fe0   Section        0  timers.o(i.prvSwitchTimerLists)
    prvSwitchTimerLists                      0x08002fe1   Thumb Code   100  timers.o(i.prvSwitchTimerLists)
    i.prvTaskExitError                       0x0800304c   Section        0  port.o(i.prvTaskExitError)
    prvTaskExitError                         0x0800304d   Thumb Code    34  port.o(i.prvTaskExitError)
    i.prvTimerTask                           0x080030b0   Section        0  timers.o(i.prvTimerTask)
    prvTimerTask                             0x080030b1   Thumb Code    34  timers.o(i.prvTimerTask)
    i.prvUnlockQueue                         0x080030d8   Section        0  queue.o(i.prvUnlockQueue)
    prvUnlockQueue                           0x080030d9   Thumb Code   120  queue.o(i.prvUnlockQueue)
    i.pvPortMalloc                           0x08003150   Section        0  heap_4.o(i.pvPortMalloc)
    i.pvTaskIncrementMutexHeldCount          0x08003264   Section        0  tasks.o(i.pvTaskIncrementMutexHeldCount)
    i.pxPortInitialiseStack                  0x0800327c   Section        0  port.o(i.pxPortInitialiseStack)
    i.sendRfidCmd_task                       0x080032a0   Section        0  main.o(i.sendRfidCmd_task)
    i.usart3_init                            0x080032a8   Section        0  usart3.o(i.usart3_init)
    i.uxListRemove                           0x08003414   Section        0  list.o(i.uxListRemove)
    i.vListInitialise                        0x08003438   Section        0  list.o(i.vListInitialise)
    i.vListInitialiseItem                    0x0800344e   Section        0  list.o(i.vListInitialiseItem)
    i.vListInsert                            0x08003454   Section        0  list.o(i.vListInsert)
    i.vListInsertEnd                         0x08003484   Section        0  list.o(i.vListInsertEnd)
    i.vPortEnterCritical                     0x0800349c   Section        0  port.o(i.vPortEnterCritical)
    i.vPortExitCritical                      0x08003514   Section        0  port.o(i.vPortExitCritical)
    i.vPortFree                              0x08003578   Section        0  heap_4.o(i.vPortFree)
    i.vPortSetupTimerInterrupt               0x08003614   Section        0  port.o(i.vPortSetupTimerInterrupt)
    i.vPortValidateInterruptPriority         0x08003634   Section        0  port.o(i.vPortValidateInterruptPriority)
    i.vQueueAddToRegistry                    0x080036c0   Section        0  queue.o(i.vQueueAddToRegistry)
    i.vQueueWaitForMessageRestricted         0x080036e4   Section        0  queue.o(i.vQueueWaitForMessageRestricted)
    i.vTaskDelay                             0x08003728   Section        0  tasks.o(i.vTaskDelay)
    i.vTaskMissedYield                       0x08003794   Section        0  tasks.o(i.vTaskMissedYield)
    i.vTaskPlaceOnEventList                  0x080037a0   Section        0  tasks.o(i.vTaskPlaceOnEventList)
    i.vTaskPlaceOnEventListRestricted        0x080037f4   Section        0  tasks.o(i.vTaskPlaceOnEventListRestricted)
    i.vTaskPriorityInherit                   0x08003850   Section        0  tasks.o(i.vTaskPriorityInherit)
    i.vTaskSetTimeOutState                   0x080038d4   Section        0  tasks.o(i.vTaskSetTimeOutState)
    i.vTaskStartScheduler                    0x0800391c   Section        0  tasks.o(i.vTaskStartScheduler)
    i.vTaskSuspendAll                        0x080039b0   Section        0  tasks.o(i.vTaskSuspendAll)
    i.vTaskSwitchContext                     0x080039c0   Section        0  tasks.o(i.vTaskSwitchContext)
    i.xPortStartScheduler                    0x08003a3c   Section        0  port.o(i.xPortStartScheduler)
    i.xPortSysTickHandler                    0x08003ab4   Section        0  port.o(i.xPortSysTickHandler)
    i.xQueueCreateCountingSemaphore          0x08003ae0   Section        0  queue.o(i.xQueueCreateCountingSemaphore)
    i.xQueueCreateMutex                      0x08003b3c   Section        0  queue.o(i.xQueueCreateMutex)
    i.xQueueGenericCreate                    0x08003b60   Section        0  queue.o(i.xQueueGenericCreate)
    i.xQueueGenericReceive                   0x08003bd8   Section        0  queue.o(i.xQueueGenericReceive)
    i.xQueueGenericReset                     0x08003d5c   Section        0  queue.o(i.xQueueGenericReset)
    i.xQueueGenericSend                      0x08003e04   Section        0  queue.o(i.xQueueGenericSend)
    i.xQueueGenericSendFromISR               0x08003f8c   Section        0  queue.o(i.xQueueGenericSendFromISR)
    i.xQueueGiveFromISR                      0x0800406c   Section        0  queue.o(i.xQueueGiveFromISR)
    i.xTaskCheckForTimeOut                   0x08004134   Section        0  tasks.o(i.xTaskCheckForTimeOut)
    i.xTaskCreate                            0x080041bc   Section        0  tasks.o(i.xTaskCreate)
    i.xTaskGetSchedulerState                 0x08004214   Section        0  tasks.o(i.xTaskGetSchedulerState)
    i.xTaskGetTickCount                      0x08004230   Section        0  tasks.o(i.xTaskGetTickCount)
    i.xTaskIncrementTick                     0x0800423c   Section        0  tasks.o(i.xTaskIncrementTick)
    i.xTaskPriorityDisinherit                0x08004324   Section        0  tasks.o(i.xTaskPriorityDisinherit)
    i.xTaskRemoveFromEventList               0x080043d8   Section        0  tasks.o(i.xTaskRemoveFromEventList)
    i.xTaskResumeAll                         0x08004470   Section        0  tasks.o(i.xTaskResumeAll)
    i.xTimerCreate                           0x08004554   Section        0  timers.o(i.xTimerCreate)
    i.xTimerCreateTimerTask                  0x080045c8   Section        0  timers.o(i.xTimerCreateTimerTask)
    i.xTimerGenericCommand                   0x0800463c   Section        0  timers.o(i.xTimerGenericCommand)
    .constdata                               0x080046cc   Section       40  _printf_hex_int.o(.constdata)
    uc_hextab                                0x080046cc   Data          20  _printf_hex_int.o(.constdata)
    lc_hextab                                0x080046e0   Data          20  _printf_hex_int.o(.constdata)
    .constdata                               0x080046f4   Section       17  __printf_flags_wp.o(.constdata)
    maptable                                 0x080046f4   Data          17  __printf_flags_wp.o(.constdata)
    .data                                    0x20000000   Section       40  main.o(.data)
    .data                                    0x20000028   Section        4  main.o(.data)
    .data                                    0x2000002c   Section       20  system_stm32f10x.o(.data)
    .data                                    0x20000040   Section        8  bsp_uart.o(.data)
    Uart1TxSem                               0x20000040   Data           4  bsp_uart.o(.data)
    Uart1TxWaitSem                           0x20000044   Data           4  bsp_uart.o(.data)
    .data                                    0x20000048   Section        4  uart4.o(.data)
    Uart4TxWaitSem                           0x20000048   Data           4  uart4.o(.data)
    .data                                    0x2000004c   Section        8  usart2.o(.data)
    Usart2TxSem                              0x2000004c   Data           4  usart2.o(.data)
    Usart2TxWaitSem                          0x20000050   Data           4  usart2.o(.data)
    .data                                    0x20000054   Section       12  usart3.o(.data)
    init                                     0x20000054   Data           4  usart3.o(.data)
    Usart3TxSem                              0x20000058   Data           4  usart3.o(.data)
    Usart3TxWaitSem                          0x2000005c   Data           4  usart3.o(.data)
    .data                                    0x20000060   Section        4  delay.o(.data)
    fac_us                                   0x20000060   Data           1  delay.o(.data)
    fac_ms                                   0x20000062   Data           2  delay.o(.data)
    .data                                    0x20000064   Section        4  usart.o(.data)
    .data                                    0x20000068   Section       20  stm32f10x_rcc.o(.data)
    ADCPrescTable                            0x20000068   Data           4  stm32f10x_rcc.o(.data)
    APBAHBPrescTable                         0x2000006c   Data          16  stm32f10x_rcc.o(.data)
    .data                                    0x2000007c   Section       60  tasks.o(.data)
    uxDeletedTasksWaitingCleanUp             0x20000080   Data           4  tasks.o(.data)
    uxCurrentNumberOfTasks                   0x20000084   Data           4  tasks.o(.data)
    xTickCount                               0x20000088   Data           4  tasks.o(.data)
    uxTopReadyPriority                       0x2000008c   Data           4  tasks.o(.data)
    xSchedulerRunning                        0x20000090   Data           4  tasks.o(.data)
    uxPendedTicks                            0x20000094   Data           4  tasks.o(.data)
    xYieldPending                            0x20000098   Data           4  tasks.o(.data)
    xNumOfOverflows                          0x2000009c   Data           4  tasks.o(.data)
    uxTaskNumber                             0x200000a0   Data           4  tasks.o(.data)
    xNextTaskUnblockTime                     0x200000a4   Data           4  tasks.o(.data)
    xIdleTaskHandle                          0x200000a8   Data           4  tasks.o(.data)
    uxSchedulerSuspended                     0x200000ac   Data           4  tasks.o(.data)
    pxDelayedTaskList                        0x200000b0   Data           4  tasks.o(.data)
    pxOverflowDelayedTaskList                0x200000b4   Data           4  tasks.o(.data)
    .data                                    0x200000b8   Section       20  timers.o(.data)
    xTimerQueue                              0x200000b8   Data           4  timers.o(.data)
    xTimerTaskHandle                         0x200000bc   Data           4  timers.o(.data)
    xLastTime                                0x200000c0   Data           4  timers.o(.data)
    pxCurrentTimerList                       0x200000c4   Data           4  timers.o(.data)
    pxOverflowTimerList                      0x200000c8   Data           4  timers.o(.data)
    .data                                    0x200000cc   Section       24  heap_4.o(.data)
    pxEnd                                    0x200000cc   Data           4  heap_4.o(.data)
    xFreeBytesRemaining                      0x200000d0   Data           4  heap_4.o(.data)
    xMinimumEverFreeBytesRemaining           0x200000d4   Data           4  heap_4.o(.data)
    xBlockAllocatedBit                       0x200000d8   Data           4  heap_4.o(.data)
    xStart                                   0x200000dc   Data           8  heap_4.o(.data)
    .data                                    0x200000e4   Section       12  port.o(.data)
    ucMaxSysCallPriority                     0x200000e4   Data           1  port.o(.data)
    uxCriticalNesting                        0x200000e8   Data           4  port.o(.data)
    ulMaxPRIGROUPValue                       0x200000ec   Data           4  port.o(.data)
    .data                                    0x200000f0   Section       48  rfid.o(.data)
    .data                                    0x20000120   Section        1  wifi.o(.data)
    .data                                    0x20000122   Section       10  lora.o(.data)
    .bss                                     0x2000012c   Section       40  main.o(.bss)
    .bss                                     0x20000154   Section      524  bsp_uart.o(.bss)
    .bss                                     0x20000360   Section      112  uart4.o(.bss)
    .bss                                     0x200003d0   Section     1036  usart2.o(.bss)
    .bss                                     0x200007dc   Section     1036  usart3.o(.bss)
    .bss                                     0x20000be8   Section       64  queue.o(.bss)
    .bss                                     0x20000c28   Section      740  tasks.o(.bss)
    pxReadyTasksLists                        0x20000c28   Data         640  tasks.o(.bss)
    xDelayedTaskList1                        0x20000ea8   Data          20  tasks.o(.bss)
    xDelayedTaskList2                        0x20000ebc   Data          20  tasks.o(.bss)
    xPendingReadyList                        0x20000ed0   Data          20  tasks.o(.bss)
    xTasksWaitingTermination                 0x20000ee4   Data          20  tasks.o(.bss)
    xSuspendedTaskList                       0x20000ef8   Data          20  tasks.o(.bss)
    .bss                                     0x20000f0c   Section       40  timers.o(.bss)
    xActiveTimerList1                        0x20000f0c   Data          20  timers.o(.bss)
    xActiveTimerList2                        0x20000f20   Data          20  timers.o(.bss)
    .bss                                     0x20000f34   Section    20480  heap_4.o(.bss)
    ucHeap                                   0x20000f34   Data       20480  heap_4.o(.bss)
    .bss                                     0x20005f34   Section       30  rfid.o(.bss)
    .bss                                     0x20005f52   Section      256  wifi.o(.bss)
    .bss                                     0x20006054   Section       96  libspace.o(.bss)
    HEAP                                     0x200060b8   Section      512  startup_stm32f10x_hd.o(HEAP)
    Heap_Mem                                 0x200060b8   Data         512  startup_stm32f10x_hd.o(HEAP)
    STACK                                    0x200062b8   Section     1024  startup_stm32f10x_hd.o(STACK)
    Stack_Mem                                0x200062b8   Data        1024  startup_stm32f10x_hd.o(STACK)
    __initial_sp                             0x200066b8   Data           0  startup_stm32f10x_hd.o(STACK)

    Global Symbols

    Symbol Name                              Value     Ov Type        Size  Object(Section)

    BuildAttributes$$THM_ISAv4$P$D$K$B$S$PE$A:L22UL41UL21$X:L11$S22US41US21$IEEE1$IW$USESV6$~STKCKD$USESV7$~SHL$OSPACE$ROPI$EBA8$UX$STANDARDLIB$REQ8$PRES8$EABIv2 0x00000000   Number         0  anon$$obj.o ABSOLUTE
    __ARM_use_no_argv                        0x00000000   Number         0  main.o ABSOLUTE
    _printf_flags                            0x00000000   Number         0  printf_stubs.o ABSOLUTE
    _printf_return_value                     0x00000000   Number         0  printf_stubs.o ABSOLUTE
    _printf_sizespec                         0x00000000   Number         0  printf_stubs.o ABSOLUTE
    _printf_widthprec                        0x00000000   Number         0  printf_stubs.o ABSOLUTE
    __ARM_exceptions_init                     - Undefined Weak Reference
    __alloca_initialize                       - Undefined Weak Reference
    __arm_preinit_                            - Undefined Weak Reference
    __cpp_initialize__aeabi_                  - Undefined Weak Reference
    __cxa_finalize                            - Undefined Weak Reference
    __rt_locale                               - Undefined Weak Reference
    __sigvec_lookup                           - Undefined Weak Reference
    _atexit_init                              - Undefined Weak Reference
    _call_atexit_fns                          - Undefined Weak Reference
    _clock_init                               - Undefined Weak Reference
    _fp_trap_init                             - Undefined Weak Reference
    _fp_trap_shutdown                         - Undefined Weak Reference
    _get_lc_collate                           - Undefined Weak Reference
    _get_lc_ctype                             - Undefined Weak Reference
    _get_lc_monetary                          - Undefined Weak Reference
    _get_lc_numeric                           - Undefined Weak Reference
    _get_lc_time                              - Undefined Weak Reference
    _getenv_init                              - Undefined Weak Reference
    _handle_redirection                       - Undefined Weak Reference
    _init_alloc                               - Undefined Weak Reference
    _init_user_alloc                          - Undefined Weak Reference
    _initio                                   - Undefined Weak Reference
    _mutex_acquire                            - Undefined Weak Reference
    _mutex_release                            - Undefined Weak Reference
    _printf_mbtowc                            - Undefined Weak Reference
    _printf_truncate_signed                   - Undefined Weak Reference
    _printf_truncate_unsigned                 - Undefined Weak Reference
    _rand_init                                - Undefined Weak Reference
    _signal_finish                            - Undefined Weak Reference
    _signal_init                              - Undefined Weak Reference
    _terminate_alloc                          - Undefined Weak Reference
    _terminate_user_alloc                     - Undefined Weak Reference
    _terminateio                              - Undefined Weak Reference
    __Vectors_Size                           0x00000130   Number         0  startup_stm32f10x_hd.o ABSOLUTE
    __Vectors                                0x08000000   Data           4  startup_stm32f10x_hd.o(RESET)
    __Vectors_End                            0x08000130   Data           0  startup_stm32f10x_hd.o(RESET)
    __main                                   0x08000131   Thumb Code     8  __main.o(!!!main)
    __scatterload                            0x08000139   Thumb Code     0  __scatter.o(!!!scatter)
    __scatterload_rt2                        0x08000139   Thumb Code    44  __scatter.o(!!!scatter)
    __scatterload_rt2_thumb_only             0x08000139   Thumb Code     0  __scatter.o(!!!scatter)
    __scatterload_null                       0x08000147   Thumb Code     0  __scatter.o(!!!scatter)
    __decompress                             0x0800016d   Thumb Code    90  __dczerorl2.o(!!dczerorl2)
    __decompress1                            0x0800016d   Thumb Code     0  __dczerorl2.o(!!dczerorl2)
    __scatterload_zeroinit                   0x080001c9   Thumb Code    28  __scatter_zi.o(!!handler_zi)
    _printf_d                                0x080001e5   Thumb Code     0  _printf_d.o(.ARM.Collect$$_printf_percent$$00000009)
    _printf_percent                          0x080001e5   Thumb Code     0  _printf_percent.o(.ARM.Collect$$_printf_percent$$00000000)
    _printf_x                                0x080001eb   Thumb Code     0  _printf_x.o(.ARM.Collect$$_printf_percent$$0000000C)
    _printf_c                                0x080001f1   Thumb Code     0  _printf_c.o(.ARM.Collect$$_printf_percent$$00000013)
    _printf_s                                0x080001f7   Thumb Code     0  _printf_s.o(.ARM.Collect$$_printf_percent$$00000014)
    _printf_percent_end                      0x080001fd   Thumb Code     0  _printf_percent_end.o(.ARM.Collect$$_printf_percent$$00000017)
    __rt_lib_init                            0x08000201   Thumb Code     0  libinit.o(.ARM.Collect$$libinit$$00000000)
    __rt_lib_init_alloca_1                   0x08000203   Thumb Code     0  libinit2.o(.ARM.Collect$$libinit$$0000002E)
    __rt_lib_init_argv_1                     0x08000203   Thumb Code     0  libinit2.o(.ARM.Collect$$libinit$$0000002C)
    __rt_lib_init_atexit_1                   0x08000203   Thumb Code     0  libinit2.o(.ARM.Collect$$libinit$$0000001B)
    __rt_lib_init_clock_1                    0x08000203   Thumb Code     0  libinit2.o(.ARM.Collect$$libinit$$00000021)
    __rt_lib_init_cpp_1                      0x08000203   Thumb Code     0  libinit2.o(.ARM.Collect$$libinit$$00000032)
    __rt_lib_init_exceptions_1               0x08000203   Thumb Code     0  libinit2.o(.ARM.Collect$$libinit$$00000030)
    __rt_lib_init_fp_1                       0x08000203   Thumb Code     0  libinit2.o(.ARM.Collect$$libinit$$00000002)
    __rt_lib_init_fp_trap_1                  0x08000203   Thumb Code     0  libinit2.o(.ARM.Collect$$libinit$$0000001F)
    __rt_lib_init_getenv_1                   0x08000203   Thumb Code     0  libinit2.o(.ARM.Collect$$libinit$$00000023)
    __rt_lib_init_heap_1                     0x08000203   Thumb Code     0  libinit2.o(.ARM.Collect$$libinit$$0000000A)
    __rt_lib_init_lc_collate_1               0x08000203   Thumb Code     0  libinit2.o(.ARM.Collect$$libinit$$00000011)
    __rt_lib_init_lc_ctype_1                 0x08000203   Thumb Code     0  libinit2.o(.ARM.Collect$$libinit$$00000013)
    __rt_lib_init_lc_monetary_1              0x08000203   Thumb Code     0  libinit2.o(.ARM.Collect$$libinit$$00000015)
    __rt_lib_init_lc_numeric_1               0x08000203   Thumb Code     0  libinit2.o(.ARM.Collect$$libinit$$00000017)
    __rt_lib_init_lc_time_1                  0x08000203   Thumb Code     0  libinit2.o(.ARM.Collect$$libinit$$00000019)
    __rt_lib_init_preinit_1                  0x08000203   Thumb Code     0  libinit2.o(.ARM.Collect$$libinit$$00000004)
    __rt_lib_init_rand_1                     0x08000203   Thumb Code     0  libinit2.o(.ARM.Collect$$libinit$$0000000E)
    __rt_lib_init_return                     0x08000203   Thumb Code     0  libinit2.o(.ARM.Collect$$libinit$$00000033)
    __rt_lib_init_signal_1                   0x08000203   Thumb Code     0  libinit2.o(.ARM.Collect$$libinit$$0000001D)
    __rt_lib_init_stdio_1                    0x08000203   Thumb Code     0  libinit2.o(.ARM.Collect$$libinit$$00000025)
    __rt_lib_init_user_alloc_1               0x08000203   Thumb Code     0  libinit2.o(.ARM.Collect$$libinit$$0000000C)
    __rt_lib_shutdown                        0x08000205   Thumb Code     0  libshutdown.o(.ARM.Collect$$libshutdown$$00000000)
    __rt_lib_shutdown_fp_trap_1              0x08000207   Thumb Code     0  libshutdown2.o(.ARM.Collect$$libshutdown$$00000006)
    __rt_lib_shutdown_heap_1                 0x08000207   Thumb Code     0  libshutdown2.o(.ARM.Collect$$libshutdown$$0000000E)
    __rt_lib_shutdown_return                 0x08000207   Thumb Code     0  libshutdown2.o(.ARM.Collect$$libshutdown$$0000000F)
    __rt_lib_shutdown_signal_1               0x08000207   Thumb Code     0  libshutdown2.o(.ARM.Collect$$libshutdown$$00000009)
    __rt_lib_shutdown_stdio_1                0x08000207   Thumb Code     0  libshutdown2.o(.ARM.Collect$$libshutdown$$00000003)
    __rt_lib_shutdown_user_alloc_1           0x08000207   Thumb Code     0  libshutdown2.o(.ARM.Collect$$libshutdown$$0000000B)
    __rt_entry                               0x08000209   Thumb Code     0  __rtentry.o(.ARM.Collect$$rtentry$$00000000)
    __rt_entry_presh_1                       0x08000209   Thumb Code     0  __rtentry2.o(.ARM.Collect$$rtentry$$00000002)
    __rt_entry_sh                            0x08000209   Thumb Code     0  __rtentry4.o(.ARM.Collect$$rtentry$$00000004)
    __rt_entry_li                            0x0800020f   Thumb Code     0  __rtentry2.o(.ARM.Collect$$rtentry$$0000000A)
    __rt_entry_postsh_1                      0x0800020f   Thumb Code     0  __rtentry2.o(.ARM.Collect$$rtentry$$00000009)
    __rt_entry_main                          0x08000213   Thumb Code     0  __rtentry2.o(.ARM.Collect$$rtentry$$0000000D)
    __rt_entry_postli_1                      0x08000213   Thumb Code     0  __rtentry2.o(.ARM.Collect$$rtentry$$0000000C)
    __rt_exit                                0x0800021b   Thumb Code     0  rtexit.o(.ARM.Collect$$rtexit$$00000000)
    __rt_exit_ls                             0x0800021d   Thumb Code     0  rtexit2.o(.ARM.Collect$$rtexit$$00000003)
    __rt_exit_prels_1                        0x0800021d   Thumb Code     0  rtexit2.o(.ARM.Collect$$rtexit$$00000002)
    __rt_exit_exit                           0x08000221   Thumb Code     0  rtexit2.o(.ARM.Collect$$rtexit$$00000004)
    SVC_Handler                              0x08000229   Thumb Code    32  port.o(.emb_text)
    __asm___6_port_c_39a90d8d__prvStartFirstTask 0x0800024d   Thumb Code    28  port.o(.emb_text)
    PendSV_Handler                           0x0800026d   Thumb Code    72  port.o(.emb_text)
    vPortGetIPSR                             0x080002b9   Thumb Code     6  port.o(.emb_text)
    Reset_Handler                            0x080002c1   Thumb Code     8  startup_stm32f10x_hd.o(.text)
    ADC1_2_IRQHandler                        0x080002db   Thumb Code     0  startup_stm32f10x_hd.o(.text)
    ADC3_IRQHandler                          0x080002db   Thumb Code     0  startup_stm32f10x_hd.o(.text)
    CAN1_RX1_IRQHandler                      0x080002db   Thumb Code     0  startup_stm32f10x_hd.o(.text)
    CAN1_SCE_IRQHandler                      0x080002db   Thumb Code     0  startup_stm32f10x_hd.o(.text)
    DMA1_Channel1_IRQHandler                 0x080002db   Thumb Code     0  startup_stm32f10x_hd.o(.text)
    DMA1_Channel2_IRQHandler                 0x080002db   Thumb Code     0  startup_stm32f10x_hd.o(.text)
    DMA1_Channel3_IRQHandler                 0x080002db   Thumb Code     0  startup_stm32f10x_hd.o(.text)
    DMA1_Channel4_IRQHandler                 0x080002db   Thumb Code     0  startup_stm32f10x_hd.o(.text)
    DMA1_Channel5_IRQHandler                 0x080002db   Thumb Code     0  startup_stm32f10x_hd.o(.text)
    DMA1_Channel6_IRQHandler                 0x080002db   Thumb Code     0  startup_stm32f10x_hd.o(.text)
    DMA1_Channel7_IRQHandler                 0x080002db   Thumb Code     0  startup_stm32f10x_hd.o(.text)
    DMA2_Channel1_IRQHandler                 0x080002db   Thumb Code     0  startup_stm32f10x_hd.o(.text)
    DMA2_Channel2_IRQHandler                 0x080002db   Thumb Code     0  startup_stm32f10x_hd.o(.text)
    DMA2_Channel3_IRQHandler                 0x080002db   Thumb Code     0  startup_stm32f10x_hd.o(.text)
    DMA2_Channel4_5_IRQHandler               0x080002db   Thumb Code     0  startup_stm32f10x_hd.o(.text)
    EXTI0_IRQHandler                         0x080002db   Thumb Code     0  startup_stm32f10x_hd.o(.text)
    EXTI15_10_IRQHandler                     0x080002db   Thumb Code     0  startup_stm32f10x_hd.o(.text)
    EXTI1_IRQHandler                         0x080002db   Thumb Code     0  startup_stm32f10x_hd.o(.text)
    EXTI2_IRQHandler                         0x080002db   Thumb Code     0  startup_stm32f10x_hd.o(.text)
    EXTI3_IRQHandler                         0x080002db   Thumb Code     0  startup_stm32f10x_hd.o(.text)
    EXTI4_IRQHandler                         0x080002db   Thumb Code     0  startup_stm32f10x_hd.o(.text)
    EXTI9_5_IRQHandler                       0x080002db   Thumb Code     0  startup_stm32f10x_hd.o(.text)
    FLASH_IRQHandler                         0x080002db   Thumb Code     0  startup_stm32f10x_hd.o(.text)
    FSMC_IRQHandler                          0x080002db   Thumb Code     0  startup_stm32f10x_hd.o(.text)
    I2C1_ER_IRQHandler                       0x080002db   Thumb Code     0  startup_stm32f10x_hd.o(.text)
    I2C1_EV_IRQHandler                       0x080002db   Thumb Code     0  startup_stm32f10x_hd.o(.text)
    I2C2_ER_IRQHandler                       0x080002db   Thumb Code     0  startup_stm32f10x_hd.o(.text)
    I2C2_EV_IRQHandler                       0x080002db   Thumb Code     0  startup_stm32f10x_hd.o(.text)
    PVD_IRQHandler                           0x080002db   Thumb Code     0  startup_stm32f10x_hd.o(.text)
    RCC_IRQHandler                           0x080002db   Thumb Code     0  startup_stm32f10x_hd.o(.text)
    RTCAlarm_IRQHandler                      0x080002db   Thumb Code     0  startup_stm32f10x_hd.o(.text)
    RTC_IRQHandler                           0x080002db   Thumb Code     0  startup_stm32f10x_hd.o(.text)
    SDIO_IRQHandler                          0x080002db   Thumb Code     0  startup_stm32f10x_hd.o(.text)
    SPI1_IRQHandler                          0x080002db   Thumb Code     0  startup_stm32f10x_hd.o(.text)
    SPI2_IRQHandler                          0x080002db   Thumb Code     0  startup_stm32f10x_hd.o(.text)
    SPI3_IRQHandler                          0x080002db   Thumb Code     0  startup_stm32f10x_hd.o(.text)
    TAMPER_IRQHandler                        0x080002db   Thumb Code     0  startup_stm32f10x_hd.o(.text)
    TIM1_BRK_IRQHandler                      0x080002db   Thumb Code     0  startup_stm32f10x_hd.o(.text)
    TIM1_CC_IRQHandler                       0x080002db   Thumb Code     0  startup_stm32f10x_hd.o(.text)
    TIM1_TRG_COM_IRQHandler                  0x080002db   Thumb Code     0  startup_stm32f10x_hd.o(.text)
    TIM1_UP_IRQHandler                       0x080002db   Thumb Code     0  startup_stm32f10x_hd.o(.text)
    TIM2_IRQHandler                          0x080002db   Thumb Code     0  startup_stm32f10x_hd.o(.text)
    TIM4_IRQHandler                          0x080002db   Thumb Code     0  startup_stm32f10x_hd.o(.text)
    TIM6_IRQHandler                          0x080002db   Thumb Code     0  startup_stm32f10x_hd.o(.text)
    TIM7_IRQHandler                          0x080002db   Thumb Code     0  startup_stm32f10x_hd.o(.text)
    TIM8_BRK_IRQHandler                      0x080002db   Thumb Code     0  startup_stm32f10x_hd.o(.text)
    TIM8_CC_IRQHandler                       0x080002db   Thumb Code     0  startup_stm32f10x_hd.o(.text)
    TIM8_TRG_COM_IRQHandler                  0x080002db   Thumb Code     0  startup_stm32f10x_hd.o(.text)
    TIM8_UP_IRQHandler                       0x080002db   Thumb Code     0  startup_stm32f10x_hd.o(.text)
    UART5_IRQHandler                         0x080002db   Thumb Code     0  startup_stm32f10x_hd.o(.text)
    USBWakeUp_IRQHandler                     0x080002db   Thumb Code     0  startup_stm32f10x_hd.o(.text)
    USB_HP_CAN1_TX_IRQHandler                0x080002db   Thumb Code     0  startup_stm32f10x_hd.o(.text)
    USB_LP_CAN1_RX0_IRQHandler               0x080002db   Thumb Code     0  startup_stm32f10x_hd.o(.text)
    WWDG_IRQHandler                          0x080002db   Thumb Code     0  startup_stm32f10x_hd.o(.text)
    __user_initial_stackheap                 0x080002dd   Thumb Code     0  startup_stm32f10x_hd.o(.text)
    __use_no_semihosting                     0x08000301   Thumb Code     2  use_no_semi_2.o(.text)
    __2printf                                0x08000305   Thumb Code    20  noretval__2printf.o(.text)
    __2sprintf                               0x0800031d   Thumb Code    34  noretval__2sprintf.o(.text)
    _printf_pre_padding                      0x08000345   Thumb Code    44  _printf_pad.o(.text)
    _printf_post_padding                     0x08000371   Thumb Code    34  _printf_pad.o(.text)
    _printf_str                              0x08000393   Thumb Code    82  _printf_str.o(.text)
    _printf_int_dec                          0x080003e5   Thumb Code   104  _printf_dec.o(.text)
    _printf_int_hex                          0x0800045d   Thumb Code    84  _printf_hex_int.o(.text)
    _printf_longlong_hex                     0x0800045d   Thumb Code     0  _printf_hex_int.o(.text)
    __printf                                 0x080004b5   Thumb Code   308  __printf_flags_wp.o(.text)
    strstr                                   0x080005ed   Thumb Code    36  strstr.o(.text)
    strlen                                   0x08000611   Thumb Code    62  strlen.o(.text)
    __aeabi_memcpy                           0x0800064f   Thumb Code     0  rt_memcpy_v6.o(.text)
    __rt_memcpy                              0x0800064f   Thumb Code   138  rt_memcpy_v6.o(.text)
    _memcpy_lastbytes                        0x080006b5   Thumb Code     0  rt_memcpy_v6.o(.text)
    __aeabi_memset                           0x080006d9   Thumb Code    16  aeabi_memset.o(.text)
    __aeabi_memclr                           0x080006e9   Thumb Code     0  rt_memclr.o(.text)
    __rt_memclr                              0x080006e9   Thumb Code    68  rt_memclr.o(.text)
    _memset                                  0x080006ed   Thumb Code     0  rt_memclr.o(.text)
    __aeabi_memclr4                          0x0800072d   Thumb Code     0  rt_memclr_w.o(.text)
    __aeabi_memclr8                          0x0800072d   Thumb Code     0  rt_memclr_w.o(.text)
    __rt_memclr_w                            0x0800072d   Thumb Code    78  rt_memclr_w.o(.text)
    _memset_w                                0x08000731   Thumb Code     0  rt_memclr_w.o(.text)
    __use_two_region_memory                  0x0800077b   Thumb Code     2  heapauxi.o(.text)
    __rt_heap_escrow$2region                 0x0800077d   Thumb Code     2  heapauxi.o(.text)
    __rt_heap_expand$2region                 0x0800077f   Thumb Code     2  heapauxi.o(.text)
    __I$use$semihosting                      0x08000781   Thumb Code     0  use_no_semi.o(.text)
    __use_no_semihosting_swi                 0x08000781   Thumb Code     2  use_no_semi.o(.text)
    _printf_int_common                       0x08000783   Thumb Code   178  _printf_intcommon.o(.text)
    _printf_char_common                      0x0800083f   Thumb Code    32  _printf_char_common.o(.text)
    _sputc                                   0x08000865   Thumb Code    10  _sputc.o(.text)
    _printf_cs_common                        0x0800086f   Thumb Code    20  _printf_char.o(.text)
    _printf_char                             0x08000883   Thumb Code    16  _printf_char.o(.text)
    _printf_string                           0x08000893   Thumb Code     8  _printf_char.o(.text)
    _printf_char_file                        0x0800089d   Thumb Code    32  _printf_char_file.o(.text)
    __aeabi_memcpy4                          0x080008c1   Thumb Code     0  rt_memcpy_w.o(.text)
    __aeabi_memcpy8                          0x080008c1   Thumb Code     0  rt_memcpy_w.o(.text)
    __rt_memcpy_w                            0x080008c1   Thumb Code   100  rt_memcpy_w.o(.text)
    _memcpy_lastbytes_aligned                0x08000909   Thumb Code     0  rt_memcpy_w.o(.text)
    ferror                                   0x08000925   Thumb Code     8  ferror.o(.text)
    __user_setup_stackheap                   0x0800092d   Thumb Code    74  sys_stackheap_outer.o(.text)
    exit                                     0x08000977   Thumb Code    12  exit.o(.text)
    __user_libspace                          0x08000985   Thumb Code     8  libspace.o(.text)
    __user_perproc_libspace                  0x08000985   Thumb Code     0  libspace.o(.text)
    __user_perthread_libspace                0x08000985   Thumb Code     0  libspace.o(.text)
    BusFault_Handler                         0x0800098d   Thumb Code     2  stm32f10x_it.o(i.BusFault_Handler)
    Connect_MQTT                             0x08000991   Thumb Code   142  wifi.o(i.Connect_MQTT)
    DMA_ClearFlag                            0x08000ab1   Thumb Code    16  stm32f10x_dma.o(i.DMA_ClearFlag)
    DMA_Cmd                                  0x08000ac9   Thumb Code    22  stm32f10x_dma.o(i.DMA_Cmd)
    DMA_DeInit                               0x08000ae1   Thumb Code   218  stm32f10x_dma.o(i.DMA_DeInit)
    DMA_GetCurrDataCounter                   0x08000bc5   Thumb Code     6  stm32f10x_dma.o(i.DMA_GetCurrDataCounter)
    DMA_Init                                 0x08000bcb   Thumb Code    58  stm32f10x_dma.o(i.DMA_Init)
    DebugMon_Handler                         0x08000c05   Thumb Code     2  stm32f10x_it.o(i.DebugMon_Handler)
    ESP8266_Connect_IP                       0x08000c09   Thumb Code   248  wifi.o(i.ESP8266_Connect_IP)
    ESP8266_Connect_WIFI                     0x08000d91   Thumb Code   116  wifi.o(i.ESP8266_Connect_WIFI)
    ESP8266_MQTT_Pub                         0x08000e41   Thumb Code   260  wifi.o(i.ESP8266_MQTT_Pub)
    ESP8266_MQTT_SUB                         0x08000fa1   Thumb Code   110  wifi.o(i.ESP8266_MQTT_SUB)
    ESP8266_SetStation                       0x08001055   Thumb Code    78  wifi.o(i.ESP8266_SetStation)
    Fifo_Get                                 0x080010d5   Thumb Code    80  app_fifo.o(i.Fifo_Get)
    Fifo_Init                                0x08001125   Thumb Code    12  app_fifo.o(i.Fifo_Init)
    GPIO_Init                                0x08001131   Thumb Code   156  stm32f10x_gpio.o(i.GPIO_Init)
    GPIO_PinRemapConfig                      0x080011cd   Thumb Code    82  stm32f10x_gpio.o(i.GPIO_PinRemapConfig)
    GPIO_ReadInputDataBit                    0x08001225   Thumb Code    14  stm32f10x_gpio.o(i.GPIO_ReadInputDataBit)
    GPIO_ResetBits                           0x08001233   Thumb Code     4  stm32f10x_gpio.o(i.GPIO_ResetBits)
    GPIO_SetBits                             0x08001237   Thumb Code     4  stm32f10x_gpio.o(i.GPIO_SetBits)
    HardFault_Handler                        0x0800123b   Thumb Code     2  stm32f10x_it.o(i.HardFault_Handler)
    Key_task                                 0x0800123d   Thumb Code   168  main.o(i.Key_task)
    LoRa_Init                                0x08001301   Thumb Code   248  lora.o(i.LoRa_Init)
    LoRa_Set                                 0x08001445   Thumb Code   692  lora.o(i.LoRa_Set)
    Lora_task                                0x080017d5   Thumb Code   154  main.o(i.Lora_task)
    MemManage_Handler                        0x080018ad   Thumb Code     2  stm32f10x_it.o(i.MemManage_Handler)
    NMI_Handler                              0x080018af   Thumb Code     2  stm32f10x_it.o(i.NMI_Handler)
    NVIC_Init                                0x080018b1   Thumb Code    94  misc.o(i.NVIC_Init)
    NVIC_PriorityGroupConfig                 0x08001915   Thumb Code    10  misc.o(i.NVIC_PriorityGroupConfig)
    RCC_AHBPeriphClockCmd                    0x08001929   Thumb Code    18  stm32f10x_rcc.o(i.RCC_AHBPeriphClockCmd)
    RCC_APB1PeriphClockCmd                   0x08001941   Thumb Code    18  stm32f10x_rcc.o(i.RCC_APB1PeriphClockCmd)
    RCC_APB1PeriphResetCmd                   0x08001959   Thumb Code    18  stm32f10x_rcc.o(i.RCC_APB1PeriphResetCmd)
    RCC_APB2PeriphClockCmd                   0x08001971   Thumb Code    18  stm32f10x_rcc.o(i.RCC_APB2PeriphClockCmd)
    RCC_APB2PeriphResetCmd                   0x08001989   Thumb Code    18  stm32f10x_rcc.o(i.RCC_APB2PeriphResetCmd)
    RCC_GetClocksFreq                        0x080019a1   Thumb Code   132  stm32f10x_rcc.o(i.RCC_GetClocksFreq)
    RFID_CMD                                 0x08001a35   Thumb Code    28  rfid.o(i.RFID_CMD)
    ReadId                                   0x08001a55   Thumb Code   142  rfid.o(i.ReadId)
    Rfid_task                                0x08001af9   Thumb Code    72  main.o(i.Rfid_task)
    Send_AtCmd                               0x08001b65   Thumb Code    28  wifi.o(i.Send_AtCmd)
    SysTick_CLKSourceConfig                  0x08001c31   Thumb Code    24  misc.o(i.SysTick_CLKSourceConfig)
    SysTick_Handler                          0x08001c49   Thumb Code    20  delay.o(i.SysTick_Handler)
    SystemInit                               0x08001c5d   Thumb Code    64  system_stm32f10x.o(i.SystemInit)
    TIM3_IRQHandler                          0x08001cad   Thumb Code    34  timer.o(i.TIM3_IRQHandler)
    TIM5_IRQHandler                          0x08001ce9   Thumb Code    34  timer.o(i.TIM5_IRQHandler)
    TIM_ClearITPendingBit                    0x08001d25   Thumb Code     6  stm32f10x_tim.o(i.TIM_ClearITPendingBit)
    TIM_GetITStatus                          0x08001d2b   Thumb Code    24  stm32f10x_tim.o(i.TIM_GetITStatus)
    TxCheckSum                               0x08001d43   Thumb Code    32  rfid.o(i.TxCheckSum)
    UART4_IRQHandler                         0x08001d65   Thumb Code   150  uart4.o(i.UART4_IRQHandler)
    USART1_IRQHandler                        0x08001e15   Thumb Code   120  bsp_uart.o(i.USART1_IRQHandler)
    USART2_IRQHandler                        0x08001ea1   Thumb Code   120  usart2.o(i.USART2_IRQHandler)
    USART3_IRQHandler                        0x08001f2d   Thumb Code   132  usart3.o(i.USART3_IRQHandler)
    USART_ClearITPendingBit                  0x08001fc5   Thumb Code    12  stm32f10x_usart.o(i.USART_ClearITPendingBit)
    USART_Cmd                                0x08001fd1   Thumb Code    20  stm32f10x_usart.o(i.USART_Cmd)
    USART_DMACmd                             0x08001fe5   Thumb Code    16  stm32f10x_usart.o(i.USART_DMACmd)
    USART_DeInit                             0x08001ff5   Thumb Code    96  stm32f10x_usart.o(i.USART_DeInit)
    USART_GetITStatus                        0x08002069   Thumb Code    62  stm32f10x_usart.o(i.USART_GetITStatus)
    USART_ITConfig                           0x080020a7   Thumb Code    48  stm32f10x_usart.o(i.USART_ITConfig)
    USART_Init                               0x080020d9   Thumb Code   166  stm32f10x_usart.o(i.USART_Init)
    Uart4_Init                               0x08002185   Thumb Code   340  uart4.o(i.Uart4_Init)
    Uart4_Send                               0x080022f5   Thumb Code    64  uart4.o(i.Uart4_Send)
    UsageFault_Handler                       0x0800233d   Thumb Code     2  stm32f10x_it.o(i.UsageFault_Handler)
    Usart1_Init                              0x08002341   Thumb Code   332  bsp_uart.o(i.Usart1_Init)
    Usart2_Init                              0x080024a1   Thumb Code   346  usart2.o(i.Usart2_Init)
    Usart2_Send                              0x08002611   Thumb Code    98  usart2.o(i.Usart2_Send)
    Usart3_Send                              0x0800267d   Thumb Code    92  usart3.o(i.Usart3_Send)
    Wifi_task                                0x080026e1   Thumb Code   140  main.o(i.Wifi_task)
    _is_digit                                0x0800279d   Thumb Code    14  __printf_wp.o(i._is_digit)
    _sys_exit                                0x080027ab   Thumb Code     2  usart.o(i._sys_exit)
    delay_init                               0x080027ad   Thumb Code    60  delay.o(i.delay_init)
    delay_ms                                 0x080027f5   Thumb Code    52  delay.o(i.delay_ms)
    delay_us                                 0x0800282d   Thumb Code    48  delay.o(i.delay_us)
    fputc                                    0x08002861   Thumb Code    18  usart.o(i.fputc)
    main                                     0x08002879   Thumb Code    78  main.o(i.main)
    pvPortMalloc                             0x08003151   Thumb Code   214  heap_4.o(i.pvPortMalloc)
    pvTaskIncrementMutexHeldCount            0x08003265   Thumb Code    18  tasks.o(i.pvTaskIncrementMutexHeldCount)
    pxPortInitialiseStack                    0x0800327d   Thumb Code    32  port.o(i.pxPortInitialiseStack)
    sendRfidCmd_task                         0x080032a1   Thumb Code     6  main.o(i.sendRfidCmd_task)
    usart3_init                              0x080032a9   Thumb Code   342  usart3.o(i.usart3_init)
    uxListRemove                             0x08003415   Thumb Code    36  list.o(i.uxListRemove)
    vListInitialise                          0x08003439   Thumb Code    22  list.o(i.vListInitialise)
    vListInitialiseItem                      0x0800344f   Thumb Code     6  list.o(i.vListInitialiseItem)
    vListInsert                              0x08003455   Thumb Code    48  list.o(i.vListInsert)
    vListInsertEnd                           0x08003485   Thumb Code    24  list.o(i.vListInsertEnd)
    vPortEnterCritical                       0x0800349d   Thumb Code    50  port.o(i.vPortEnterCritical)
    vPortExitCritical                        0x08003515   Thumb Code    34  port.o(i.vPortExitCritical)
    vPortFree                                0x08003579   Thumb Code    94  heap_4.o(i.vPortFree)
    vPortSetupTimerInterrupt                 0x08003615   Thumb Code    26  port.o(i.vPortSetupTimerInterrupt)
    vPortValidateInterruptPriority           0x08003635   Thumb Code    70  port.o(i.vPortValidateInterruptPriority)
    vQueueAddToRegistry                      0x080036c1   Thumb Code    32  queue.o(i.vQueueAddToRegistry)
    vQueueWaitForMessageRestricted           0x080036e5   Thumb Code    68  queue.o(i.vQueueWaitForMessageRestricted)
    vTaskDelay                               0x08003729   Thumb Code    62  tasks.o(i.vTaskDelay)
    vTaskMissedYield                         0x08003795   Thumb Code     8  tasks.o(i.vTaskMissedYield)
    vTaskPlaceOnEventList                    0x080037a1   Thumb Code    44  tasks.o(i.vTaskPlaceOnEventList)
    vTaskPlaceOnEventListRestricted          0x080037f5   Thumb Code    52  tasks.o(i.vTaskPlaceOnEventListRestricted)
    vTaskPriorityInherit                     0x08003851   Thumb Code   124  tasks.o(i.vTaskPriorityInherit)
    vTaskSetTimeOutState                     0x080038d5   Thumb Code    30  tasks.o(i.vTaskSetTimeOutState)
    vTaskStartScheduler                      0x0800391d   Thumb Code    96  tasks.o(i.vTaskStartScheduler)
    vTaskSuspendAll                          0x080039b1   Thumb Code    10  tasks.o(i.vTaskSuspendAll)
    vTaskSwitchContext                       0x080039c1   Thumb Code    80  tasks.o(i.vTaskSwitchContext)
    xPortStartScheduler                      0x08003a3d   Thumb Code   108  port.o(i.xPortStartScheduler)
    xPortSysTickHandler                      0x08003ab5   Thumb Code    38  port.o(i.xPortSysTickHandler)
    xQueueCreateCountingSemaphore            0x08003ae1   Thumb Code    54  queue.o(i.xQueueCreateCountingSemaphore)
    xQueueCreateMutex                        0x08003b3d   Thumb Code    36  queue.o(i.xQueueCreateMutex)
    xQueueGenericCreate                      0x08003b61   Thumb Code    82  queue.o(i.xQueueGenericCreate)
    xQueueGenericReceive                     0x08003bd9   Thumb Code   348  queue.o(i.xQueueGenericReceive)
    xQueueGenericReset                       0x08003d5d   Thumb Code   128  queue.o(i.xQueueGenericReset)
    xQueueGenericSend                        0x08003e05   Thumb Code   350  queue.o(i.xQueueGenericSend)
    xQueueGenericSendFromISR                 0x08003f8d   Thumb Code   188  queue.o(i.xQueueGenericSendFromISR)
    xQueueGiveFromISR                        0x0800406d   Thumb Code   162  queue.o(i.xQueueGiveFromISR)
    xTaskCheckForTimeOut                     0x08004135   Thumb Code    94  tasks.o(i.xTaskCheckForTimeOut)
    xTaskCreate                              0x080041bd   Thumb Code    86  tasks.o(i.xTaskCreate)
    xTaskGetSchedulerState                   0x08004215   Thumb Code    22  tasks.o(i.xTaskGetSchedulerState)
    xTaskGetTickCount                        0x08004231   Thumb Code     6  tasks.o(i.xTaskGetTickCount)
    xTaskIncrementTick                       0x0800423d   Thumb Code   188  tasks.o(i.xTaskIncrementTick)
    xTaskPriorityDisinherit                  0x08004325   Thumb Code   136  tasks.o(i.xTaskPriorityDisinherit)
    xTaskRemoveFromEventList                 0x080043d9   Thumb Code   102  tasks.o(i.xTaskRemoveFromEventList)
    xTaskResumeAll                           0x08004471   Thumb Code   180  tasks.o(i.xTaskResumeAll)
    xTimerCreate                             0x08004555   Thumb Code    74  timers.o(i.xTimerCreate)
    xTimerCreateTimerTask                    0x080045c9   Thumb Code    58  timers.o(i.xTimerCreateTimerTask)
    xTimerGenericCommand                     0x0800463d   Thumb Code    98  timers.o(i.xTimerGenericCommand)
    Region$$Table$$Base                      0x08004708   Number         0  anon$$obj.o(Region$$Table)
    Region$$Table$$Limit                     0x08004728   Number         0  anon$$obj.o(Region$$Table)
    Wifi_Handler                             0x20000000   Data           4  main.o(.data)
    Lora_Handler                             0x20000004   Data           4  main.o(.data)
    sendRfidCmd_Handler                      0x20000008   Data           4  main.o(.data)
    Rfid_Handler                             0x2000000c   Data           4  main.o(.data)
    Key_Handler                              0x20000010   Data           4  main.o(.data)
    xMutex                                   0x20000014   Data           4  main.o(.data)
    xSemaphore_2                             0x20000018   Data           4  main.o(.data)
    xSemaphore_3                             0x2000001c   Data           4  main.o(.data)
    xSemaphore_4                             0x20000020   Data           4  main.o(.data)
    xSemaphore_5                             0x20000024   Data           4  main.o(.data)
    xSemaphore                               0x20000028   Data           4  main.o(.data)
    SystemCoreClock                          0x2000002c   Data           4  system_stm32f10x.o(.data)
    AHBPrescTable                            0x20000030   Data          16  system_stm32f10x.o(.data)
    __stdout                                 0x20000064   Data           4  usart.o(.data)
    pxCurrentTCB                             0x2000007c   Data           4  tasks.o(.data)
    Rx3Flag                                  0x200000f0   Data           1  rfid.o(.data)
    Cmd_Read_Id                              0x200000f1   Data           8  rfid.o(.data)
    Cmd_Read_Block                           0x200000f9   Data           8  rfid.o(.data)
    Cmd_Read_RFID                            0x20000101   Data           8  rfid.o(.data)
    Cmd_Write_Block                          0x20000109   Data          23  rfid.o(.data)
    MQTTSendErrorTimes                       0x20000120   Data           1  wifi.o(.data)
    LoRa_CFG                                 0x20000122   Data          10  lora.o(.data)
    Send_id                                  0x2000012c   Data          40  main.o(.bss)
    Uart1_Rx_Buffer                          0x20000154   Data         512  bsp_uart.o(.bss)
    Uart1_Rx_Fifo                            0x20000354   Data          12  bsp_uart.o(.bss)
    Uart4_Rx_Fifo                            0x20000360   Data          12  uart4.o(.bss)
    Uart4_Rx_Buffer1                         0x2000036c   Data         100  uart4.o(.bss)
    Usart2_Rx_Fifo                           0x200003d0   Data          12  usart2.o(.bss)
    Usart2_Rx_Buffer                         0x200003dc   Data        1024  usart2.o(.bss)
    Usart3_Rx_Buffer                         0x200007dc   Data        1024  usart3.o(.bss)
    Usart3_Rx_Fifo                           0x20000bdc   Data          12  usart3.o(.bss)
    xQueueRegistry                           0x20000be8   Data          64  queue.o(.bss)
    Uart3RxBuf                               0x20005f34   Data          30  rfid.o(.bss)
    Uart4_Rx_Buff                            0x20005f52   Data         256  wifi.o(.bss)
    __libspace_start                         0x20006054   Data          96  libspace.o(.bss)
    __temporary_stack_top$libspace           0x200060b4   Data           0  libspace.o(.bss)



==============================================================================

Memory Map of the image

  Image Entry point : 0x080002c1

  Load Region LR_1 (Base: 0x08000000, Size: 0x00004854, Max: 0xffffffff, ABSOLUTE, COMPRESSED[0x00004768])

    Execution Region ER_RO (Base: 0x08000000, Size: 0x00004728, Max: 0xffffffff, ABSOLUTE)

    Base Addr    Size         Type   Attr      Idx    E Section Name        Object

    0x08000000   0x00000130   Data   RO          638    RESET               startup_stm32f10x_hd.o
    0x08000130   0x00000008   Code   RO         3138  * !!!main             c_w.l(__main.o)
    0x08000138   0x00000034   Code   RO         3313    !!!scatter          c_w.l(__scatter.o)
    0x0800016c   0x0000005a   Code   RO         3311    !!dczerorl2         c_w.l(__dczerorl2.o)
    0x080001c6   0x00000002   PAD
    0x080001c8   0x0000001c   Code   RO         3315    !!handler_zi        c_w.l(__scatter_zi.o)
    0x080001e4   0x00000000   Code   RO         3121    .ARM.Collect$$_printf_percent$$00000000  c_w.l(_printf_percent.o)
    0x080001e4   0x00000006   Code   RO         3119    .ARM.Collect$$_printf_percent$$00000009  c_w.l(_printf_d.o)
    0x080001ea   0x00000006   Code   RO         3118    .ARM.Collect$$_printf_percent$$0000000C  c_w.l(_printf_x.o)
    0x080001f0   0x00000006   Code   RO         3116    .ARM.Collect$$_printf_percent$$00000013  c_w.l(_printf_c.o)
    0x080001f6   0x00000006   Code   RO         3117    .ARM.Collect$$_printf_percent$$00000014  c_w.l(_printf_s.o)
    0x080001fc   0x00000004   Code   RO         3153    .ARM.Collect$$_printf_percent$$00000017  c_w.l(_printf_percent_end.o)
    0x08000200   0x00000002   Code   RO         3186    .ARM.Collect$$libinit$$00000000  c_w.l(libinit.o)
    0x08000202   0x00000000   Code   RO         3193    .ARM.Collect$$libinit$$00000002  c_w.l(libinit2.o)
    0x08000202   0x00000000   Code   RO         3195    .ARM.Collect$$libinit$$00000004  c_w.l(libinit2.o)
    0x08000202   0x00000000   Code   RO         3198    .ARM.Collect$$libinit$$0000000A  c_w.l(libinit2.o)
    0x08000202   0x00000000   Code   RO         3200    .ARM.Collect$$libinit$$0000000C  c_w.l(libinit2.o)
    0x08000202   0x00000000   Code   RO         3202    .ARM.Collect$$libinit$$0000000E  c_w.l(libinit2.o)
    0x08000202   0x00000000   Code   RO         3205    .ARM.Collect$$libinit$$00000011  c_w.l(libinit2.o)
    0x08000202   0x00000000   Code   RO         3207    .ARM.Collect$$libinit$$00000013  c_w.l(libinit2.o)
    0x08000202   0x00000000   Code   RO         3209    .ARM.Collect$$libinit$$00000015  c_w.l(libinit2.o)
    0x08000202   0x00000000   Code   RO         3211    .ARM.Collect$$libinit$$00000017  c_w.l(libinit2.o)
    0x08000202   0x00000000   Code   RO         3213    .ARM.Collect$$libinit$$00000019  c_w.l(libinit2.o)
    0x08000202   0x00000000   Code   RO         3215    .ARM.Collect$$libinit$$0000001B  c_w.l(libinit2.o)
    0x08000202   0x00000000   Code   RO         3217    .ARM.Collect$$libinit$$0000001D  c_w.l(libinit2.o)
    0x08000202   0x00000000   Code   RO         3219    .ARM.Collect$$libinit$$0000001F  c_w.l(libinit2.o)
    0x08000202   0x00000000   Code   RO         3221    .ARM.Collect$$libinit$$00000021  c_w.l(libinit2.o)
    0x08000202   0x00000000   Code   RO         3223    .ARM.Collect$$libinit$$00000023  c_w.l(libinit2.o)
    0x08000202   0x00000000   Code   RO         3225    .ARM.Collect$$libinit$$00000025  c_w.l(libinit2.o)
    0x08000202   0x00000000   Code   RO         3229    .ARM.Collect$$libinit$$0000002C  c_w.l(libinit2.o)
    0x08000202   0x00000000   Code   RO         3231    .ARM.Collect$$libinit$$0000002E  c_w.l(libinit2.o)
    0x08000202   0x00000000   Code   RO         3233    .ARM.Collect$$libinit$$00000030  c_w.l(libinit2.o)
    0x08000202   0x00000000   Code   RO         3235    .ARM.Collect$$libinit$$00000032  c_w.l(libinit2.o)
    0x08000202   0x00000002   Code   RO         3236    .ARM.Collect$$libinit$$00000033  c_w.l(libinit2.o)
    0x08000204   0x00000002   Code   RO         3254    .ARM.Collect$$libshutdown$$00000000  c_w.l(libshutdown.o)
    0x08000206   0x00000000   Code   RO         3265    .ARM.Collect$$libshutdown$$00000003  c_w.l(libshutdown2.o)
    0x08000206   0x00000000   Code   RO         3268    .ARM.Collect$$libshutdown$$00000006  c_w.l(libshutdown2.o)
    0x08000206   0x00000000   Code   RO         3271    .ARM.Collect$$libshutdown$$00000009  c_w.l(libshutdown2.o)
    0x08000206   0x00000000   Code   RO         3273    .ARM.Collect$$libshutdown$$0000000B  c_w.l(libshutdown2.o)
    0x08000206   0x00000000   Code   RO         3276    .ARM.Collect$$libshutdown$$0000000E  c_w.l(libshutdown2.o)
    0x08000206   0x00000002   Code   RO         3277    .ARM.Collect$$libshutdown$$0000000F  c_w.l(libshutdown2.o)
    0x08000208   0x00000000   Code   RO         3142    .ARM.Collect$$rtentry$$00000000  c_w.l(__rtentry.o)
    0x08000208   0x00000000   Code   RO         3157    .ARM.Collect$$rtentry$$00000002  c_w.l(__rtentry2.o)
    0x08000208   0x00000006   Code   RO         3169    .ARM.Collect$$rtentry$$00000004  c_w.l(__rtentry4.o)
    0x0800020e   0x00000000   Code   RO         3159    .ARM.Collect$$rtentry$$00000009  c_w.l(__rtentry2.o)
    0x0800020e   0x00000004   Code   RO         3160    .ARM.Collect$$rtentry$$0000000A  c_w.l(__rtentry2.o)
    0x08000212   0x00000000   Code   RO         3162    .ARM.Collect$$rtentry$$0000000C  c_w.l(__rtentry2.o)
    0x08000212   0x00000008   Code   RO         3163    .ARM.Collect$$rtentry$$0000000D  c_w.l(__rtentry2.o)
    0x0800021a   0x00000002   Code   RO         3190    .ARM.Collect$$rtexit$$00000000  c_w.l(rtexit.o)
    0x0800021c   0x00000000   Code   RO         3238    .ARM.Collect$$rtexit$$00000002  c_w.l(rtexit2.o)
    0x0800021c   0x00000004   Code   RO         3239    .ARM.Collect$$rtexit$$00000003  c_w.l(rtexit2.o)
    0x08000220   0x00000006   Code   RO         3240    .ARM.Collect$$rtexit$$00000004  c_w.l(rtexit2.o)
    0x08000226   0x00000002   PAD
    0x08000228   0x00000096   Code   RO         2799    .emb_text           port.o
    0x080002be   0x00000002   PAD
    0x080002c0   0x00000040   Code   RO          639  * .text               startup_stm32f10x_hd.o
    0x08000300   0x00000002   Code   RO         3057    .text               c_w.l(use_no_semi_2.o)
    0x08000302   0x00000002   PAD
    0x08000304   0x00000018   Code   RO         3063    .text               c_w.l(noretval__2printf.o)
    0x0800031c   0x00000028   Code   RO         3065    .text               c_w.l(noretval__2sprintf.o)
    0x08000344   0x0000004e   Code   RO         3069    .text               c_w.l(_printf_pad.o)
    0x08000392   0x00000052   Code   RO         3071    .text               c_w.l(_printf_str.o)
    0x080003e4   0x00000078   Code   RO         3073    .text               c_w.l(_printf_dec.o)
    0x0800045c   0x00000058   Code   RO         3078    .text               c_w.l(_printf_hex_int.o)
    0x080004b4   0x00000138   Code   RO         3108    .text               c_w.l(__printf_flags_wp.o)
    0x080005ec   0x00000024   Code   RO         3122    .text               c_w.l(strstr.o)
    0x08000610   0x0000003e   Code   RO         3126    .text               c_w.l(strlen.o)
    0x0800064e   0x0000008a   Code   RO         3128    .text               c_w.l(rt_memcpy_v6.o)
    0x080006d8   0x00000010   Code   RO         3130    .text               c_w.l(aeabi_memset.o)
    0x080006e8   0x00000044   Code   RO         3132    .text               c_w.l(rt_memclr.o)
    0x0800072c   0x0000004e   Code   RO         3134    .text               c_w.l(rt_memclr_w.o)
    0x0800077a   0x00000006   Code   RO         3136    .text               c_w.l(heapauxi.o)
    0x08000780   0x00000002   Code   RO         3140    .text               c_w.l(use_no_semi.o)
    0x08000782   0x000000b2   Code   RO         3143    .text               c_w.l(_printf_intcommon.o)
    0x08000834   0x00000030   Code   RO         3145    .text               c_w.l(_printf_char_common.o)
    0x08000864   0x0000000a   Code   RO         3147    .text               c_w.l(_sputc.o)
    0x0800086e   0x0000002c   Code   RO         3149    .text               c_w.l(_printf_char.o)
    0x0800089a   0x00000002   PAD
    0x0800089c   0x00000024   Code   RO         3151    .text               c_w.l(_printf_char_file.o)
    0x080008c0   0x00000064   Code   RO         3154    .text               c_w.l(rt_memcpy_w.o)
    0x08000924   0x00000008   Code   RO         3173    .text               c_w.l(ferror.o)
    0x0800092c   0x0000004a   Code   RO         3177    .text               c_w.l(sys_stackheap_outer.o)
    0x08000976   0x0000000c   Code   RO         3179    .text               c_w.l(exit.o)
    0x08000982   0x00000002   PAD
    0x08000984   0x00000008   Code   RO         3187    .text               c_w.l(libspace.o)
    0x0800098c   0x00000002   Code   RO          224    i.BusFault_Handler  stm32f10x_it.o
    0x0800098e   0x00000002   PAD
    0x08000990   0x00000120   Code   RO         2956    i.Connect_MQTT      wifi.o
    0x08000ab0   0x00000018   Code   RO         1850    i.DMA_ClearFlag     stm32f10x_dma.o
    0x08000ac8   0x00000016   Code   RO         1852    i.DMA_Cmd           stm32f10x_dma.o
    0x08000ade   0x00000002   PAD
    0x08000ae0   0x000000e4   Code   RO         1853    i.DMA_DeInit        stm32f10x_dma.o
    0x08000bc4   0x00000006   Code   RO         1854    i.DMA_GetCurrDataCounter  stm32f10x_dma.o
    0x08000bca   0x0000003a   Code   RO         1858    i.DMA_Init          stm32f10x_dma.o
    0x08000c04   0x00000002   Code   RO          225    i.DebugMon_Handler  stm32f10x_it.o
    0x08000c06   0x00000002   PAD
    0x08000c08   0x00000188   Code   RO         2957    i.ESP8266_Connect_IP  wifi.o
    0x08000d90   0x000000b0   Code   RO         2958    i.ESP8266_Connect_WIFI  wifi.o
    0x08000e40   0x00000160   Code   RO         2959    i.ESP8266_MQTT_Pub  wifi.o
    0x08000fa0   0x000000b4   Code   RO         2960    i.ESP8266_MQTT_SUB  wifi.o
    0x08001054   0x00000080   Code   RO         2961    i.ESP8266_SetStation  wifi.o
    0x080010d4   0x00000050   Code   RO          324    i.Fifo_Get          app_fifo.o
    0x08001124   0x0000000c   Code   RO          325    i.Fifo_Init         app_fifo.o
    0x08001130   0x0000009c   Code   RO          685    i.GPIO_Init         stm32f10x_gpio.o
    0x080011cc   0x00000058   Code   RO          687    i.GPIO_PinRemapConfig  stm32f10x_gpio.o
    0x08001224   0x0000000e   Code   RO          689    i.GPIO_ReadInputDataBit  stm32f10x_gpio.o
    0x08001232   0x00000004   Code   RO          692    i.GPIO_ResetBits    stm32f10x_gpio.o
    0x08001236   0x00000004   Code   RO          693    i.GPIO_SetBits      stm32f10x_gpio.o
    0x0800123a   0x00000002   Code   RO          226    i.HardFault_Handler  stm32f10x_it.o
    0x0800123c   0x000000c4   Code   RO            1    i.Key_task          main.o
    0x08001300   0x00000144   Code   RO         3021    i.LoRa_Init         lora.o
    0x08001444   0x00000390   Code   RO         3022    i.LoRa_Set          lora.o
    0x080017d4   0x000000d8   Code   RO            2    i.Lora_task         main.o
    0x080018ac   0x00000002   Code   RO          227    i.MemManage_Handler  stm32f10x_it.o
    0x080018ae   0x00000002   Code   RO          228    i.NMI_Handler       stm32f10x_it.o
    0x080018b0   0x00000064   Code   RO          643    i.NVIC_Init         misc.o
    0x08001914   0x00000014   Code   RO          644    i.NVIC_PriorityGroupConfig  misc.o
    0x08001928   0x00000018   Code   RO          818    i.RCC_AHBPeriphClockCmd  stm32f10x_rcc.o
    0x08001940   0x00000018   Code   RO          819    i.RCC_APB1PeriphClockCmd  stm32f10x_rcc.o
    0x08001958   0x00000018   Code   RO          820    i.RCC_APB1PeriphResetCmd  stm32f10x_rcc.o
    0x08001970   0x00000018   Code   RO          821    i.RCC_APB2PeriphClockCmd  stm32f10x_rcc.o
    0x08001988   0x00000018   Code   RO          822    i.RCC_APB2PeriphResetCmd  stm32f10x_rcc.o
    0x080019a0   0x00000094   Code   RO          829    i.RCC_GetClocksFreq  stm32f10x_rcc.o
    0x08001a34   0x00000020   Code   RO         2877    i.RFID_CMD          rfid.o
    0x08001a54   0x000000a4   Code   RO         2880    i.ReadId            rfid.o
    0x08001af8   0x0000006c   Code   RO            3    i.Rfid_task         main.o
    0x08001b64   0x00000024   Code   RO         2962    i.Send_AtCmd        wifi.o
    0x08001b88   0x000000a8   Code   RO          295    i.SetSysClockTo72   system_stm32f10x.o
    0x08001c30   0x00000018   Code   RO          647    i.SysTick_CLKSourceConfig  misc.o
    0x08001c48   0x00000014   Code   RO          531    i.SysTick_Handler   delay.o
    0x08001c5c   0x00000050   Code   RO          297    i.SystemInit        system_stm32f10x.o
    0x08001cac   0x0000003c   Code   RO          393    i.TIM3_IRQHandler   timer.o
    0x08001ce8   0x0000003c   Code   RO          395    i.TIM5_IRQHandler   timer.o
    0x08001d24   0x00000006   Code   RO         1206    i.TIM_ClearITPendingBit  stm32f10x_tim.o
    0x08001d2a   0x00000018   Code   RO         1232    i.TIM_GetITStatus   stm32f10x_tim.o
    0x08001d42   0x00000020   Code   RO         2883    i.TxCheckSum        rfid.o
    0x08001d62   0x00000002   PAD
    0x08001d64   0x000000b0   Code   RO          426    i.UART4_IRQHandler  uart4.o
    0x08001e14   0x0000008c   Code   RO          354    i.USART1_IRQHandler  bsp_uart.o
    0x08001ea0   0x0000008c   Code   RO          470    i.USART2_IRQHandler  usart2.o
    0x08001f2c   0x00000098   Code   RO          502    i.USART3_IRQHandler  usart3.o
    0x08001fc4   0x0000000c   Code   RO         1018    i.USART_ClearITPendingBit  stm32f10x_usart.o
    0x08001fd0   0x00000014   Code   RO         1021    i.USART_Cmd         stm32f10x_usart.o
    0x08001fe4   0x00000010   Code   RO         1022    i.USART_DMACmd      stm32f10x_usart.o
    0x08001ff4   0x00000074   Code   RO         1023    i.USART_DeInit      stm32f10x_usart.o
    0x08002068   0x0000003e   Code   RO         1025    i.USART_GetITStatus  stm32f10x_usart.o
    0x080020a6   0x00000030   Code   RO         1027    i.USART_ITConfig    stm32f10x_usart.o
    0x080020d6   0x00000002   PAD
    0x080020d8   0x000000ac   Code   RO         1028    i.USART_Init        stm32f10x_usart.o
    0x08002184   0x00000170   Code   RO          427    i.Uart4_Init        uart4.o
    0x080022f4   0x00000048   Code   RO          428    i.Uart4_Send        uart4.o
    0x0800233c   0x00000002   Code   RO          229    i.UsageFault_Handler  stm32f10x_it.o
    0x0800233e   0x00000002   PAD
    0x08002340   0x00000160   Code   RO          355    i.Usart1_Init       bsp_uart.o
    0x080024a0   0x00000170   Code   RO          471    i.Usart2_Init       usart2.o
    0x08002610   0x0000006c   Code   RO          472    i.Usart2_Send       usart2.o
    0x0800267c   0x00000064   Code   RO          503    i.Usart3_Send       usart3.o
    0x080026e0   0x000000bc   Code   RO            4    i.Wifi_task         main.o
    0x0800279c   0x0000000e   Code   RO         3106    i._is_digit         c_w.l(__printf_wp.o)
    0x080027aa   0x00000002   Code   RO          598    i._sys_exit         usart.o
    0x080027ac   0x00000048   Code   RO          532    i.delay_init        delay.o
    0x080027f4   0x00000038   Code   RO          533    i.delay_ms          delay.o
    0x0800282c   0x00000034   Code   RO          534    i.delay_us          delay.o
    0x08002860   0x00000018   Code   RO          599    i.fputc             usart.o
    0x08002878   0x00000074   Code   RO            5    i.main              main.o
    0x080028ec   0x00000070   Code   RO         2285    i.prvAddCurrentTaskToDelayedList  tasks.o
    0x0800295c   0x000000d0   Code   RO         2286    i.prvAddNewTaskToReadyList  tasks.o
    0x08002a2c   0x00000050   Code   RO         2630    i.prvCheckForValidListAndQueue  timers.o
    0x08002a7c   0x00000054   Code   RO         2287    i.prvCheckTasksWaitingTermination  tasks.o
    0x08002ad0   0x00000026   Code   RO         2067    i.prvCopyDataFromQueue  queue.o
    0x08002af6   0x0000006c   Code   RO         2068    i.prvCopyDataToQueue  queue.o
    0x08002b62   0x00000014   Code   RO         2288    i.prvDeleteTCB      tasks.o
    0x08002b76   0x00000002   PAD
    0x08002b78   0x0000004c   Code   RO         2750    i.prvHeapInit       heap_4.o
    0x08002bc4   0x00000028   Code   RO         2289    i.prvIdleTask       tasks.o
    0x08002bec   0x000000c0   Code   RO         2290    i.prvInitialiseNewTask  tasks.o
    0x08002cac   0x0000004c   Code   RO         2751    i.prvInsertBlockIntoFreeList  heap_4.o
    0x08002cf8   0x00000038   Code   RO         2631    i.prvInsertTimerInActiveList  timers.o
    0x08002d30   0x0000001a   Code   RO         2069    i.prvIsQueueEmpty   queue.o
    0x08002d4a   0x00000002   PAD
    0x08002d4c   0x00000090   Code   RO         2070    i.prvNotifyQueueSetContainer  queue.o
    0x08002ddc   0x00000060   Code   RO         2632    i.prvProcessExpiredTimer  timers.o
    0x08002e3c   0x000000f0   Code   RO         2633    i.prvProcessReceivedCommands  timers.o
    0x08002f2c   0x0000006c   Code   RO         2634    i.prvProcessTimerOrBlockTask  timers.o
    0x08002f98   0x00000020   Code   RO         2292    i.prvResetNextTaskUnblockTime  tasks.o
    0x08002fb8   0x00000028   Code   RO         2635    i.prvSampleTimeNow  timers.o
    0x08002fe0   0x0000006c   Code   RO         2636    i.prvSwitchTimerLists  timers.o
    0x0800304c   0x00000064   Code   RO         2800    i.prvTaskExitError  port.o
    0x080030b0   0x00000028   Code   RO         2637    i.prvTimerTask      timers.o
    0x080030d8   0x00000078   Code   RO         2071    i.prvUnlockQueue    queue.o
    0x08003150   0x00000114   Code   RO         2752    i.pvPortMalloc      heap_4.o
    0x08003264   0x00000018   Code   RO         2294    i.pvTaskIncrementMutexHeldCount  tasks.o
    0x0800327c   0x00000024   Code   RO         2801    i.pxPortInitialiseStack  port.o
    0x080032a0   0x00000006   Code   RO            6    i.sendRfidCmd_task  main.o
    0x080032a6   0x00000002   PAD
    0x080032a8   0x0000016c   Code   RO          504    i.usart3_init       usart3.o
    0x08003414   0x00000024   Code   RO         2030    i.uxListRemove      list.o
    0x08003438   0x00000016   Code   RO         2031    i.vListInitialise   list.o
    0x0800344e   0x00000006   Code   RO         2032    i.vListInitialiseItem  list.o
    0x08003454   0x00000030   Code   RO         2033    i.vListInsert       list.o
    0x08003484   0x00000018   Code   RO         2034    i.vListInsertEnd    list.o
    0x0800349c   0x00000078   Code   RO         2803    i.vPortEnterCritical  port.o
    0x08003514   0x00000064   Code   RO         2804    i.vPortExitCritical  port.o
    0x08003578   0x0000009c   Code   RO         2753    i.vPortFree         heap_4.o
    0x08003614   0x00000020   Code   RO         2805    i.vPortSetupTimerInterrupt  port.o
    0x08003634   0x0000008c   Code   RO         2806    i.vPortValidateInterruptPriority  port.o
    0x080036c0   0x00000024   Code   RO         2077    i.vQueueAddToRegistry  queue.o
    0x080036e4   0x00000044   Code   RO         2081    i.vQueueWaitForMessageRestricted  queue.o
    0x08003728   0x0000006c   Code   RO         2302    i.vTaskDelay        tasks.o
    0x08003794   0x0000000c   Code   RO         2308    i.vTaskMissedYield  tasks.o
    0x080037a0   0x00000054   Code   RO         2310    i.vTaskPlaceOnEventList  tasks.o
    0x080037f4   0x0000005c   Code   RO         2311    i.vTaskPlaceOnEventListRestricted  tasks.o
    0x08003850   0x00000084   Code   RO         2313    i.vTaskPriorityInherit  tasks.o
    0x080038d4   0x00000048   Code   RO         2317    i.vTaskSetTimeOutState  tasks.o
    0x0800391c   0x00000094   Code   RO         2318    i.vTaskStartScheduler  tasks.o
    0x080039b0   0x00000010   Code   RO         2320    i.vTaskSuspendAll   tasks.o
    0x080039c0   0x0000007c   Code   RO         2321    i.vTaskSwitchContext  tasks.o
    0x08003a3c   0x00000078   Code   RO         2807    i.xPortStartScheduler  port.o
    0x08003ab4   0x0000002c   Code   RO         2808    i.xPortSysTickHandler  port.o
    0x08003ae0   0x0000005c   Code   RO         2083    i.xQueueCreateCountingSemaphore  queue.o
    0x08003b3c   0x00000024   Code   RO         2084    i.xQueueCreateMutex  queue.o
    0x08003b60   0x00000078   Code   RO         2086    i.xQueueGenericCreate  queue.o
    0x08003bd8   0x00000184   Code   RO         2087    i.xQueueGenericReceive  queue.o
    0x08003d5c   0x000000a8   Code   RO         2088    i.xQueueGenericReset  queue.o
    0x08003e04   0x00000188   Code   RO         2089    i.xQueueGenericSend  queue.o
    0x08003f8c   0x000000e0   Code   RO         2090    i.xQueueGenericSendFromISR  queue.o
    0x0800406c   0x000000c8   Code   RO         2091    i.xQueueGiveFromISR  queue.o
    0x08004134   0x00000088   Code   RO         2322    i.xTaskCheckForTimeOut  tasks.o
    0x080041bc   0x00000056   Code   RO         2323    i.xTaskCreate       tasks.o
    0x08004212   0x00000002   PAD
    0x08004214   0x0000001c   Code   RO         2327    i.xTaskGetSchedulerState  tasks.o
    0x08004230   0x0000000c   Code   RO         2328    i.xTaskGetTickCount  tasks.o
    0x0800423c   0x000000e8   Code   RO         2330    i.xTaskIncrementTick  tasks.o
    0x08004324   0x000000b4   Code   RO         2333    i.xTaskPriorityDisinherit  tasks.o
    0x080043d8   0x00000098   Code   RO         2334    i.xTaskRemoveFromEventList  tasks.o
    0x08004470   0x000000e4   Code   RO         2336    i.xTaskResumeAll    tasks.o
    0x08004554   0x00000074   Code   RO         2640    i.xTimerCreate      timers.o
    0x080045c8   0x00000074   Code   RO         2641    i.xTimerCreateTimerTask  timers.o
    0x0800463c   0x00000090   Code   RO         2642    i.xTimerGenericCommand  timers.o
    0x080046cc   0x00000028   Data   RO         3079    .constdata          c_w.l(_printf_hex_int.o)
    0x080046f4   0x00000011   Data   RO         3109    .constdata          c_w.l(__printf_flags_wp.o)
    0x08004705   0x00000003   PAD
    0x08004708   0x00000020   Data   RO         3309    Region$$Table       anon$$obj.o


    Execution Region ER_RW (Base: 0x20000000, Size: 0x0000012c, Max: 0xffffffff, ABSOLUTE, COMPRESSED[0x00000040])

    Base Addr    Size         Type   Attr      Idx    E Section Name        Object

    0x20000000   0x00000028   Data   RW            8    .data               main.o
    0x20000028   0x00000004   Data   RW            9    .data               main.o
    0x2000002c   0x00000014   Data   RW          298    .data               system_stm32f10x.o
    0x20000040   0x00000008   Data   RW          358    .data               bsp_uart.o
    0x20000048   0x00000004   Data   RW          430    .data               uart4.o
    0x2000004c   0x00000008   Data   RW          474    .data               usart2.o
    0x20000054   0x0000000c   Data   RW          506    .data               usart3.o
    0x20000060   0x00000004   Data   RW          536    .data               delay.o
    0x20000064   0x00000004   Data   RW          600    .data               usart.o
    0x20000068   0x00000014   Data   RW          849    .data               stm32f10x_rcc.o
    0x2000007c   0x0000003c   Data   RW         2339    .data               tasks.o
    0x200000b8   0x00000014   Data   RW         2650    .data               timers.o
    0x200000cc   0x00000018   Data   RW         2758    .data               heap_4.o
    0x200000e4   0x0000000c   Data   RW         2809    .data               port.o
    0x200000f0   0x00000030   Data   RW         2890    .data               rfid.o
    0x20000120   0x00000001   Data   RW         2964    .data               wifi.o
    0x20000121   0x00000001   PAD
    0x20000122   0x0000000a   Data   RW         3023    .data               lora.o


    Execution Region ER_ZI (Base: 0x2000012c, Size: 0x0000658c, Max: 0xffffffff, ABSOLUTE)

    Base Addr    Size         Type   Attr      Idx    E Section Name        Object

    0x2000012c   0x00000028   Zero   RW            7    .bss                main.o
    0x20000154   0x0000020c   Zero   RW          357    .bss                bsp_uart.o
    0x20000360   0x00000070   Zero   RW          429    .bss                uart4.o
    0x200003d0   0x0000040c   Zero   RW          473    .bss                usart2.o
    0x200007dc   0x0000040c   Zero   RW          505    .bss                usart3.o
    0x20000be8   0x00000040   Zero   RW         2101    .bss                queue.o
    0x20000c28   0x000002e4   Zero   RW         2338    .bss                tasks.o
    0x20000f0c   0x00000028   Zero   RW         2649    .bss                timers.o
    0x20000f34   0x00005000   Zero   RW         2757    .bss                heap_4.o
    0x20005f34   0x0000001e   Zero   RW         2887    .bss                rfid.o
    0x20005f52   0x00000100   Zero   RW         2963    .bss                wifi.o
    0x20006052   0x00000002   PAD
    0x20006054   0x00000060   Zero   RW         3188    .bss                c_w.l(libspace.o)
    0x200060b4   0x00000004   PAD
    0x200060b8   0x00000200   Zero   RW          637    HEAP                startup_stm32f10x_hd.o
    0x200062b8   0x00000400   Zero   RW          636    STACK               startup_stm32f10x_hd.o


==============================================================================

Image component sizes


      Code (inc. data)   RO Data    RW Data    ZI Data      Debug   Object Name

        92          0          0          0          0       1195   app_fifo.o
       492         40          0          8        524       2027   bsp_uart.o
       200         20          0          4          0       2141   delay.o
         0          0          0          0          0       1476   event_groups.o
       584        138          0         24      20480       3503   heap_4.o
       136          0          0          0          0       2674   list.o
      1236        296          0         10          0       1926   lora.o
       830        212          0         44         40     285263   main.o
       144         16          0          0          0       1853   misc.o
       842        312          0         12          0       9697   port.o
      2160        312          0          0         64      12749   queue.o
       228         26          0         48         30       3079   rfid.o
        64         26        304          0       1536        776   startup_stm32f10x_hd.o
       338         18          0          0          0       4215   stm32f10x_dma.o
       266          6          0          0          0       3866   stm32f10x_gpio.o
        12          0          0          0          0       2313   stm32f10x_it.o
       268         46          0         20          0       5768   stm32f10x_rcc.o
        30          0          0          0          0       2377   stm32f10x_tim.o
       446         26          0          0          0       5606   stm32f10x_usart.o
         0          0          0          0          0         32   sys.o
       248         24          0         20          0       1617   system_stm32f10x.o
      2554        618          0         60        740      26037   tasks.o
       120         52          0          0          0        924   timer.o
      1144        260          0         20         40       8222   timers.o
       616         62          0          4        112      11038   uart4.o
        26          6          0          4          0       2598   usart.o
       616         52          0          8       1036       2713   usart2.o
       616         50          0         12       1036       2769   usart3.o
      1552        576          0          1        256       5669   wifi.o

    ----------------------------------------------------------------------
     15882       3194        336        300      25896     414123   Object Totals
         0          0         32          0          0          0   (incl. Generated)
        22          0          0          1          2          0   (incl. Padding)

    ----------------------------------------------------------------------

      Code (inc. data)   RO Data    RW Data    ZI Data      Debug   Library Member Name

        90          0          0          0          0          0   __dczerorl2.o
         8          0          0          0          0         68   __main.o
       312          4         17          0          0         92   __printf_flags_wp.o
        14          0          0          0          0         68   __printf_wp.o
         0          0          0          0          0          0   __rtentry.o
        12          0          0          0          0          0   __rtentry2.o
         6          0          0          0          0          0   __rtentry4.o
        52          8          0          0          0          0   __scatter.o
        28          0          0          0          0          0   __scatter_zi.o
         6          0          0          0          0          0   _printf_c.o
        44          0          0          0          0        108   _printf_char.o
        48          6          0          0          0         96   _printf_char_common.o
        36          4          0          0          0         80   _printf_char_file.o
         6          0          0          0          0          0   _printf_d.o
       120         16          0          0          0         92   _printf_dec.o
        88          4         40          0          0         88   _printf_hex_int.o
       178          0          0          0          0         88   _printf_intcommon.o
        78          0          0          0          0        108   _printf_pad.o
         0          0          0          0          0          0   _printf_percent.o
         4          0          0          0          0          0   _printf_percent_end.o
         6          0          0          0          0          0   _printf_s.o
        82          0          0          0          0         80   _printf_str.o
         6          0          0          0          0          0   _printf_x.o
        10          0          0          0          0         68   _sputc.o
        16          0          0          0          0         68   aeabi_memset.o
        12          0          0          0          0         72   exit.o
         8          0          0          0          0         68   ferror.o
         6          0          0          0          0        152   heapauxi.o
         2          0          0          0          0          0   libinit.o
         2          0          0          0          0          0   libinit2.o
         2          0          0          0          0          0   libshutdown.o
         2          0          0          0          0          0   libshutdown2.o
         8          4          0          0         96         68   libspace.o
        24          4          0          0          0         84   noretval__2printf.o
        40          6          0          0          0         84   noretval__2sprintf.o
        68          0          0          0          0         68   rt_memclr.o
        78          0          0          0          0         80   rt_memclr_w.o
       138          0          0          0          0         68   rt_memcpy_v6.o
       100          0          0          0          0         80   rt_memcpy_w.o
         2          0          0          0          0          0   rtexit.o
        10          0          0          0          0          0   rtexit2.o
        62          0          0          0          0         76   strlen.o
        36          0          0          0          0         80   strstr.o
        74          0          0          0          0         80   sys_stackheap_outer.o
         2          0          0          0          0         68   use_no_semi.o
         2          0          0          0          0         68   use_no_semi_2.o

    ----------------------------------------------------------------------
      1938         56         60          0        100       2300   Library Totals
        10          0          3          0          4          0   (incl. Padding)

    ----------------------------------------------------------------------

      Code (inc. data)   RO Data    RW Data    ZI Data      Debug   Library Name

      1928         56         57          0         96       2300   c_w.l

    ----------------------------------------------------------------------
      1938         56         60          0        100       2300   Library Totals

    ----------------------------------------------------------------------

==============================================================================


      Code (inc. data)   RO Data    RW Data    ZI Data      Debug   

     17820       3250        396        300      25996     407943   Grand Totals
     17820       3250        396         64      25996     407943   ELF Image Totals (compressed)
     17820       3250        396         64          0          0   ROM Totals

==============================================================================

    Total RO  Size (Code + RO Data)                18216 (  17.79kB)
    Total RW  Size (RW Data + ZI Data)             26296 (  25.68kB)
    Total ROM Size (Code + RO Data + RW Data)      18280 (  17.85kB)

==============================================================================

